
> frontend@0.0.0 test
> vitest --coverage --run


[1m[46m RUN [49m[22m [36mv4.0.14 [39m[90mC:/Users/josed/Documents/QR-FARM/frontend[39m
      [2mCoverage enabled with [22m[33mv8[39m

node.exe : Cannot parse C:/Users/josed/Documents/QR-FARM/frontend/src/views/use
r/GestionarPotrerosUsuario.spec.js:
En línea: 1 Carácter: 1
+ & "C:\Program Files\nodejs/node.exe" "C:\Program Files\nodejs/node_mo ...
+ ~~~~~~~~~~~~~~~~~~~~~~~~~~~~~~~~~~~~~~~~~~~~~~~~~~~~~~~~~~~~~~~~~~~~~
    + CategoryInfo          : NotSpecified: (Cannot parse C:...suario.spec.js: 
   :String) [], RemoteException
    + FullyQualifiedErrorId : NativeCommandError
 
await isn't allowed in non-async function.
[90mstderr[2m | src/composables/useFetchData.spec.js[2m > 
[22m[2museFetchData[2m > [22m[2mInitialization[2m > [22m[2mshould 
initialize with default values
[22m[39m[Vue warn]: onUnmounted is called when there is no active component 
instance to be associated with. Lifecycle injection APIs can only be used 
during execution of setup(). If you are using async setup(), make sure to 
register lifecycle hooks before the first await statement.

[90mstderr[2m | src/composables/useFetchData.spec.js[2m > 
[22m[2museFetchData[2m > [22m[2mInitialization[2m > [22m[2mshould have 
required methods
[22m[39m[Vue warn]: onUnmounted is called when there is no active component 
instance to be associated with. Lifecycle injection APIs can only be used 
during execution of setup(). If you are using async setup(), make sure to 
register lifecycle hooks before the first await statement.

[90mstderr[2m | src/composables/useFetchData.spec.js[2m > 
[22m[2museFetchData[2m > [22m[2mloadData Method[2m > [22m[2mshould 
load data successfully
[22m[39m[Vue warn]: onUnmounted is called when there is no active component 
instance to be associated with. Lifecycle injection APIs can only be used 
during execution of setup(). If you are using async setup(), make sure to 
register lifecycle hooks before the first await statement.

[90mstderr[2m | src/composables/useFetchData.spec.js[2m > 
[22m[2museFetchData[2m > [22m[2mloadData Method[2m > [22m[2mshould 
handle errors
[22m[39m[Vue warn]: onUnmounted is called when there is no active component 
instance to be associated with. Lifecycle injection APIs can only be used 
during execution of setup(). If you are using async setup(), make sure to 
register lifecycle hooks before the first await statement.

[90mstderr[2m | src/views/admin/GestionarTenants.spec.js[2m > 
[22m[2mGestionarTenants.vue[2m > [22m[2mComponent Mounting[2m > 
[22m[2mshould mount correctly
[22m[39m[Vue Router warn]: No match found for location with path ""

[90mstderr[2m | src/views/admin/GestionarTenants.spec.js[2m > 
[22m[2mGestionarTenants.vue[2m > [22m[2mComponent Mounting[2m > 
[22m[2mshould render title
[22m[39m[Vue Router warn]: No match found for location with path ""

 [31mÔØ»[39m src/views/admin/ReportesAdmin.spec.js [2m([22m[2m10 tests[22m[2m | [22m[31m4 failed[39m[2m)[22m[32m 153[2mms[22m[39m
       [32mÔ£ô[39m should mount correctly[32m 43[2mms[22m[39m
       [32mÔ£ô[39m should render the title[32m 4[2mms[22m[39m
       [32mÔ£ô[39m should render the subtitle[32m 6[2mms[22m[39m
       [32mÔ£ô[39m should show loading spinner when loading is true[32m 27[2mms[22m[39m
[31m       [31m├ù[31m should show error message when error exists[39m[32m 30[2mms[22m[39m
[31m       [31m├ù[31m should display summary cards when resumen exists[39m[32m 8[2mms[22m[39m
[31m       [31m├ù[31m should display card totals[39m[32m 6[2mms[22m[39m
       [32mÔ£ô[39m should display download button[32m 7[2mms[22m[39m
       [32mÔ£ô[39m should disable download button when descargando[32m 13[2mms[22m[39m
[31m       [31m├ù[31m should call descargarReporte when button is clicked[39m[32m 7[2mms[22m[39m
[90mstderr[2m | src/views/admin/GestionarTenants.spec.js[2m > 
[22m[2mGestionarTenants.vue[2m > [22m[2mComponent Mounting[2m > 
[22m[2mshould have create tenant button
[22m[39m[Vue Router warn]: No match found for location with path ""

[90mstderr[2m | src/views/admin/GestionarTenants.spec.js[2m > 
[22m[2mGestionarTenants.vue[2m > [22m[2mComponent Mounting[2m > 
[22m[2mshould call cargarTenants on mount with activosOnly=true
[22m[39m[Vue Router warn]: No match found for location with path ""

[90mstderr[2m | src/views/admin/GestionarTenants.spec.js[2m > 
[22m[2mGestionarTenants.vue[2m > [22m[2mLoading States[2m > 
[22m[2mshould show loading spinner when loading is true
[22m[39m[Vue Router warn]: No match found for location with path ""

[90mstderr[2m | src/views/admin/GestionarTenants.spec.js[2m > 
[22m[2mGestionarTenants.vue[2m > [22m[2mLoading States[2m > 
[22m[2mshould show error message when error exists
[22m[39m[Vue Router warn]: No match found for location with path ""

[90mstderr[2m | src/views/admin/GestionarTenants.spec.js[2m > 
[22m[2mGestionarTenants.vue[2m > [22m[2mEmpty States[2m > 
[22m[2mshould show empty state when no tenants and mostrarInactivos is false
[22m[39m[Vue Router warn]: No match found for location with path ""

[90mstderr[2m | src/views/admin/GestionarTenants.spec.js[2m > 
[22m[2mGestionarTenants.vue[2m > [22m[2mEmpty States[2m > 
[22m[2mshould show empty state when no tenants and mostrarInactivos is true
[22m[39m[Vue Router warn]: No match found for location with path ""

[90mstderr[2m | src/views/admin/GestionarTenants.spec.js[2m > 
[22m[2mGestionarTenants.vue[2m > [22m[2mTenant List Display[2m > 
[22m[2mshould render tenant table when tenants exist
[22m[39m[Vue Router warn]: No match found for location with path ""

[90mstderr[2m | src/views/admin/GestionarTenants.spec.js[2m > 
[22m[2mGestionarTenants.vue[2m > [22m[2mTenant List Display[2m > 
[22m[2mshould display tenant details correctly
[22m[39m[Vue Router warn]: No match found for location with path ""

[90mstderr[2m | src/views/admin/GestionarTenants.spec.js[2m > 
[22m[2mGestionarTenants.vue[2m > [22m[2mTenant List Display[2m > 
[22m[2mshould show active badge for active tenant
[22m[39m[Vue Router warn]: No match found for location with path ""

[90mstderr[2m | src/views/admin/GestionarTenants.spec.js[2m > 
[22m[2mGestionarTenants.vue[2m > [22m[2mTenant List Display[2m > 
[22m[2mshould show secondary badge for inactive tenant
[22m[39m[Vue Router warn]: No match found for location with path ""

[90mstderr[2m | src/views/admin/GestionarTenants.spec.js[2m > 
[22m[2mGestionarTenants.vue[2m > [22m[2mTenant List Display[2m > 
[22m[2mshould format fecha_creacion correctly
[22m[39m[Vue Router warn]: No match found for location with path ""

[90mstderr[2m | src/views/admin/GestionarTenants.spec.js[2m > 
[22m[2mGestionarTenants.vue[2m > [22m[2mTenant List Display[2m > 
[22m[2mshould return "-" for null fecha_creacion
[22m[39m[Vue Router warn]: No match found for location with path ""

[90mstderr[2m | src/views/admin/GestionarTenants.spec.js[2m > 
[22m[2mGestionarTenants.vue[2m > [22m[2mTenant List Display[2m > 
[22m[2mshould return "-" for undefined fecha_creacion
[22m[39m[Vue Router warn]: No match found for location with path ""

[90mstderr[2m | src/views/admin/GestionarTenants.spec.js[2m > 
[22m[2mGestionarTenants.vue[2m > [22m[2mModal Management[2m > 
[22m[2mshould open add modal when create button is clicked
[22m[39m[Vue Router warn]: No match found for location with path ""

[90mstderr[2m | src/views/admin/GestionarTenants.spec.js[2m > 
[22m[2mGestionarTenants.vue[2m > [22m[2mModal Management[2m > 
[22m[2mshould open edit modal when edit button is clicked
[22m[39m[Vue Router warn]: No match found for location with path ""

 [32mÔ£ô[39m src/views/admin/GestionarAnimalesAdmin.spec.js [2m([22m[2m31 tests[22m[2m)[22m[33m 1068[2mms[22m[39m
[90mstderr[2m | src/views/admin/GestionarTenants.spec.js[2m > 
[22m[2mGestionarTenants.vue[2m > [22m[2mModal Management[2m > 
[22m[2mshould close modal when close button is clicked
[22m[39m[Vue Router warn]: No match found for location with path ""

[90mstderr[2m | src/views/admin/GestionarTenants.spec.js[2m > 
[22m[2mGestionarTenants.vue[2m > [22m[2mModal Management[2m > 
[22m[2mshould close modal when cancel button is clicked
[22m[39m[Vue Router warn]: No match found for location with path ""

[90mstderr[2m | src/views/admin/GestionarTenants.spec.js[2m > 
[22m[2mGestionarTenants.vue[2m > [22m[2mModal Management[2m > 
[22m[2mshould show codigo_tenant input in create mode
[22m[39m[Vue Router warn]: No match found for location with path ""

[90mstderr[2m | src/views/admin/GestionarTenants.spec.js[2m > 
[22m[2mGestionarTenants.vue[2m > [22m[2mModal Management[2m > 
[22m[2mshould show disabled codigo_tenant input in edit mode
[22m[39m[Vue Router warn]: No match found for location with path ""

[90mstderr[2m | src/views/admin/GestionarTenants.spec.js[2m > 
[22m[2mGestionarTenants.vue[2m > [22m[2mModal Management[2m > 
[22m[2mshould show estado select in edit mode
[22m[39m[Vue Router warn]: No match found for location with path ""

 [32mÔ£ô[39m src/components/ReportesUsuario.spec.js [2m([22m[2m21 tests[22m[2m)[22m[33m 1331[2mms[22m[39m
[90mstderr[2m | src/views/admin/GestionarTenants.spec.js[2m > 
[22m[2mGestionarTenants.vue[2m > [22m[2mSave Tenant[2m > [22m[2mshould 
create tenant when form is submitted in create mode
[22m[39m[Vue Router warn]: No match found for location with path ""

[90mstderr[2m | src/views/admin/GestionarTenants.spec.js[2m > 
[22m[2mGestionarTenants.vue[2m > [22m[2mSave Tenant[2m > [22m[2mshould 
normalize codigo_tenant when creating
[22m[39m[Vue Router warn]: No match found for location with path ""

[90mstderr[2m | src/composables/useFetchData.spec.js[2m > 
[22m[2museFetchData[2m > [22m[2mloadData Method[2m > [22m[2mshould 
retry on failure
[22m[39m[Vue warn]: onUnmounted is called when there is no active component 
instance to be associated with. Lifecycle injection APIs can only be used 
during execution of setup(). If you are using async setup(), make sure to 
register lifecycle hooks before the first await statement.

[90mstderr[2m | src/views/admin/GestionarTenants.spec.js[2m > 
[22m[2mGestionarTenants.vue[2m > [22m[2mSave Tenant[2m > [22m[2mshould 
update tenant when form is submitted in edit mode
[22m[39m[Vue Router warn]: No match found for location with path ""

 [32mÔ£ô[39m src/assets/js/gestionar-potreros.spec.js [2m([22m[2m94 tests[22m[2m)[22m[33m 2037[2mms[22m[39m
 [32mÔ£ô[39m src/views/admin/GestionarPotrerosAdmin.spec.js [2m([22m[2m26 tests[22m[2m)[22m[33m 1825[2mms[22m[39m
 [32mÔ£ô[39m src/components/QrScanner.spec.js [2m([22m[2m33 tests[22m[2m)[22m[33m 1306[2mms[22m[39m
       [33m[2mÔ£ô[22m[39m should load cameras on mount [33m 330[2mms[22m[39m
[90mstderr[2m | src/views/admin/GestionarTenants.spec.js[2m > 
[22m[2mGestionarTenants.vue[2m > [22m[2mSave Tenant[2m > [22m[2mshould 
show success message and close modal after successful create
[22m[39m[Vue Router warn]: No match found for location with path ""

[90mstderr[2m | src/views/admin/GestionarTenants.spec.js[2m > 
[22m[2mGestionarTenants.vue[2m > [22m[2mSave Tenant[2m > [22m[2mshould 
show error message when create fails
[22m[39m[Vue Router warn]: No match found for location with path ""

[90mstderr[2m | src/views/admin/GestionarTenants.spec.js[2m > 
[22m[2mGestionarTenants.vue[2m > [22m[2mSave Tenant[2m > [22m[2mshould 
show error message when update fails
[22m[39m[Vue Router warn]: No match found for location with path ""

[90mstdout[2m | src/layouts/AdminLayout.spec.js[2m > [22m[2mAdminLayout[2m > [22m[2mComponent Mounting[2m > [22m[2mshould mount correctly
[22m[39m[AdminLayout] Componente montado
[AdminLayout] Verificaci├│n de autenticaci├│n:
  - isAuthenticated: [33mtrue[39m
  - Token presente: [33mtrue[39m
  - Rol actual: admin
  - isAdmin(): [33mtrue[39m
  - isSuperAdmin: [33mfalse[39m
[AdminLayout] Datos del usuario: { persona: { primer_nombre: [32m'Test'[39m }, email: [32m'test@example.com'[39m }
[AdminLayout] Nombre de usuario establecido: Test
[AdminLayout] Inicializaci├│n completada correctamente

[90mstderr[2m | src/layouts/AdminLayout.spec.js[2m > 
[22m[2mAdminLayout[2m > [22m[2mComponent Mounting[2m > [22m[2mshould 
mount correctly
[22m[39m[Vue Router warn]: No match found for location with path ""

[90mstdout[2m | src/layouts/AdminLayout.spec.js[2m > [22m[2mAdminLayout[2m > [22m[2mComponent Mounting[2m > [22m[2mshould render navbar
[22m[39m[AdminLayout] Componente montado
[AdminLayout] Verificaci├│n de autenticaci├│n:
  - isAuthenticated: [33mtrue[39m
  - Token presente: [33mtrue[39m
  - Rol actual: admin
  - isAdmin(): [33mtrue[39m
  - isSuperAdmin: [33mfalse[39m
[AdminLayout] Datos del usuario: {}
[AdminLayout] Nombre de usuario establecido: Administrador
[AdminLayout] Inicializaci├│n completada correctamente

[90mstderr[2m | src/layouts/AdminLayout.spec.js[2m > 
[22m[2mAdminLayout[2m > [22m[2mComponent Mounting[2m > [22m[2mshould 
render navbar
[22m[39m[Vue Router warn]: No match found for location with path ""

[90mstderr[2m | src/views/admin/GestionarTenants.spec.js[2m > 
[22m[2mGestionarTenants.vue[2m > [22m[2mSave Tenant[2m > [22m[2mshould 
handle exception during save
[22m[39m[Vue Router warn]: No match found for location with path ""

 [31mÔØ»[39m src/views/user/GestionarAnimalesUsuario.spec.js [2m([22m[2m31 tests[22m[2m | [22m[31m1 failed[39m[2m)[22m[33m 2658[2mms[22m[39m
       [32mÔ£ô[39m should mount successfully[32m 84[2mms[22m[39m
       [32mÔ£ô[39m should render the title[32m 9[2mms[22m[39m
       [32mÔ£ô[39m should call useGestionarAnimalesUsuario composable[32m 11[2mms[22m[39m
       [32mÔ£ô[39m should show loading spinner when loading is true[32m 29[2mms[22m[39m
       [32mÔ£ô[39m should disable update button when loading[32m 17[2mms[22m[39m
       [32mÔ£ô[39m should show spinner icon in button when loading[32m 22[2mms[22m[39m
       [32mÔ£ô[39m should show error message when error exists[32m 111[2mms[22m[39m
       [32mÔ£ô[39m should show error icon[32m 122[2mms[22m[39m
       [32mÔ£ô[39m should show empty message when no animales[32m 121[2mms[22m[39m
       [32mÔ£ô[39m should show empty state icon[32m 115[2mms[22m[39m
       [32mÔ£ô[39m should render search input[32m 11[2mms[22m[39m
       [32mÔ£ô[39m should render raza filter select[32m 10[2mms[22m[39m
       [32mÔ£ô[39m should render estado filter select[32m 12[2mms[22m[39m
       [32mÔ£ô[39m should display razas in filter[32m 13[2mms[22m[39m
       [32mÔ£ô[39m should display estados in filter[32m 11[2mms[22m[39m
       [32mÔ£ô[39m should display animales when available[32m 115[2mms[22m[39m
       [32mÔ£ô[39m should display animal nombre[32m 127[2mms[22m[39m
       [32mÔ£ô[39m should display animal ID when nombre is missing[32m 113[2mms[22m[39m
       [32mÔ£ô[39m should display estado badge[32m 113[2mms[22m[39m
       [32mÔ£ô[39m should display raza[32m 125[2mms[22m[39m
       [32mÔ£ô[39m should display edad[32m 111[2mms[22m[39m
       [32mÔ£ô[39m should display peso[32m 109[2mms[22m[39m
       [32mÔ£ô[39m should display sexo[32m 126[2mms[22m[39m
       [32mÔ£ô[39m should display QR code when available[32m 130[2mms[22m[39m
       [32mÔ£ô[39m should not display QR code when codigo_qr is null[32m 126[2mms[22m[39m
       [32mÔ£ô[39m should call verPerfilAnimal when detalles button is clicked[32m 119[2mms[22m[39m
       [32mÔ£ô[39m should call editarAnimal when editar button is clicked[32m 126[2mms[22m[39m
       [32mÔ£ô[39m should handle null values gracefully[32m 112[2mms[22m[39m
       [32mÔ£ô[39m should show update message when animales exist[32m 117[2mms[22m[39m
       [32mÔ£ô[39m should call cargarAnimales when update button is clicked[32m 123[2mms[22m[39m
[31m       [31m├ù[31m should show sync icon when not loading[39m[32m 161[2mms[22m[39m
[90mstdout[2m | src/layouts/AdminLayout.spec.js[2m > [22m[2mAdminLayout[2m > [22m[2mComponent Mounting[2m > [22m[2mshould render sidebar
[22m[39m[AdminLayout] Componente montado
[AdminLayout] Verificaci├│n de autenticaci├│n:
  - isAuthenticated: [33mtrue[39m
  - Token presente: [33mtrue[39m
  - Rol actual: admin
  - isAdmin(): [33mtrue[39m
  - isSuperAdmin: [33mfalse[39m
[AdminLayout] Datos del usuario: {}
[AdminLayout] Nombre de usuario establecido: Administrador
[AdminLayout] Inicializaci├│n completada correctamente

[90mstderr[2m | src/layouts/AdminLayout.spec.js[2m > 
[22m[2mAdminLayout[2m > [22m[2mComponent Mounting[2m > [22m[2mshould 
render sidebar
[22m[39m[Vue Router warn]: No match found for location with path ""

[90mstdout[2m | src/layouts/AdminLayout.spec.js[2m > [22m[2mAdminLayout[2m > [22m[2mComponent Mounting[2m > [22m[2mshould render main content area
[22m[39m[AdminLayout] Componente montado
[AdminLayout] Verificaci├│n de autenticaci├│n:
  - isAuthenticated: [33mtrue[39m
  - Token presente: [33mtrue[39m
  - Rol actual: admin
  - isAdmin(): [33mtrue[39m
  - isSuperAdmin: [33mfalse[39m
[AdminLayout] Datos del usuario: {}
[AdminLayout] Nombre de usuario establecido: Administrador
[AdminLayout] Inicializaci├│n completada correctamente

[90mstderr[2m | src/layouts/AdminLayout.spec.js[2m > 
[22m[2mAdminLayout[2m > [22m[2mComponent Mounting[2m > [22m[2mshould 
render main content area
[22m[39m[Vue Router warn]: No match found for location with path ""

[90mstderr[2m | src/views/admin/GestionarTenants.spec.js[2m > 
[22m[2mGestionarTenants.vue[2m > [22m[2mSave Tenant[2m > [22m[2mshould 
show saving state during save
[22m[39m[Vue Router warn]: No match found for location with path ""

[90mstdout[2m | src/layouts/AdminLayout.spec.js[2m > [22m[2mAdminLayout[2m > [22m[2mComputed Properties[2m > [22m[2mshould return true for isSuperAdmin when role is super_admin
[22m[39m[AdminLayout] Componente montado
[AdminLayout] Verificaci├│n de autenticaci├│n:
  - isAuthenticated: [33mtrue[39m
  - Token presente: [33mtrue[39m
  - Rol actual: super_admin
  - isAdmin(): [33mfalse[39m
  - isSuperAdmin: [33mtrue[39m
[AdminLayout] Datos del usuario: {}
[AdminLayout] Nombre de usuario establecido: Administrador
[AdminLayout] Inicializaci├│n completada correctamente

[90mstderr[2m | src/layouts/AdminLayout.spec.js[2m > 
[22m[2mAdminLayout[2m > [22m[2mComputed Properties[2m > [22m[2mshould 
return true for isSuperAdmin when role is super_admin
[22m[39m[Vue Router warn]: No match found for location with path ""

[90mstderr[2m | src/views/admin/GestionarTenants.spec.js[2m > 
[22m[2mGestionarTenants.vue[2m > [22m[2mFilter Toggle[2m > 
[22m[2mshould have filter toggle checkbox
[22m[39m[Vue Router warn]: No match found for location with path ""

[90mstdout[2m | src/layouts/AdminLayout.spec.js[2m > [22m[2mAdminLayout[2m > [22m[2mComputed Properties[2m > [22m[2mshould return false for isSuperAdmin when role is not super_admin
[22m[39m[AdminLayout] Componente montado
[AdminLayout] Verificaci├│n de autenticaci├│n:
  - isAuthenticated: [33mtrue[39m
  - Token presente: [33mtrue[39m
  - Rol actual: admin
  - isAdmin(): [33mtrue[39m
  - isSuperAdmin: [33mfalse[39m
[AdminLayout] Datos del usuario: {}
[AdminLayout] Nombre de usuario establecido: Administrador
[AdminLayout] Inicializaci├│n completada correctamente

[90mstderr[2m | src/layouts/AdminLayout.spec.js[2m > 
[22m[2mAdminLayout[2m > [22m[2mComputed Properties[2m > [22m[2mshould 
return false for isSuperAdmin when role is not super_admin
[22m[39m[Vue Router warn]: No match found for location with path ""

[90mstderr[2m | src/views/admin/GestionarTenants.spec.js[2m > 
[22m[2mGestionarTenants.vue[2m > [22m[2mFilter Toggle[2m > 
[22m[2mshould call cargarTenants with activosOnly=true when mostrarInactivos 
is false
[22m[39m[Vue Router warn]: No match found for location with path ""

[90mstderr[2m | src/views/admin/GestionarTenants.spec.js[2m > 
[22m[2mGestionarTenants.vue[2m > [22m[2mFilter Toggle[2m > 
[22m[2mshould call cargarTenants with activosOnly=false when 
mostrarInactivos is true
[22m[39m[Vue Router warn]: No match found for location with path ""

[90mstdout[2m | src/layouts/AdminLayout.spec.js[2m > [22m[2mAdminLayout[2m > [22m[2mComputed Properties[2m > [22m[2mshould return "Super Admin" for userRoleDisplay when role is super_admin
[22m[39m[AdminLayout] Componente montado
[AdminLayout] Verificaci├│n de autenticaci├│n:
  - isAuthenticated: [33mtrue[39m
  - Token presente: [33mtrue[39m
  - Rol actual: super_admin
  - isAdmin(): [33mfalse[39m
  - isSuperAdmin: [33mtrue[39m
[AdminLayout] Datos del usuario: {}
[AdminLayout] Nombre de usuario establecido: Administrador
[AdminLayout] Inicializaci├│n completada correctamente

[90mstderr[2m | src/layouts/AdminLayout.spec.js[2m > 
[22m[2mAdminLayout[2m > [22m[2mComputed Properties[2m > [22m[2mshould 
return "Super Admin" for userRoleDisplay when role is super_admin
[22m[39m[Vue Router warn]: No match found for location with path ""

[90mstdout[2m | src/layouts/AdminLayout.spec.js[2m > [22m[2mAdminLayout[2m > [22m[2mComputed Properties[2m > [22m[2mshould return "Administrador" for userRoleDisplay when role is admin
[22m[39m[AdminLayout] Componente montado
[AdminLayout] Verificaci├│n de autenticaci├│n:
  - isAuthenticated: [33mtrue[39m
  - Token presente: [33mtrue[39m
  - Rol actual: admin
  - isAdmin(): [33mtrue[39m
  - isSuperAdmin: [33mfalse[39m
[AdminLayout] Datos del usuario: {}
[AdminLayout] Nombre de usuario establecido: Administrador
[AdminLayout] Inicializaci├│n completada correctamente

[90mstderr[2m | src/layouts/AdminLayout.spec.js[2m > 
[22m[2mAdminLayout[2m > [22m[2mComputed Properties[2m > [22m[2mshould 
return "Administrador" for userRoleDisplay when role is admin
[22m[39m[Vue Router warn]: No match found for location with path ""

[90mstdout[2m | src/layouts/AdminLayout.spec.js[2m > [22m[2mAdminLayout[2m > [22m[2mComputed Properties[2m > [22m[2mshould return "Administrador" for userRoleDisplay when role is administrador
[22m[39m[AdminLayout] Componente montado
[AdminLayout] Verificaci├│n de autenticaci├│n:
  - isAuthenticated: [33mtrue[39m
  - Token presente: [33mtrue[39m
  - Rol actual: administrador
  - isAdmin(): [33mtrue[39m
  - isSuperAdmin: [33mfalse[39m
[AdminLayout] Datos del usuario: {}
[AdminLayout] Nombre de usuario establecido: Administrador
[AdminLayout] Inicializaci├│n completada correctamente

[90mstderr[2m | src/layouts/AdminLayout.spec.js[2m > 
[22m[2mAdminLayout[2m > [22m[2mComputed Properties[2m > [22m[2mshould 
return "Administrador" for userRoleDisplay when role is administrador
[22m[39m[Vue Router warn]: No match found for location with path ""

 [32mÔ£ô[39m src/views/admin/GestionarTenants.spec.js [2m([22m[2m33 tests[22m[2m)[22m[33m 2959[2mms[22m[39m
[90mstdout[2m | src/layouts/AdminLayout.spec.js[2m > [22m[2mAdminLayout[2m > [22m[2mComputed Properties[2m > [22m[2mshould return "Admin" for userRoleDisplay for other roles
[22m[39m[AdminLayout] Componente montado
[AdminLayout] Verificaci├│n de autenticaci├│n:
  - isAuthenticated: [33mtrue[39m
  - Token presente: [33mtrue[39m
  - Rol actual: other_role
  - isAdmin(): [33mfalse[39m
  - isSuperAdmin: [33mfalse[39m

[90mstderr[2m | src/layouts/AdminLayout.spec.js[2m > 
[22m[2mAdminLayout[2m > [22m[2mComputed Properties[2m > [22m[2mshould 
return "Admin" for userRoleDisplay for other roles
[22m[39m[Vue Router warn]: No match found for location with path ""
[AdminLayout] Usuario no tiene permisos de administrador, redirigiendo a login
[AdminLayout] Rol recibido: other_role

[90mstdout[2m | src/layouts/AdminLayout.spec.js[2m > [22m[2mAdminLayout[2m > [22m[2mMounted Hook[2m > [22m[2mshould redirect to login if user is not authenticated
[22m[39m[AdminLayout] Componente montado
[AdminLayout] Verificaci├│n de autenticaci├│n:
  - isAuthenticated: [33mfalse[39m
  - Token presente: [33mtrue[39m
  - Rol actual: other_role
  - isAdmin(): [33mfalse[39m
  - isSuperAdmin: [33mfalse[39m

[90mstderr[2m | src/layouts/AdminLayout.spec.js[2m > 
[22m[2mAdminLayout[2m > [22m[2mMounted Hook[2m > [22m[2mshould 
redirect to login if user is not authenticated
[22m[39m[Vue Router warn]: No match found for location with path ""
[AdminLayout] Usuario no autenticado, redirigiendo a login

[90mstdout[2m | src/layouts/AdminLayout.spec.js[2m > [22m[2mAdminLayout[2m > [22m[2mMounted Hook[2m > [22m[2mshould redirect to login if user is not admin and not super_admin
[22m[39m[AdminLayout] Componente montado
[AdminLayout] Verificaci├│n de autenticaci├│n:
  - isAuthenticated: [33mtrue[39m
  - Token presente: [33mtrue[39m
  - Rol actual: usuario
  - isAdmin(): [33mfalse[39m
  - isSuperAdmin: [33mfalse[39m

[90mstderr[2m | src/layouts/AdminLayout.spec.js[2m > 
[22m[2mAdminLayout[2m > [22m[2mMounted Hook[2m > [22m[2mshould 
redirect to login if user is not admin and not super_admin
[22m[39m[Vue Router warn]: No match found for location with path ""
[AdminLayout] Usuario no tiene permisos de administrador, redirigiendo a login
[AdminLayout] Rol recibido: usuario

[90mstdout[2m | src/layouts/AdminLayout.spec.js[2m > [22m[2mAdminLayout[2m > [22m[2mMounted Hook[2m > [22m[2mshould set userName from user.persona.primer_nombre
[22m[39m[AdminLayout] Componente montado
[AdminLayout] Verificaci├│n de autenticaci├│n:
  - isAuthenticated: [33mtrue[39m
  - Token presente: [33mtrue[39m
  - Rol actual: admin
  - isAdmin(): [33mtrue[39m
  - isSuperAdmin: [33mfalse[39m
[AdminLayout] Datos del usuario: { persona: { primer_nombre: [32m'Juan'[39m } }
[AdminLayout] Nombre de usuario establecido: Juan
[AdminLayout] Inicializaci├│n completada correctamente

[90mstderr[2m | src/layouts/AdminLayout.spec.js[2m > 
[22m[2mAdminLayout[2m > [22m[2mMounted Hook[2m > [22m[2mshould set 
userName from user.persona.primer_nombre
[22m[39m[Vue Router warn]: No match found for location with path ""

[90mstdout[2m | src/layouts/AdminLayout.spec.js[2m > [22m[2mAdminLayout[2m > [22m[2mMounted Hook[2m > [22m[2mshould set userName from user.primer_nombre if persona is not available
[22m[39m[AdminLayout] Componente montado
[AdminLayout] Verificaci├│n de autenticaci├│n:
  - isAuthenticated: [33mtrue[39m
  - Token presente: [33mtrue[39m
  - Rol actual: admin
  - isAdmin(): [33mtrue[39m
  - isSuperAdmin: [33mfalse[39m
[AdminLayout] Datos del usuario: { primer_nombre: [32m'Pedro'[39m }
[AdminLayout] Nombre de usuario establecido: Pedro
[AdminLayout] Inicializaci├│n completada correctamente

[90mstderr[2m | src/layouts/AdminLayout.spec.js[2m > 
[22m[2mAdminLayout[2m > [22m[2mMounted Hook[2m > [22m[2mshould set 
userName from user.primer_nombre if persona is not available
[22m[39m[Vue Router warn]: No match found for location with path ""

[90mstdout[2m | src/layouts/AdminLayout.spec.js[2m > [22m[2mAdminLayout[2m > [22m[2mMounted Hook[2m > [22m[2mshould set userName from user.email if nombre is not available
[22m[39m[AdminLayout] Componente montado
[AdminLayout] Verificaci├│n de autenticaci├│n:
  - isAuthenticated: [33mtrue[39m
  - Token presente: [33mtrue[39m
  - Rol actual: admin
  - isAdmin(): [33mtrue[39m
  - isSuperAdmin: [33mfalse[39m
[AdminLayout] Datos del usuario: { email: [32m'test@example.com'[39m }
[AdminLayout] Nombre de usuario establecido: test@example.com
[AdminLayout] Inicializaci├│n completada correctamente

[90mstderr[2m | src/layouts/AdminLayout.spec.js[2m > 
[22m[2mAdminLayout[2m > [22m[2mMounted Hook[2m > [22m[2mshould set 
userName from user.email if nombre is not available
[22m[39m[Vue Router warn]: No match found for location with path ""

[90mstdout[2m | src/layouts/AdminLayout.spec.js[2m > [22m[2mAdminLayout[2m > [22m[2mMounted Hook[2m > [22m[2mshould set userName to "Administrador" if user data is not available
[22m[39m[AdminLayout] Componente montado
[AdminLayout] Verificaci├│n de autenticaci├│n:
  - isAuthenticated: [33mtrue[39m
  - Token presente: [33mtrue[39m
  - Rol actual: admin
  - isAdmin(): [33mtrue[39m
  - isSuperAdmin: [33mfalse[39m
[AdminLayout] Datos del usuario: [1mnull[22m
[AdminLayout] Inicializaci├│n completada correctamente

[90mstderr[2m | src/layouts/AdminLayout.spec.js[2m > 
[22m[2mAdminLayout[2m > [22m[2mMounted Hook[2m > [22m[2mshould set 
userName to "Administrador" if user data is not available
[22m[39m[Vue Router warn]: No match found for location with path ""
[AdminLayout] No se encontraron datos del usuario, usando valor por defecto

[90mstdout[2m | src/layouts/AdminLayout.spec.js[2m > [22m[2mAdminLayout[2m > [22m[2mMounted Hook[2m > [22m[2mshould handle errors in mounted and redirect to login
[22m[39m[AdminLayout] Componente montado

[90mstderr[2m | src/layouts/AdminLayout.spec.js[2m > 
[22m[2mAdminLayout[2m > [22m[2mMounted Hook[2m > [22m[2mshould handle 
errors in mounted and redirect to login
[22m[39m[Vue Router warn]: No match found for location with path ""
[AdminLayout] Error en mounted: Error: Test error
    at Object.<anonymous> (C:/Users/josed/Documents/QR-FARM/frontend/src/layout
s/AdminLayout.spec.js:278:9)
    at Object.Mock [as isAuthenticated] [90m(file:///C:/Users/josed/Documents/
QR-FARM/frontend/[39mnode_modules/[4m@vitest[24m/spy/dist/index.js:280:34[9
0m)[39m
    at Proxy.mounted 
(C:/Users/josed/Documents/QR-FARM/frontend/src/layouts/AdminLayout.vue:138:34)
    at [90mC:\Users\josed\Documents\QR-FARM\frontend\[39mnode_modules\[4m@vu
e[24m\runtime-core\dist\runtime-core.cjs.js:2858:40
    at callWithErrorHandling [90m(C:\Users\josed\Documents\QR-FARM\frontend\[
39mnode_modules\[4m@vue[24m\runtime-core\dist\runtime-core.cjs.js:200:19[90m
)[39m
    at callWithAsyncErrorHandling [90m(C:\Users\josed\Documents\QR-FARM\fronte
nd\[39mnode_modules\[4m@vue[24m\runtime-core\dist\runtime-core.cjs.js:207:17
[90m)[39m
    at hook.__weh.hook.__weh [90m(C:\Users\josed\Documents\QR-FARM\frontend\[
39mnode_modules\[4m@vue[24m\runtime-core\dist\runtime-core.cjs.js:2838:19[90
m)[39m
    at flushPostFlushCbs [90m(C:\Users\josed\Documents\QR-FARM\frontend\[39mn
ode_modules\[4m@vue[24m\runtime-core\dist\runtime-core.cjs.js:382:28[90m)[3
9m
    at render [90m(C:\Users\josed\Documents\QR-FARM\frontend\[39mnode_modules
\[4m@vue[24m\runtime-core\dist\runtime-core.cjs.js:6016:7[90m)[39m
    at mount [90m(C:\Users\josed\Documents\QR-FARM\frontend\[39mnode_modules\
[4m@vue[24m\runtime-core\dist\runtime-core.cjs.js:3982:13[90m)[39m
[AdminLayout] Stack trace: Error: Test error
    at Object.<anonymous> (C:/Users/josed/Documents/QR-FARM/frontend/src/layout
s/AdminLayout.spec.js:278:9)
    at Object.Mock [as isAuthenticated] (file:///C:/Users/josed/Documents/QR-FA
RM/frontend/node_modules/@vitest/spy/dist/index.js:280:34)
    at Proxy.mounted 
(C:/Users/josed/Documents/QR-FARM/frontend/src/layouts/AdminLayout.vue:138:34)
    at C:\Users\josed\Documents\QR-FARM\frontend\node_modules\@vue\runtime-core
\dist\runtime-core.cjs.js:2858:40
    at callWithErrorHandling (C:\Users\josed\Documents\QR-FARM\frontend\node_mo
dules\@vue\runtime-core\dist\runtime-core.cjs.js:200:19)
    at callWithAsyncErrorHandling (C:\Users\josed\Documents\QR-FARM\frontend\no
de_modules\@vue\runtime-core\dist\runtime-core.cjs.js:207:17)
    at hook.__weh.hook.__weh (C:\Users\josed\Documents\QR-FARM\frontend\node_mo
dules\@vue\runtime-core\dist\runtime-core.cjs.js:2838:19)
    at flushPostFlushCbs (C:\Users\josed\Documents\QR-FARM\frontend\node_module
s\@vue\runtime-core\dist\runtime-core.cjs.js:382:28)
    at render (C:\Users\josed\Documents\QR-FARM\frontend\node_modules\@vue\runt
ime-core\dist\runtime-core.cjs.js:6016:7)
    at mount (C:\Users\josed\Documents\QR-FARM\frontend\node_modules\@vue\runti
me-core\dist\runtime-core.cjs.js:3982:13)

[90mstdout[2m | src/layouts/AdminLayout.spec.js[2m > [22m[2mAdminLayout[2m > [22m[2mLogout Method[2m > [22m[2mshould call authService.logout
[22m[39m[AdminLayout] Componente montado
[AdminLayout] Verificaci├│n de autenticaci├│n:
  - isAuthenticated: [33mtrue[39m
  - Token presente: [33mtrue[39m
  - Rol actual: admin
  - isAdmin(): [33mtrue[39m
  - isSuperAdmin: [33mfalse[39m
[AdminLayout] Datos del usuario: {}
[AdminLayout] Nombre de usuario establecido: Administrador
[AdminLayout] Inicializaci├│n completada correctamente

[90mstderr[2m | src/layouts/AdminLayout.spec.js[2m > 
[22m[2mAdminLayout[2m > [22m[2mLogout Method[2m > [22m[2mshould call 
authService.logout
[22m[39m[Vue Router warn]: No match found for location with path ""

[90mstdout[2m | src/layouts/AdminLayout.spec.js[2m > [22m[2mAdminLayout[2m > [22m[2mLogout Method[2m > [22m[2mshould call authService.logout
[22m[39m[AdminLayout] Iniciando proceso de logout...
[AdminLayout] authService.logout() ejecutado
[AdminLayout] localStorage y sessionStorage limpiados

[90mstdout[2m | src/layouts/AdminLayout.spec.js[2m > [22m[2mAdminLayout[2m > [22m[2mLogout Method[2m > [22m[2mshould call authService.logout
[22m[39m[AdminLayout] Redirecci├│n a login exitosa

[90mstdout[2m | src/layouts/AdminLayout.spec.js[2m > [22m[2mAdminLayout[2m > [22m[2mLogout Method[2m > [22m[2mshould clear localStorage and sessionStorage
[22m[39m[AdminLayout] Componente montado
[AdminLayout] Verificaci├│n de autenticaci├│n:
  - isAuthenticated: [33mtrue[39m
  - Token presente: [33mtrue[39m
  - Rol actual: admin
  - isAdmin(): [33mtrue[39m
  - isSuperAdmin: [33mfalse[39m
[AdminLayout] Datos del usuario: {}
[AdminLayout] Nombre de usuario establecido: Administrador
[AdminLayout] Inicializaci├│n completada correctamente

[90mstderr[2m | src/layouts/AdminLayout.spec.js[2m > 
[22m[2mAdminLayout[2m > [22m[2mLogout Method[2m > [22m[2mshould clear 
localStorage and sessionStorage
[22m[39m[Vue Router warn]: No match found for location with path ""

[90mstdout[2m | src/layouts/AdminLayout.spec.js[2m > [22m[2mAdminLayout[2m > [22m[2mLogout Method[2m > [22m[2mshould clear localStorage and sessionStorage
[22m[39m[AdminLayout] Iniciando proceso de logout...
[AdminLayout] authService.logout() ejecutado
[AdminLayout] localStorage y sessionStorage limpiados

[90mstdout[2m | src/layouts/AdminLayout.spec.js[2m > [22m[2mAdminLayout[2m > [22m[2mLogout Method[2m > [22m[2mshould clear localStorage and sessionStorage
[22m[39m[AdminLayout] Redirecci├│n a login exitosa

[90mstdout[2m | src/layouts/AdminLayout.spec.js[2m > [22m[2mAdminLayout[2m > [22m[2mLogout Method[2m > [22m[2mshould prevent default and stop propagation if event is provided
[22m[39m[AdminLayout] Componente montado
[AdminLayout] Verificaci├│n de autenticaci├│n:
  - isAuthenticated: [33mtrue[39m
  - Token presente: [33mtrue[39m
  - Rol actual: admin
  - isAdmin(): [33mtrue[39m
  - isSuperAdmin: [33mfalse[39m
[AdminLayout] Datos del usuario: {}
[AdminLayout] Nombre de usuario establecido: Administrador
[AdminLayout] Inicializaci├│n completada correctamente

[90mstderr[2m | src/layouts/AdminLayout.spec.js[2m > 
[22m[2mAdminLayout[2m > [22m[2mLogout Method[2m > [22m[2mshould 
prevent default and stop propagation if event is provided
[22m[39m[Vue Router warn]: No match found for location with path ""

[90mstdout[2m | src/layouts/AdminLayout.spec.js[2m > [22m[2mAdminLayout[2m > [22m[2mLogout Method[2m > [22m[2mshould prevent default and stop propagation if event is provided
[22m[39m[AdminLayout] Iniciando proceso de logout...
[AdminLayout] authService.logout() ejecutado
[AdminLayout] localStorage y sessionStorage limpiados

[90mstdout[2m | src/layouts/AdminLayout.spec.js[2m > [22m[2mAdminLayout[2m > [22m[2mLogout Method[2m > [22m[2mshould prevent default and stop propagation if event is provided
[22m[39m[AdminLayout] Redirecci├│n a login exitosa

[90mstderr[2m | src/composables/useFetchData.spec.js[2m > 
[22m[2museFetchData[2m > [22m[2mloadData Method[2m > [22m[2mshould 
cancel request
[22m[39m[Vue warn]: onUnmounted is called when there is no active component 
instance to be associated with. Lifecycle injection APIs can only be used 
during execution of setup(). If you are using async setup(), make sure to 
register lifecycle hooks before the first await statement.

[90mstderr[2m | src/composables/useFetchData.spec.js[2m > 
[22m[2museFetchData[2m > [22m[2mreload Method[2m > [22m[2mshould call 
loadData
[22m[39m[Vue warn]: onUnmounted is called when there is no active component 
instance to be associated with. Lifecycle injection APIs can only be used 
during execution of setup(). If you are using async setup(), make sure to 
register lifecycle hooks before the first await statement.

[90mstderr[2m | src/composables/useFetchData.spec.js[2m > 
[22m[2museFetchData[2m > [22m[2mforceReload Method[2m > [22m[2mshould 
reset state and load data
[22m[39m[Vue warn]: onUnmounted is called when there is no active component 
instance to be associated with. Lifecycle injection APIs can only be used 
during execution of setup(). If you are using async setup(), make sure to 
register lifecycle hooks before the first await statement.
[Vue warn] Set operation on key "value" failed: target is readonly. RefImpl {
  dep: Dep {
    computed: [90mundefined[39m,
    version: [33m0[39m,
    activeLink: [90mundefined[39m,
    subs: [90mundefined[39m,
    map: [90mundefined[39m,
    key: [90mundefined[39m,
    sc: [33m0[39m,
    __v_skip: [33mtrue[39m,
    subsHead: [90mundefined[39m
  },
  __v_isRef: [33mtrue[39m,
  __v_isShallow: [33mfalse[39m,
  _rawValue: [1mnull[22m,
  _value: [1mnull[22m
}
[Vue warn] Set operation on key "value" failed: target is readonly. RefImpl {
  dep: Dep {
    computed: [90mundefined[39m,
    version: [33m0[39m,
    activeLink: [90mundefined[39m,
    subs: [90mundefined[39m,
    map: [90mundefined[39m,
    key: [90mundefined[39m,
    sc: [33m0[39m,
    __v_skip: [33mtrue[39m,
    subsHead: [90mundefined[39m
  },
  __v_isRef: [33mtrue[39m,
  __v_isShallow: [33mfalse[39m,
  _rawValue: [1mnull[22m,
  _value: [1mnull[22m
}

[90mstderr[2m | src/composables/useFetchData.spec.js[2m > 
[22m[2museFetchData[2m > [22m[2mcancelRequest Method[2m > 
[22m[2mshould cancel ongoing requests
[22m[39m[Vue warn]: onUnmounted is called when there is no active component 
instance to be associated with. Lifecycle injection APIs can only be used 
during execution of setup(). If you are using async setup(), make sure to 
register lifecycle hooks before the first await statement.

[90mstderr[2m | src/composables/useFetchData.spec.js[2m > 
[22m[2museFetchData[2m > [22m[2mOptions[2m > [22m[2mshould call 
onSuccess callback
[22m[39m[Vue warn]: onUnmounted is called when there is no active component 
instance to be associated with. Lifecycle injection APIs can only be used 
during execution of setup(). If you are using async setup(), make sure to 
register lifecycle hooks before the first await statement.

[90mstderr[2m | src/layouts/AdminLayout.spec.js[2m > 
[22m[2mAdminLayout[2m > [22m[2mLogout Method[2m > [22m[2mshould 
redirect to login using router
[22m[39m[Vue Router warn]: No match found for location with path ""

[90mstderr[2m | src/composables/useFetchData.spec.js[2m > 
[22m[2museFetchData[2m > [22m[2mOptions[2m > [22m[2mshould call 
onError callback
[22m[39m[Vue warn]: onUnmounted is called when there is no active component 
instance to be associated with. Lifecycle injection APIs can only be used 
during execution of setup(). If you are using async setup(), make sure to 
register lifecycle hooks before the first await statement.

[90mstdout[2m | src/layouts/AdminLayout.spec.js[2m > [22m[2mAdminLayout[2m > [22m[2mLogout Method[2m > [22m[2mshould redirect to login using router
[22m[39m[AdminLayout] Componente montado
[AdminLayout] Verificaci├│n de autenticaci├│n:
  - isAuthenticated: [33mtrue[39m
  - Token presente: [33mtrue[39m
  - Rol actual: admin
  - isAdmin(): [33mtrue[39m
  - isSuperAdmin: [33mfalse[39m
[AdminLayout] Datos del usuario: {}
[AdminLayout] Nombre de usuario establecido: Administrador
[AdminLayout] Inicializaci├│n completada correctamente

[90mstdout[2m | src/layouts/AdminLayout.spec.js[2m > [22m[2mAdminLayout[2m > [22m[2mLogout Method[2m > [22m[2mshould redirect to login using router
[22m[39m[AdminLayout] Iniciando proceso de logout...
[AdminLayout] authService.logout() ejecutado
[AdminLayout] localStorage y sessionStorage limpiados

[90mstdout[2m | src/layouts/AdminLayout.spec.js[2m > [22m[2mAdminLayout[2m > [22m[2mLogout Method[2m > [22m[2mshould redirect to login using router
[22m[39m[AdminLayout] Redirecci├│n a login exitosa

[90mstdout[2m | src/layouts/AdminLayout.spec.js[2m > [22m[2mAdminLayout[2m > [22m[2mLogout Method[2m > [22m[2mshould use globalThis.location.href if router.push fails
[22m[39m[AdminLayout] Componente montado
[AdminLayout] Verificaci├│n de autenticaci├│n:
  - isAuthenticated: [33mtrue[39m
  - Token presente: [33mtrue[39m
  - Rol actual: admin
  - isAdmin(): [33mtrue[39m
  - isSuperAdmin: [33mfalse[39m
[AdminLayout] Datos del usuario: {}
[AdminLayout] Nombre de usuario establecido: Administrador
[AdminLayout] Inicializaci├│n completada correctamente

[90mstderr[2m | src/layouts/AdminLayout.spec.js[2m > 
[22m[2mAdminLayout[2m > [22m[2mLogout Method[2m > [22m[2mshould use 
globalThis.location.href if router.push fails
[22m[39m[Vue Router warn]: No match found for location with path ""

[90mstdout[2m | src/layouts/AdminLayout.spec.js[2m > [22m[2mAdminLayout[2m > [22m[2mLogout Method[2m > [22m[2mshould use globalThis.location.href if router.push fails
[22m[39m[AdminLayout] Iniciando proceso de logout...
[AdminLayout] authService.logout() ejecutado
[AdminLayout] localStorage y sessionStorage limpiados

[90mstderr[2m | src/layouts/AdminLayout.spec.js[2m > 
[22m[2mAdminLayout[2m > [22m[2mLogout Method[2m > [22m[2mshould use 
globalThis.location.href if router.push fails
[22m[39m[AdminLayout] Error cr├¡tico en logout: Error: Router error
    at 
C:/Users/josed/Documents/QR-FARM/frontend/src/layouts/AdminLayout.spec.js:347:1
    at [90mfile:///C:/Users/josed/Documents/QR-FARM/frontend/[39mnode_modules
/[4m@vitest[24m/runner/dist/index.js:145:11
    at [90mfile:///C:/Users/josed/Documents/QR-FARM/frontend/[39mnode_modules
/[4m@vitest[24m/runner/dist/index.js:919:26
    at [90mfile:///C:/Users/josed/Documents/QR-FARM/frontend/[39mnode_modules
/[4m@vitest[24m/runner/dist/index.js:1244:20
    at new Promise (<anonymous>)
    at runWithTimeout [90m(file:///C:/Users/josed/Documents/QR-FARM/frontend/
[39mnode_modules/[4m@vitest[24m/runner/dist/index.js:1210:10[90m)[39m
    at [90mfile:///C:/Users/josed/Documents/QR-FARM/frontend/[39mnode_modules
/[4m@vitest[24m/runner/dist/index.js:1654:37
    at Traces.$ [90m(file:///C:/Users/josed/Documents/QR-FARM/frontend/[39mno
de_modules/[4mvitest[24m/dist/chunks/traces.U4xDYhzZ.js:115:27[90m)[39m
    at trace [90m(file:///C:/Users/josed/Documents/QR-FARM/frontend/[39mnode_
modules/[4mvitest[24m/dist/chunks/test.DqQZzsWf.js:234:21[90m)[39m
    at runTest [90m(file:///C:/Users/josed/Documents/QR-FARM/frontend/[39mnod
e_modules/[4m@vitest[24m/runner/dist/index.js:1654:12[90m)[39m
[AdminLayout] Stack trace: Error: Router error
    at 
C:/Users/josed/Documents/QR-FARM/frontend/src/layouts/AdminLayout.spec.js:347:1
    at file:///C:/Users/josed/Documents/QR-FARM/frontend/node_modules/@vitest/r
unner/dist/index.js:145:11
    at file:///C:/Users/josed/Documents/QR-FARM/frontend/node_modules/@vitest/r
unner/dist/index.js:919:26
    at file:///C:/Users/josed/Documents/QR-FARM/frontend/node_modules/@vitest/r
unner/dist/index.js:1244:20
    at new Promise (<anonymous>)
    at runWithTimeout (file:///C:/Users/josed/Documents/QR-FARM/frontend/node_m
odules/@vitest/runner/dist/index.js:1210:10)
    at file:///C:/Users/josed/Documents/QR-FARM/frontend/node_modules/@vitest/r
unner/dist/index.js:1654:37
    at Traces.$ (file:///C:/Users/josed/Documents/QR-FARM/frontend/node_modules
/vitest/dist/chunks/traces.U4xDYhzZ.js:115:27)
    at trace (file:///C:/Users/josed/Documents/QR-FARM/frontend/node_modules/vi
test/dist/chunks/test.DqQZzsWf.js:234:21)
    at runTest (file:///C:/Users/josed/Documents/QR-FARM/frontend/node_modules/
@vitest/runner/dist/index.js:1654:12)

[90mstdout[2m | src/layouts/AdminLayout.spec.js[2m > [22m[2mAdminLayout[2m > [22m[2mLogout Method[2m > [22m[2mshould handle errors in logout and use globalThis.location.href
[22m[39m[AdminLayout] Componente montado
[AdminLayout] Verificaci├│n de autenticaci├│n:
  - isAuthenticated: [33mtrue[39m
  - Token presente: [33mtrue[39m
  - Rol actual: admin
  - isAdmin(): [33mtrue[39m
  - isSuperAdmin: [33mfalse[39m
[AdminLayout] Datos del usuario: {}
[AdminLayout] Nombre de usuario establecido: Administrador
[AdminLayout] Inicializaci├│n completada correctamente

[90mstderr[2m | src/layouts/AdminLayout.spec.js[2m > 
[22m[2mAdminLayout[2m > [22m[2mLogout Method[2m > [22m[2mshould handle 
errors in logout and use globalThis.location.href
[22m[39m[Vue Router warn]: No match found for location with path ""

[90mstdout[2m | src/layouts/AdminLayout.spec.js[2m > [22m[2mAdminLayout[2m > [22m[2mLogout Method[2m > [22m[2mshould handle errors in logout and use globalThis.location.href
[22m[39m[AdminLayout] Iniciando proceso de logout...

[90mstderr[2m | src/layouts/AdminLayout.spec.js[2m > 
[22m[2mAdminLayout[2m > [22m[2mLogout Method[2m > [22m[2mshould handle 
errors in logout and use globalThis.location.href
[22m[39m[AdminLayout] Error cr├¡tico en logout: Error: Logout error
    at Object.<anonymous> (C:/Users/josed/Documents/QR-FARM/frontend/src/layout
s/AdminLayout.spec.js:361:10)
    at Object.Mock [as logout] [90m(file:///C:/Users/josed/Documents/QR-FARM/f
rontend/[39mnode_modules/[4m@vitest[24m/spy/dist/index.js:280:34[90m)[39m
    at Proxy.logout 
(C:/Users/josed/Documents/QR-FARM/frontend/src/layouts/AdminLayout.vue:197:21)
    at 
C:/Users/josed/Documents/QR-FARM/frontend/src/layouts/AdminLayout.spec.js:367:1
[90m    at processTicksAndRejections 
(node:internal/process/task_queues:105:5)[39m
    at [90mfile:///C:/Users/josed/Documents/QR-FARM/frontend/[39mnode_modules
/[4m@vitest[24m/runner/dist/index.js:919:20
[AdminLayout] Stack trace: Error: Logout error
    at Object.<anonymous> (C:/Users/josed/Documents/QR-FARM/frontend/src/layout
s/AdminLayout.spec.js:361:10)
    at Object.Mock [as logout] (file:///C:/Users/josed/Documents/QR-FARM/fronte
nd/node_modules/@vitest/spy/dist/index.js:280:34)
    at Proxy.logout 
(C:/Users/josed/Documents/QR-FARM/frontend/src/layouts/AdminLayout.vue:197:21)
    at 
C:/Users/josed/Documents/QR-FARM/frontend/src/layouts/AdminLayout.spec.js:367:1
    at processTicksAndRejections (node:internal/process/task_queues:105:5)
    at file:///C:/Users/josed/Documents/QR-FARM/frontend/node_modules/@vitest/r
unner/dist/index.js:919:20

[90mstdout[2m | src/layouts/AdminLayout.spec.js[2m > [22m[2mAdminLayout[2m > [22m[2mLogout Method[2m > [22m[2mshould reload page if cleanup also fails
[22m[39m[AdminLayout] Componente montado
[AdminLayout] Verificaci├│n de autenticaci├│n:
  - isAuthenticated: [33mtrue[39m
  - Token presente: [33mtrue[39m
  - Rol actual: admin
  - isAdmin(): [33mtrue[39m
  - isSuperAdmin: [33mfalse[39m
[AdminLayout] Datos del usuario: {}
[AdminLayout] Nombre de usuario establecido: Administrador
[AdminLayout] Inicializaci├│n completada correctamente

[90mstderr[2m | src/layouts/AdminLayout.spec.js[2m > 
[22m[2mAdminLayout[2m > [22m[2mLogout Method[2m > [22m[2mshould reload 
page if cleanup also fails
[22m[39m[Vue Router warn]: No match found for location with path ""

[90mstdout[2m | src/layouts/AdminLayout.spec.js[2m > [22m[2mAdminLayout[2m > [22m[2mLogout Method[2m > [22m[2mshould reload page if cleanup also fails
[22m[39m[AdminLayout] Iniciando proceso de logout...

[90mstderr[2m | src/layouts/AdminLayout.spec.js[2m > 
[22m[2mAdminLayout[2m > [22m[2mLogout Method[2m > [22m[2mshould reload 
page if cleanup also fails
[22m[39m[AdminLayout] Error cr├¡tico en logout: Error: Logout error
    at Object.<anonymous> (C:/Users/josed/Documents/QR-FARM/frontend/src/layout
s/AdminLayout.spec.js:374:10)
    at Object.Mock [as logout] [90m(file:///C:/Users/josed/Documents/QR-FARM/f
rontend/[39mnode_modules/[4m@vitest[24m/spy/dist/index.js:280:34[90m)[39m
    at Proxy.logout 
(C:/Users/josed/Documents/QR-FARM/frontend/src/layouts/AdminLayout.vue:197:21)
    at 
C:/Users/josed/Documents/QR-FARM/frontend/src/layouts/AdminLayout.spec.js:386:1
[90m    at processTicksAndRejections 
(node:internal/process/task_queues:105:5)[39m
    at [90mfile:///C:/Users/josed/Documents/QR-FARM/frontend/[39mnode_modules
/[4m@vitest[24m/runner/dist/index.js:919:20
[AdminLayout] Stack trace: Error: Logout error
    at Object.<anonymous> (C:/Users/josed/Documents/QR-FARM/frontend/src/layout
s/AdminLayout.spec.js:374:10)
    at Object.Mock [as logout] (file:///C:/Users/josed/Documents/QR-FARM/fronte
nd/node_modules/@vitest/spy/dist/index.js:280:34)
    at Proxy.logout 
(C:/Users/josed/Documents/QR-FARM/frontend/src/layouts/AdminLayout.vue:197:21)
    at 
C:/Users/josed/Documents/QR-FARM/frontend/src/layouts/AdminLayout.spec.js:386:1
    at processTicksAndRejections (node:internal/process/task_queues:105:5)
    at file:///C:/Users/josed/Documents/QR-FARM/frontend/node_modules/@vitest/r
unner/dist/index.js:919:20
[AdminLayout] Error en limpieza de emergencia: Error: Clear error
    at Object.<anonymous> (C:/Users/josed/Documents/QR-FARM/frontend/src/layout
s/AdminLayout.spec.js:378:59)
    at Object.Mock [as clear] [90m(file:///C:/Users/josed/Documents/QR-FARM/fr
ontend/[39mnode_modules/[4m@vitest[24m/spy/dist/index.js:280:34[90m)[39m
    at Proxy.logout 
(C:/Users/josed/Documents/QR-FARM/frontend/src/layouts/AdminLayout.vue:214:24)
    at 
C:/Users/josed/Documents/QR-FARM/frontend/src/layouts/AdminLayout.spec.js:386:1
[90m    at processTicksAndRejections 
(node:internal/process/task_queues:105:5)[39m
    at [90mfile:///C:/Users/josed/Documents/QR-FARM/frontend/[39mnode_modules
/[4m@vitest[24m/runner/dist/index.js:919:20

[90mstdout[2m | src/layouts/AdminLayout.spec.js[2m > [22m[2mAdminLayout[2m > [22m[2mTemplate Rendering[2m > [22m[2mshould display userName in navbar
[22m[39m[AdminLayout] Componente montado
[AdminLayout] Verificaci├│n de autenticaci├│n:
  - isAuthenticated: [33mtrue[39m
  - Token presente: [33mtrue[39m
  - Rol actual: admin
  - isAdmin(): [33mtrue[39m
  - isSuperAdmin: [33mfalse[39m
[AdminLayout] Datos del usuario: { persona: { primer_nombre: [32m'Test'[39m } }
[AdminLayout] Nombre de usuario establecido: Test
[AdminLayout] Inicializaci├│n completada correctamente

[90mstderr[2m | src/layouts/AdminLayout.spec.js[2m > 
[22m[2mAdminLayout[2m > [22m[2mTemplate Rendering[2m > [22m[2mshould 
display userName in navbar
[22m[39m[Vue Router warn]: No match found for location with path ""

[90mstdout[2m | src/layouts/AdminLayout.spec.js[2m > [22m[2mAdminLayout[2m > [22m[2mTemplate Rendering[2m > [22m[2mshould display userRoleDisplay in navbar
[22m[39m[AdminLayout] Componente montado
[AdminLayout] Verificaci├│n de autenticaci├│n:
  - isAuthenticated: [33mtrue[39m
  - Token presente: [33mtrue[39m
  - Rol actual: admin
  - isAdmin(): [33mtrue[39m
  - isSuperAdmin: [33mfalse[39m
[AdminLayout] Datos del usuario: { persona: { primer_nombre: [32m'Test'[39m } }
[AdminLayout] Nombre de usuario establecido: Test
[AdminLayout] Inicializaci├│n completada correctamente

[90mstderr[2m | src/layouts/AdminLayout.spec.js[2m > 
[22m[2mAdminLayout[2m > [22m[2mTemplate Rendering[2m > [22m[2mshould 
display userRoleDisplay in navbar
[22m[39m[Vue Router warn]: No match found for location with path ""

[90mstdout[2m | src/layouts/AdminLayout.spec.js[2m > [22m[2mAdminLayout[2m > [22m[2mTemplate Rendering[2m > [22m[2mshould show super admin icon when isSuperAdmin is true
[22m[39m[AdminLayout] Componente montado
[AdminLayout] Verificaci├│n de autenticaci├│n:
  - isAuthenticated: [33mtrue[39m
  - Token presente: [33mtrue[39m
  - Rol actual: super_admin
  - isAdmin(): [33mfalse[39m
  - isSuperAdmin: [33mtrue[39m
[AdminLayout] Datos del usuario: { persona: { primer_nombre: [32m'Test'[39m } }
[AdminLayout] Nombre de usuario establecido: Test
[AdminLayout] Inicializaci├│n completada correctamente

[90mstderr[2m | src/layouts/AdminLayout.spec.js[2m > 
[22m[2mAdminLayout[2m > [22m[2mTemplate Rendering[2m > [22m[2mshould 
show super admin icon when isSuperAdmin is true
[22m[39m[Vue Router warn]: No match found for location with path ""

[90mstdout[2m | src/layouts/AdminLayout.spec.js[2m > [22m[2mAdminLayout[2m > [22m[2mTemplate Rendering[2m > [22m[2mshould show admin icon when isSuperAdmin is false
[22m[39m[AdminLayout] Componente montado
[AdminLayout] Verificaci├│n de autenticaci├│n:
  - isAuthenticated: [33mtrue[39m
  - Token presente: [33mtrue[39m
  - Rol actual: admin
  - isAdmin(): [33mtrue[39m
  - isSuperAdmin: [33mfalse[39m
[AdminLayout] Datos del usuario: { persona: { primer_nombre: [32m'Test'[39m } }
[AdminLayout] Nombre de usuario establecido: Test
[AdminLayout] Inicializaci├│n completada correctamente

[90mstderr[2m | src/layouts/AdminLayout.spec.js[2m > 
[22m[2mAdminLayout[2m > [22m[2mTemplate Rendering[2m > [22m[2mshould 
show admin icon when isSuperAdmin is false
[22m[39m[Vue Router warn]: No match found for location with path ""

[90mstdout[2m | src/layouts/AdminLayout.spec.js[2m > [22m[2mAdminLayout[2m > [22m[2mTemplate Rendering[2m > [22m[2mshould show tenants link when isSuperAdmin is true
[22m[39m[AdminLayout] Componente montado
[AdminLayout] Verificaci├│n de autenticaci├│n:
  - isAuthenticated: [33mtrue[39m
  - Token presente: [33mtrue[39m
  - Rol actual: super_admin
  - isAdmin(): [33mfalse[39m
  - isSuperAdmin: [33mtrue[39m
[AdminLayout] Datos del usuario: { persona: { primer_nombre: [32m'Test'[39m } }
[AdminLayout] Nombre de usuario establecido: Test
[AdminLayout] Inicializaci├│n completada correctamente

[90mstderr[2m | src/layouts/AdminLayout.spec.js[2m > 
[22m[2mAdminLayout[2m > [22m[2mTemplate Rendering[2m > [22m[2mshould 
show tenants link when isSuperAdmin is true
[22m[39m[Vue Router warn]: No match found for location with path ""

[90mstdout[2m | src/layouts/AdminLayout.spec.js[2m > [22m[2mAdminLayout[2m > [22m[2mTemplate Rendering[2m > [22m[2mshould render logout button
[22m[39m[AdminLayout] Componente montado
[AdminLayout] Verificaci├│n de autenticaci├│n:
  - isAuthenticated: [33mtrue[39m
  - Token presente: [33mtrue[39m
  - Rol actual: admin
  - isAdmin(): [33mtrue[39m
  - isSuperAdmin: [33mfalse[39m
[AdminLayout] Datos del usuario: { persona: { primer_nombre: [32m'Test'[39m } }
[AdminLayout] Nombre de usuario establecido: Test
[AdminLayout] Inicializaci├│n completada correctamente

[90mstderr[2m | src/layouts/AdminLayout.spec.js[2m > 
[22m[2mAdminLayout[2m > [22m[2mTemplate Rendering[2m > [22m[2mshould 
render logout button
[22m[39m[Vue Router warn]: No match found for location with path ""

[90mstdout[2m | src/layouts/AdminLayout.spec.js[2m > [22m[2mAdminLayout[2m > [22m[2mTemplate Rendering[2m > [22m[2mshould call logout when logout button is clicked
[22m[39m[AdminLayout] Componente montado
[AdminLayout] Verificaci├│n de autenticaci├│n:
  - isAuthenticated: [33mtrue[39m
  - Token presente: [33mtrue[39m
  - Rol actual: admin
  - isAdmin(): [33mtrue[39m
  - isSuperAdmin: [33mfalse[39m
[AdminLayout] Datos del usuario: { persona: { primer_nombre: [32m'Test'[39m } }
[AdminLayout] Nombre de usuario establecido: Test
[AdminLayout] Inicializaci├│n completada correctamente

[90mstderr[2m | src/layouts/AdminLayout.spec.js[2m > 
[22m[2mAdminLayout[2m > [22m[2mTemplate Rendering[2m > [22m[2mshould 
call logout when logout button is clicked
[22m[39m[Vue Router warn]: No match found for location with path ""

[90mstdout[2m | src/layouts/AdminLayout.spec.js[2m > [22m[2mAdminLayout[2m > [22m[2mTemplate Rendering[2m > [22m[2mshould call logout when logout button is clicked
[22m[39m[AdminLayout] Iniciando proceso de logout...

[90mstderr[2m | src/layouts/AdminLayout.spec.js[2m > 
[22m[2mAdminLayout[2m > [22m[2mTemplate Rendering[2m > [22m[2mshould 
call logout when logout button is clicked
[22m[39m[AdminLayout] Error cr├¡tico en logout: Error: Logout error
    at Object.<anonymous> (C:/Users/josed/Documents/QR-FARM/frontend/src/layout
s/AdminLayout.spec.js:374:10)
    at Object.Mock [as logout] [90m(file:///C:/Users/josed/Documents/QR-FARM/f
rontend/[39mnode_modules/[4m@vitest[24m/spy/dist/index.js:280:34[90m)[39m
    at Proxy.logout 
(C:/Users/josed/Documents/QR-FARM/frontend/src/layouts/AdminLayout.vue:197:21)
    at Object.bound logout [as logout] [90m(file:///C:/Users/josed/Documents/Q
R-FARM/frontend/[39mnode_modules/[4m@vitest[24m/spy/dist/index.js:280:34[90
m)[39m
    at onClick._cache.<computed>._cache.<computed> 
(C:/Users/josed/Documents/QR-FARM/frontend/src/layouts/AdminLayout.vue:41:64)
    at callWithErrorHandling [90m(C:\Users\josed\Documents\QR-FARM\frontend\[
39mnode_modules\[4m@vue[24m\runtime-core\dist\runtime-core.cjs.js:200:19[90m
)[39m
    at Object.callWithAsyncErrorHandling [90m(C:\Users\josed\Documents\QR-FARM
\frontend\[39mnode_modules\[4m@vue[24m\runtime-core\dist\runtime-core.cjs.js
:207:17[90m)[39m
    at HTMLButtonElement.invoker [90m(C:\Users\josed\Documents\QR-FARM\fronten
d\[39mnode_modules\[4m@vue[24m\runtime-dom\dist\runtime-dom.cjs.js:665:17[9
0m)[39m
    at HTMLButtonElement.callTheUserObjectsOperation [90m(C:\Users\josed\Docum
ents\QR-FARM\frontend\[39mnode_modules\[4mjsdom[24m\lib\jsdom\living\generat
ed\EventListener.js:26:30[90m)[39m
    at innerInvokeEventListeners [90m(C:\Users\josed\Documents\QR-FARM\fronten
d\[39mnode_modules\[4mjsdom[24m\lib\jsdom\living\events\EventTarget-impl.js:
360:16[90m)[39m
[AdminLayout] Stack trace: Error: Logout error
    at Object.<anonymous> (C:/Users/josed/Documents/QR-FARM/frontend/src/layout
s/AdminLayout.spec.js:374:10)
    at Object.Mock [as logout] (file:///C:/Users/josed/Documents/QR-FARM/fronte
nd/node_modules/@vitest/spy/dist/index.js:280:34)
    at Proxy.logout 
(C:/Users/josed/Documents/QR-FARM/frontend/src/layouts/AdminLayout.vue:197:21)
    at Object.bound logout [as logout] (file:///C:/Users/josed/Documents/QR-FAR
M/frontend/node_modules/@vitest/spy/dist/index.js:280:34)
    at onClick._cache.<computed>._cache.<computed> 
(C:/Users/josed/Documents/QR-FARM/frontend/src/layouts/AdminLayout.vue:41:64)
    at callWithErrorHandling (C:\Users\josed\Documents\QR-FARM\frontend\node_mo
dules\@vue\runtime-core\dist\runtime-core.cjs.js:200:19)
    at Object.callWithAsyncErrorHandling (C:\Users\josed\Documents\QR-FARM\fron
tend\node_modules\@vue\runtime-core\dist\runtime-core.cjs.js:207:17)
    at HTMLButtonElement.invoker (C:\Users\josed\Documents\QR-FARM\frontend\nod
e_modules\@vue\runtime-dom\dist\runtime-dom.cjs.js:665:17)
    at HTMLButtonElement.callTheUserObjectsOperation (C:\Users\josed\Documents\
QR-FARM\frontend\node_modules\jsdom\lib\jsdom\living\generated\EventListener.js
:26:30)
    at innerInvokeEventListeners (C:\Users\josed\Documents\QR-FARM\frontend\nod
e_modules\jsdom\lib\jsdom\living\events\EventTarget-impl.js:360:16)

 [32mÔ£ô[39m src/layouts/AdminLayout.spec.js [2m([22m[2m31 tests[22m[2m)[22m[33m 1880[2mms[22m[39m
[90mstderr[2m | src/layouts/UserLayout.spec.js[2m > 
[22m[2mUserLayout.vue[2m > [22m[2mComponent Rendering[2m > 
[22m[2mshould render the component
[22m[39m[Vue Router warn]: No match found for location with path ""

[90mstderr[2m | src/layouts/UserLayout.spec.js[2m > 
[22m[2mUserLayout.vue[2m > [22m[2mComponent Rendering[2m > 
[22m[2mshould render navbar
[22m[39m[Vue Router warn]: No match found for location with path ""

[90mstderr[2m | src/layouts/UserLayout.spec.js[2m > 
[22m[2mUserLayout.vue[2m > [22m[2mComponent Rendering[2m > 
[22m[2mshould render user name in navbar
[22m[39m[Vue Router warn]: No match found for location with path ""

[90mstderr[2m | src/layouts/UserLayout.spec.js[2m > 
[22m[2mUserLayout.vue[2m > [22m[2mComponent Rendering[2m > 
[22m[2mshould render "Usuario" badge
[22m[39m[Vue Router warn]: No match found for location with path ""

[90mstderr[2m | src/layouts/UserLayout.spec.js[2m > 
[22m[2mUserLayout.vue[2m > [22m[2mComponent Rendering[2m > 
[22m[2mshould render QR FARM brand link
[22m[39m[Vue Router warn]: No match found for location with path ""

[90mstderr[2m | src/layouts/UserLayout.spec.js[2m > 
[22m[2mUserLayout.vue[2m > [22m[2mComponent Rendering[2m > 
[22m[2mshould render logout button
[22m[39m[Vue Router warn]: No match found for location with path ""

[90mstderr[2m | src/layouts/UserLayout.spec.js[2m > 
[22m[2mUserLayout.vue[2m > [22m[2mComponent Rendering[2m > 
[22m[2mshould render mobile menu button
[22m[39m[Vue Router warn]: No match found for location with path ""

[90mstderr[2m | src/layouts/UserLayout.spec.js[2m > 
[22m[2mUserLayout.vue[2m > [22m[2mComponent Rendering[2m > 
[22m[2mshould render sidebar
[22m[39m[Vue Router warn]: No match found for location with path ""

[90mstderr[2m | src/layouts/UserLayout.spec.js[2m > 
[22m[2mUserLayout.vue[2m > [22m[2mComponent Rendering[2m > 
[22m[2mshould render all sidebar navigation links
[22m[39m[Vue Router warn]: No match found for location with path ""

[90mstderr[2m | src/layouts/UserLayout.spec.js[2m > 
[22m[2mUserLayout.vue[2m > [22m[2mComponent Rendering[2m > 
[22m[2mshould render router-view
[22m[39m[Vue Router warn]: No match found for location with path ""

[90mstderr[2m | src/layouts/UserLayout.spec.js[2m > 
[22m[2mUserLayout.vue[2m > [22m[2mAuthentication and Mounted Hook[2m > 
[22m[2mshould redirect to login if not authenticated
[22m[39m[Vue Router warn]: No match found for location with path ""

[90mstderr[2m | src/layouts/UserLayout.spec.js[2m > 
[22m[2mUserLayout.vue[2m > [22m[2mAuthentication and Mounted Hook[2m > 
[22m[2mshould redirect to login if not user
[22m[39m[Vue Router warn]: No match found for location with path ""

[90mstderr[2m | src/layouts/UserLayout.spec.js[2m > 
[22m[2mUserLayout.vue[2m > [22m[2mAuthentication and Mounted Hook[2m > 
[22m[2mshould set userName from user data when authenticated and user
[22m[39m[Vue Router warn]: No match found for location with path ""

[90mstderr[2m | src/layouts/UserLayout.spec.js[2m > 
[22m[2mUserLayout.vue[2m > [22m[2mAuthentication and Mounted Hook[2m > 
[22m[2mshould set userName to "Usuario" when user data is missing
[22m[39m[Vue Router warn]: No match found for location with path ""

[90mstderr[2m | src/layouts/UserLayout.spec.js[2m > 
[22m[2mUserLayout.vue[2m > [22m[2mAuthentication and Mounted Hook[2m > 
[22m[2mshould set userName to "Usuario" when persona is missing
[22m[39m[Vue Router warn]: No match found for location with path ""

[90mstderr[2m | src/layouts/UserLayout.spec.js[2m > 
[22m[2mUserLayout.vue[2m > [22m[2mAuthentication and Mounted Hook[2m > 
[22m[2mshould set userName to "Usuario" when primer_nombre is missing
[22m[39m[Vue Router warn]: No match found for location with path ""

[90mstderr[2m | src/layouts/UserLayout.spec.js[2m > 
[22m[2mUserLayout.vue[2m > [22m[2mLogout Functionality[2m > 
[22m[2mshould call logout method when logout button is clicked
[22m[39m[Vue Router warn]: No match found for location with path ""

[90mstderr[2m | src/composables/useFetchData.spec.js[2m > 
[22m[2museFetchData[2m > [22m[2mOptions[2m > [22m[2mshould not load 
immediately when immediate is false
[22m[39m[Vue warn]: onUnmounted is called when there is no active component 
instance to be associated with. Lifecycle injection APIs can only be used 
during execution of setup(). If you are using async setup(), make sure to 
register lifecycle hooks before the first await statement.

[90mstderr[2m | src/layouts/UserLayout.spec.js[2m > 
[22m[2mUserLayout.vue[2m > [22m[2mLogout Functionality[2m > 
[22m[2mshould call authService.logout and redirect to login
[22m[39m[Vue Router warn]: No match found for location with path ""

[90mstderr[2m | src/composables/useFetchData.spec.js[2m > 
[22m[2museFetchData[2m > [22m[2mresetState Function[2m > [22m[2mshould 
reset all state
[22m[39m[Vue warn]: onUnmounted is called when there is no active component 
instance to be associated with. Lifecycle injection APIs can only be used 
during execution of setup(). If you are using async setup(), make sure to 
register lifecycle hooks before the first await statement.
[Vue warn] Set operation on key "value" failed: target is readonly. RefImpl {
  dep: Dep {
    computed: [90mundefined[39m,
    version: [33m0[39m,
    activeLink: [90mundefined[39m,
    subs: [90mundefined[39m,
    map: [90mundefined[39m,
    key: [90mundefined[39m,
    sc: [33m0[39m,
    __v_skip: [33mtrue[39m,
    subsHead: [90mundefined[39m
  },
  __v_isRef: [33mtrue[39m,
  __v_isShallow: [33mfalse[39m,
  _rawValue: [1mnull[22m,
  _value: [1mnull[22m
}
[Vue warn] Set operation on key "value" failed: target is readonly. RefImpl {
  dep: Dep {
    computed: [90mundefined[39m,
    version: [33m0[39m,
    activeLink: [90mundefined[39m,
    subs: [90mundefined[39m,
    map: [90mundefined[39m,
    key: [90mundefined[39m,
    sc: [33m0[39m,
    __v_skip: [33mtrue[39m,
    subsHead: [90mundefined[39m
  },
  __v_isRef: [33mtrue[39m,
  __v_isShallow: [33mfalse[39m,
  _rawValue: [33mfalse[39m,
  _value: [33mfalse[39m
}
[Vue warn] Set operation on key "value" failed: target is readonly. RefImpl {
  dep: Dep {
    computed: [90mundefined[39m,
    version: [33m0[39m,
    activeLink: [90mundefined[39m,
    subs: [90mundefined[39m,
    map: [90mundefined[39m,
    key: [90mundefined[39m,
    sc: [33m0[39m,
    __v_skip: [33mtrue[39m,
    subsHead: [90mundefined[39m
  },
  __v_isRef: [33mtrue[39m,
  __v_isShallow: [33mfalse[39m,
  _rawValue: [1mnull[22m,
  _value: [1mnull[22m
}
[Vue warn] Set operation on key "value" failed: target is readonly. RefImpl {
  dep: Dep {
    computed: [90mundefined[39m,
    version: [33m0[39m,
    activeLink: [90mundefined[39m,
    subs: [90mundefined[39m,
    map: [90mundefined[39m,
    key: [90mundefined[39m,
    sc: [33m0[39m,
    __v_skip: [33mtrue[39m,
    subsHead: [90mundefined[39m
  },
  __v_isRef: [33mtrue[39m,
  __v_isShallow: [33mfalse[39m,
  _rawValue: [33mfalse[39m,
  _value: [33mfalse[39m
}

[90mstderr[2m | src/layouts/UserLayout.spec.js[2m > 
[22m[2mUserLayout.vue[2m > [22m[2mLogout Functionality[2m > 
[22m[2mshould handle logout method call
[22m[39m[Vue Router warn]: No match found for location with path ""

[90mstderr[2m | src/layouts/UserLayout.spec.js[2m > 
[22m[2mUserLayout.vue[2m > [22m[2mSidebar Navigation Links[2m > 
[22m[2mshould have correct route for Inicio link
[22m[39m[Vue Router warn]: No match found for location with path ""

[90mstderr[2m | src/layouts/UserLayout.spec.js[2m > 
[22m[2mUserLayout.vue[2m > [22m[2mSidebar Navigation Links[2m > 
[22m[2mshould have correct route for Mi Ganado link
[22m[39m[Vue Router warn]: No match found for location with path ""

 [32mÔ£ô[39m src/composables/useFetchData.spec.js [2m([22m[2m13 tests[22m[2m)[22m[33m 6133[2mms[22m[39m
       [33m[2mÔ£ô[22m[39m should handle errors [33m 2033[2mms[22m[39m
       [33m[2mÔ£ô[22m[39m should retry on failure [33m 2021[2mms[22m[39m
       [33m[2mÔ£ô[22m[39m should call onError callback [33m 2022[2mms[22m[39m
[90mstderr[2m | src/layouts/UserLayout.spec.js[2m > 
[22m[2mUserLayout.vue[2m > [22m[2mSidebar Navigation Links[2m > 
[22m[2mshould have correct route for Potreros link
[22m[39m[Vue Router warn]: No match found for location with path ""

[90mstderr[2m | src/layouts/UserLayout.spec.js[2m > 
[22m[2mUserLayout.vue[2m > [22m[2mSidebar Navigation Links[2m > 
[22m[2mshould have correct route for Reportes link
[22m[39m[Vue Router warn]: No match found for location with path ""

[90mstderr[2m | src/layouts/UserLayout.spec.js[2m > 
[22m[2mUserLayout.vue[2m > [22m[2mSidebar Navigation Links[2m > 
[22m[2mshould have correct route for Vacunaci├│n link
[22m[39m[Vue Router warn]: No match found for location with path ""

[90mstderr[2m | src/layouts/UserLayout.spec.js[2m > 
[22m[2mUserLayout.vue[2m > [22m[2mSidebar Navigation Links[2m > 
[22m[2mshould have correct route for Perfil link
[22m[39m[Vue Router warn]: No match found for location with path ""

[90mstderr[2m | src/layouts/UserLayout.spec.js[2m > 
[22m[2mUserLayout.vue[2m > [22m[2mSidebar Navigation Links[2m > 
[22m[2mshould have correct route for Escanear QR link
[22m[39m[Vue Router warn]: No match found for location with path ""

[90mstderr[2m | src/layouts/UserLayout.spec.js[2m > 
[22m[2mUserLayout.vue[2m > [22m[2mIcons and Visual Elements[2m > 
[22m[2mshould render user icon in navbar
[22m[39m[Vue Router warn]: No match found for location with path ""

[90mstderr[2m | src/layouts/UserLayout.spec.js[2m > 
[22m[2mUserLayout.vue[2m > [22m[2mIcons and Visual Elements[2m > 
[22m[2mshould render cow icon in brand
[22m[39m[Vue Router warn]: No match found for location with path ""

[90mstderr[2m | src/layouts/UserLayout.spec.js[2m > 
[22m[2mUserLayout.vue[2m > [22m[2mIcons and Visual Elements[2m > 
[22m[2mshould render logout icon in logout button
[22m[39m[Vue Router warn]: No match found for location with path ""

[90mstderr[2m | src/layouts/UserLayout.spec.js[2m > 
[22m[2mUserLayout.vue[2m > [22m[2mIcons and Visual Elements[2m > 
[22m[2mshould render menu icon in mobile button
[22m[39m[Vue Router warn]: No match found for location with path ""

[90mstderr[2m | src/layouts/UserLayout.spec.js[2m > 
[22m[2mUserLayout.vue[2m > [22m[2mIcons and Visual Elements[2m > 
[22m[2mshould render icons in sidebar links
[22m[39m[Vue Router warn]: No match found for location with path ""

 [32mÔ£ô[39m src/layouts/UserLayout.spec.js [2m([22m[2m35 tests[22m[2m)[22m[33m 1465[2mms[22m[39m
 [32mÔ£ô[39m src/views/admin/DashboardContent.spec.js [2m([22m[2m7 tests[22m[2m)[22m[33m 1076[2mms[22m[39m
[90mstderr[2m | src/assets/js/dashboard-usuario.spec.js[2m > 
[22m[2mdashboard-usuario.js[2m > [22m[2mMounted Hook[2m > 
[22m[2mshould redirect to login if not authenticated
[22m[39m[Vue Router warn]: No match found for location with path ""
[Vue warn]: Component is missing template or render function:  {
  name: [32m'DashboardUsuario'[39m,
  data: [36m[Function: data][39m,
  mounted: [36m[Function: mounted][39m,
  methods: {
    cargarEstadisticas: [36m[AsyncFunction: cargarEstadisticas][39m,
    logout: [36m[Function: logout][39m
  },
  components: {}
} 
  at <DashboardUsuario ref="VTU_COMPONENT" > 
  at <VTUROOT>

[90mstderr[2m | src/assets/js/dashboard-usuario.spec.js[2m > 
[22m[2mdashboard-usuario.js[2m > [22m[2mMounted Hook[2m > 
[22m[2mshould redirect to login if not user
[22m[39m[Vue Router warn]: No match found for location with path ""
[Vue warn]: Component is missing template or render function:  {
  name: [32m'DashboardUsuario'[39m,
  data: [36m[Function: data][39m,
  mounted: [36m[Function: mounted][39m,
  methods: {
    cargarEstadisticas: [36m[AsyncFunction: cargarEstadisticas][39m,
    logout: [36m[Function: logout][39m
  },
  components: {}
} 
  at <DashboardUsuario ref="VTU_COMPONENT" > 
  at <VTUROOT>

[90mstderr[2m | src/assets/js/dashboard-admin.spec.js[2m > 
[22m[2mdashboard-admin.js[2m > [22m[2mMounted Hook[2m > [22m[2mshould 
redirect to login if not authenticated
[22m[39m[Vue Router warn]: No match found for location with path ""
[Vue warn]: Component is missing template or render function:  {
  name: [32m'DashboardAdmin'[39m,
  data: [36m[Function: data][39m,
  mounted: [36m[Function: mounted][39m,
  methods: {
    cargarEstadisticas: [36m[AsyncFunction: cargarEstadisticas][39m,
    logout: [36m[Function: logout][39m
  },
  components: {}
} 
  at <DashboardAdmin ref="VTU_COMPONENT" > 
  at <VTUROOT>

[90mstderr[2m | src/assets/js/dashboard-usuario.spec.js[2m > 
[22m[2mdashboard-usuario.js[2m > [22m[2mMounted Hook[2m > 
[22m[2mshould set userName from user.persona.primer_nombre
[22m[39m[Vue Router warn]: No match found for location with path ""
[Vue warn]: Component is missing template or render function:  {
  name: [32m'DashboardUsuario'[39m,
  data: [36m[Function: data][39m,
  mounted: [36m[Function: mounted][39m,
  methods: {
    cargarEstadisticas: [36m[AsyncFunction: cargarEstadisticas][39m,
    logout: [36m[Function: logout][39m
  },
  components: {}
} 
  at <DashboardUsuario ref="VTU_COMPONENT" > 
  at <VTUROOT>

[90mstderr[2m | src/assets/js/dashboard-admin.spec.js[2m > 
[22m[2mdashboard-admin.js[2m > [22m[2mMounted Hook[2m > [22m[2mshould 
redirect to login if not admin
[22m[39m[Vue Router warn]: No match found for location with path ""
[Vue warn]: Component is missing template or render function:  {
  name: [32m'DashboardAdmin'[39m,
  data: [36m[Function: data][39m,
  mounted: [36m[Function: mounted][39m,
  methods: {
    cargarEstadisticas: [36m[AsyncFunction: cargarEstadisticas][39m,
    logout: [36m[Function: logout][39m
  },
  components: {}
} 
  at <DashboardAdmin ref="VTU_COMPONENT" > 
  at <VTUROOT>

[90mstderr[2m | src/assets/js/dashboard-admin.spec.js[2m > 
[22m[2mdashboard-admin.js[2m > [22m[2mMounted Hook[2m > [22m[2mshould 
set userName from user.persona.primer_nombre
[22m[39m[Vue Router warn]: No match found for location with path ""
[Vue warn]: Component is missing template or render function:  {
  name: [32m'DashboardAdmin'[39m,
  data: [36m[Function: data][39m,
  mounted: [36m[Function: mounted][39m,
  methods: {
    cargarEstadisticas: [36m[AsyncFunction: cargarEstadisticas][39m,
    logout: [36m[Function: logout][39m
  },
  components: {}
} 
  at <DashboardAdmin ref="VTU_COMPONENT" > 
  at <VTUROOT>

[90mstderr[2m | src/assets/js/dashboard-usuario.spec.js[2m > 
[22m[2mdashboard-usuario.js[2m > [22m[2mMounted Hook[2m > 
[22m[2mshould set userName to "Usuario" if user has no persona
[22m[39m[Vue Router warn]: No match found for location with path ""
[Vue warn]: Component is missing template or render function:  {
  name: [32m'DashboardUsuario'[39m,
  data: [36m[Function: data][39m,
  mounted: [36m[Function: mounted][39m,
  methods: {
    cargarEstadisticas: [36m[AsyncFunction: cargarEstadisticas][39m,
    logout: [36m[Function: logout][39m
  },
  components: {}
} 
  at <DashboardUsuario ref="VTU_COMPONENT" > 
  at <VTUROOT>

[90mstderr[2m | src/assets/js/dashboard-admin.spec.js[2m > 
[22m[2mdashboard-admin.js[2m > [22m[2mMounted Hook[2m > [22m[2mshould 
set userName to "Administrador" if user has no persona
[22m[39m[Vue Router warn]: No match found for location with path ""
[Vue warn]: Component is missing template or render function:  {
  name: [32m'DashboardAdmin'[39m,
  data: [36m[Function: data][39m,
  mounted: [36m[Function: mounted][39m,
  methods: {
    cargarEstadisticas: [36m[AsyncFunction: cargarEstadisticas][39m,
    logout: [36m[Function: logout][39m
  },
  components: {}
} 
  at <DashboardAdmin ref="VTU_COMPONENT" > 
  at <VTUROOT>

[90mstderr[2m | src/views/user/PerfilUsuario.spec.js[2m > 
[22m[2mPerfilUsuario.vue[2m > [22m[2mTemplate Rendering[2m > 
[22m[2mshould render the component with container-fluid (line 2)
[22m[39m[Vue Router warn]: No match found for location with path ""

[90mstderr[2m | src/views/user/PerfilUsuario.spec.js[2m > 
[22m[2mPerfilUsuario.vue[2m > [22m[2mTemplate Rendering[2m > 
[22m[2mshould render the component
[22m[39m[Vue Router warn]: No match found for location with path ""

[90mstderr[2m | src/assets/js/dashboard-usuario.spec.js[2m > 
[22m[2mdashboard-usuario.js[2m > [22m[2mMounted Hook[2m > 
[22m[2mshould set userName to "Usuario" if user is null
[22m[39m[Vue Router warn]: No match found for location with path ""
[Vue warn]: Component is missing template or render function:  {
  name: [32m'DashboardUsuario'[39m,
  data: [36m[Function: data][39m,
  mounted: [36m[Function: mounted][39m,
  methods: {
    cargarEstadisticas: [36m[AsyncFunction: cargarEstadisticas][39m,
    logout: [36m[Function: logout][39m
  },
  components: {}
} 
  at <DashboardUsuario ref="VTU_COMPONENT" > 
  at <VTUROOT>

[90mstderr[2m | src/assets/js/dashboard-admin.spec.js[2m > 
[22m[2mdashboard-admin.js[2m > [22m[2mMounted Hook[2m > [22m[2mshould 
set userName to "Administrador" if user is null
[22m[39m[Vue Router warn]: No match found for location with path ""
[Vue warn]: Component is missing template or render function:  {
  name: [32m'DashboardAdmin'[39m,
  data: [36m[Function: data][39m,
  mounted: [36m[Function: mounted][39m,
  methods: {
    cargarEstadisticas: [36m[AsyncFunction: cargarEstadisticas][39m,
    logout: [36m[Function: logout][39m
  },
  components: {}
} 
  at <DashboardAdmin ref="VTU_COMPONENT" > 
  at <VTUROOT>

[90mstderr[2m | src/views/user/PerfilUsuario.spec.js[2m > 
[22m[2mPerfilUsuario.vue[2m > [22m[2mTemplate Rendering[2m > 
[22m[2mshould render save button (line 35)
[22m[39m[Vue Router warn]: No match found for location with path ""

[90mstderr[2m | src/views/user/PerfilUsuario.spec.js[2m > 
[22m[2mPerfilUsuario.vue[2m > [22m[2mTemplate Rendering[2m > 
[22m[2mshould disable save button when loading
[22m[39m[Vue Router warn]: No match found for location with path ""

[90mstderr[2m | src/views/user/PerfilUsuario.spec.js[2m > 
[22m[2mPerfilUsuario.vue[2m > [22m[2mTemplate Rendering[2m > 
[22m[2mshould render cancel button (line 39)
[22m[39m[Vue Router warn]: No match found for location with path ""

[90mstderr[2m | src/assets/js/dashboard-usuario.spec.js[2m > 
[22m[2mdashboard-usuario.js[2m > [22m[2mMounted Hook[2m > 
[22m[2mshould call cargarEstadisticas when authenticated and user
[22m[39m[Vue Router warn]: No match found for location with path ""
[Vue warn]: Component is missing template or render function:  {
  name: [32m'DashboardUsuario'[39m,
  data: [36m[Function: data][39m,
  mounted: [36m[Function: mounted][39m,
  methods: {
    cargarEstadisticas: [36m[AsyncFunction: cargarEstadisticas][39m,
    logout: [36m[Function: logout][39m
  },
  components: {}
} 
  at <DashboardUsuario ref="VTU_COMPONENT" > 
  at <VTUROOT>

[90mstderr[2m | src/views/user/PerfilUsuario.spec.js[2m > 
[22m[2mPerfilUsuario.vue[2m > [22m[2mTemplate Rendering[2m > 
[22m[2mshould call cancelarEdicion when cancel button is clicked
[22m[39m[Vue Router warn]: No match found for location with path ""

[90mstderr[2m | src/assets/js/dashboard-admin.spec.js[2m > 
[22m[2mdashboard-admin.js[2m > [22m[2mMounted Hook[2m > [22m[2mshould 
call cargarEstadisticas when authenticated and admin
[22m[39m[Vue Router warn]: No match found for location with path ""
[Vue warn]: Component is missing template or render function:  {
  name: [32m'DashboardAdmin'[39m,
  data: [36m[Function: data][39m,
  mounted: [36m[Function: mounted][39m,
  methods: {
    cargarEstadisticas: [36m[AsyncFunction: cargarEstadisticas][39m,
    logout: [36m[Function: logout][39m
  },
  components: {}
} 
  at <DashboardAdmin ref="VTU_COMPONENT" > 
  at <VTUROOT>

[90mstderr[2m | src/views/user/PerfilUsuario.spec.js[2m > 
[22m[2mPerfilUsuario.vue[2m > [22m[2mTemplate Rendering[2m > 
[22m[2mshould disable cancel button when loading
[22m[39m[Vue Router warn]: No match found for location with path ""

[90mstderr[2m | src/views/user/PerfilUsuario.spec.js[2m > 
[22m[2mPerfilUsuario.vue[2m > [22m[2mTemplate Rendering[2m > 
[22m[2mshould show message alert when message exists (line 44)
[22m[39m[Vue Router warn]: No match found for location with path ""

[90mstderr[2m | src/assets/js/dashboard-usuario.spec.js[2m > 
[22m[2mdashboard-usuario.js[2m > [22m[2mcargarEstadisticas Method[2m > 
[22m[2mshould load statistics successfully
[22m[39m[Vue Router warn]: No match found for location with path ""
[Vue warn]: Component is missing template or render function:  {
  name: [32m'DashboardUsuario'[39m,
  data: [36m[Function: data][39m,
  mounted: [36m[Function: mounted][39m,
  methods: {
    cargarEstadisticas: [36m[AsyncFunction: cargarEstadisticas][39m,
    logout: [36m[Function: logout][39m
  },
  components: {}
} 
  at <DashboardUsuario ref="VTU_COMPONENT" > 
  at <VTUROOT>

[90mstderr[2m | src/views/user/PerfilUsuario.spec.js[2m > 
[22m[2mPerfilUsuario.vue[2m > [22m[2mTemplate Rendering[2m > 
[22m[2mshould show error alert when messageType is error
[22m[39m[Vue Router warn]: No match found for location with path ""

[90mstderr[2m | src/assets/js/dashboard-usuario.spec.js[2m > 
[22m[2mdashboard-usuario.js[2m > [22m[2mcargarEstadisticas Method[2m > 
[22m[2mshould handle empty responses
[22m[39m[Vue Router warn]: No match found for location with path ""
[Vue warn]: Component is missing template or render function:  {
  name: [32m'DashboardUsuario'[39m,
  data: [36m[Function: data][39m,
  mounted: [36m[Function: mounted][39m,
  methods: {
    cargarEstadisticas: [36m[AsyncFunction: cargarEstadisticas][39m,
    logout: [36m[Function: logout][39m
  },
  components: {}
} 
  at <DashboardUsuario ref="VTU_COMPONENT" > 
  at <VTUROOT>

[90mstderr[2m | src/assets/js/dashboard-admin.spec.js[2m > 
[22m[2mdashboard-admin.js[2m > [22m[2mcargarEstadisticas Method[2m > 
[22m[2mshould load statistics successfully
[22m[39m[Vue Router warn]: No match found for location with path ""
[Vue warn]: Component is missing template or render function:  {
  name: [32m'DashboardAdmin'[39m,
  data: [36m[Function: data][39m,
  mounted: [36m[Function: mounted][39m,
  methods: {
    cargarEstadisticas: [36m[AsyncFunction: cargarEstadisticas][39m,
    logout: [36m[Function: logout][39m
  },
  components: {}
} 
  at <DashboardAdmin ref="VTU_COMPONENT" > 
  at <VTUROOT>

[90mstderr[2m | src/assets/js/dashboard-usuario.spec.js[2m > 
[22m[2mdashboard-usuario.js[2m > [22m[2mcargarEstadisticas Method[2m > 
[22m[2mshould handle responses without data property
[22m[39m[Vue Router warn]: No match found for location with path ""
[Vue warn]: Component is missing template or render function:  {
  name: [32m'DashboardUsuario'[39m,
  data: [36m[Function: data][39m,
  mounted: [36m[Function: mounted][39m,
  methods: {
    cargarEstadisticas: [36m[AsyncFunction: cargarEstadisticas][39m,
    logout: [36m[Function: logout][39m
  },
  components: {}
} 
  at <DashboardUsuario ref="VTU_COMPONENT" > 
  at <VTUROOT>

[90mstderr[2m | src/assets/js/dashboard-usuario.spec.js[2m > 
[22m[2mdashboard-usuario.js[2m > [22m[2mcargarEstadisticas Method[2m > 
[22m[2mshould handle responses without data.data property
[22m[39m[Vue Router warn]: No match found for location with path ""
[Vue warn]: Component is missing template or render function:  {
  name: [32m'DashboardUsuario'[39m,
  data: [36m[Function: data][39m,
  mounted: [36m[Function: mounted][39m,
  methods: {
    cargarEstadisticas: [36m[AsyncFunction: cargarEstadisticas][39m,
    logout: [36m[Function: logout][39m
  },
  components: {}
} 
  at <DashboardUsuario ref="VTU_COMPONENT" > 
  at <VTUROOT>

[90mstderr[2m | src/assets/js/dashboard-admin.spec.js[2m > 
[22m[2mdashboard-admin.js[2m > [22m[2mcargarEstadisticas Method[2m > 
[22m[2mshould handle empty responses
[22m[39m[Vue Router warn]: No match found for location with path ""
[Vue warn]: Component is missing template or render function:  {
  name: [32m'DashboardAdmin'[39m,
  data: [36m[Function: data][39m,
  mounted: [36m[Function: mounted][39m,
  methods: {
    cargarEstadisticas: [36m[AsyncFunction: cargarEstadisticas][39m,
    logout: [36m[Function: logout][39m
  },
  components: {}
} 
  at <DashboardAdmin ref="VTU_COMPONENT" > 
  at <VTUROOT>

[90mstderr[2m | src/assets/js/dashboard-usuario.spec.js[2m > 
[22m[2mdashboard-usuario.js[2m > [22m[2mcargarEstadisticas Method[2m > 
[22m[2mshould handle errors gracefully
[22m[39m[Vue Router warn]: No match found for location with path ""
[Vue warn]: Component is missing template or render function:  {
  name: [32m'DashboardUsuario'[39m,
  data: [36m[Function: data][39m,
  mounted: [36m[Function: mounted][39m,
  methods: {
    cargarEstadisticas: [36m[AsyncFunction: cargarEstadisticas][39m,
    logout: [36m[Function: logout][39m
  },
  components: {}
} 
  at <DashboardUsuario ref="VTU_COMPONENT" > 
  at <VTUROOT>

 [32mÔ£ô[39m src/components/GanadoDetailCard.spec.js [2m([22m[2m48 tests[22m[2m)[22m[33m 2008[2mms[22m[39m
[90mstderr[2m | src/assets/js/dashboard-usuario.spec.js[2m > 
[22m[2mdashboard-usuario.js[2m > [22m[2mcargarEstadisticas Method[2m > 
[22m[2mshould set salud using generarFraccionAleatoriaDemo between 80 and 99
[22m[39m[Vue Router warn]: No match found for location with path ""
[Vue warn]: Component is missing template or render function:  {
  name: [32m'DashboardUsuario'[39m,
  data: [36m[Function: data][39m,
  mounted: [36m[Function: mounted][39m,
  methods: {
    cargarEstadisticas: [36m[AsyncFunction: cargarEstadisticas][39m,
    logout: [36m[Function: logout][39m
  },
  components: {}
} 
  at <DashboardUsuario ref="VTU_COMPONENT" > 
  at <VTUROOT>

[90mstderr[2m | src/views/user/PerfilUsuario.spec.js[2m > 
[22m[2mPerfilUsuario.vue[2m > [22m[2mTemplate Rendering[2m > 
[22m[2mshould not show alert when message is empty
[22m[39m[Vue Router warn]: No match found for location with path ""

[90mstderr[2m | src/assets/js/dashboard-admin.spec.js[2m > 
[22m[2mdashboard-admin.js[2m > [22m[2mcargarEstadisticas Method[2m > 
[22m[2mshould handle responses without data property
[22m[39m[Vue Router warn]: No match found for location with path ""
[Vue warn]: Component is missing template or render function:  {
  name: [32m'DashboardAdmin'[39m,
  data: [36m[Function: data][39m,
  mounted: [36m[Function: mounted][39m,
  methods: {
    cargarEstadisticas: [36m[AsyncFunction: cargarEstadisticas][39m,
    logout: [36m[Function: logout][39m
  },
  components: {}
} 
  at <DashboardAdmin ref="VTU_COMPONENT" > 
  at <VTUROOT>

[90mstderr[2m | src/assets/js/dashboard-usuario.spec.js[2m > 
[22m[2mdashboard-usuario.js[2m > [22m[2mcargarEstadisticas Method[2m > 
[22m[2mshould handle all API errors
[22m[39m[Vue Router warn]: No match found for location with path ""
[Vue warn]: Component is missing template or render function:  {
  name: [32m'DashboardUsuario'[39m,
  data: [36m[Function: data][39m,
  mounted: [36m[Function: mounted][39m,
  methods: {
    cargarEstadisticas: [36m[AsyncFunction: cargarEstadisticas][39m,
    logout: [36m[Function: logout][39m
  },
  components: {}
} 
  at <DashboardUsuario ref="VTU_COMPONENT" > 
  at <VTUROOT>

[90mstderr[2m | src/assets/js/dashboard-admin.spec.js[2m > 
[22m[2mdashboard-admin.js[2m > [22m[2mcargarEstadisticas Method[2m > 
[22m[2mshould handle responses without data.data property
[22m[39m[Vue Router warn]: No match found for location with path ""
[Vue warn]: Component is missing template or render function:  {
  name: [32m'DashboardAdmin'[39m,
  data: [36m[Function: data][39m,
  mounted: [36m[Function: mounted][39m,
  methods: {
    cargarEstadisticas: [36m[AsyncFunction: cargarEstadisticas][39m,
    logout: [36m[Function: logout][39m
  },
  components: {}
} 
  at <DashboardAdmin ref="VTU_COMPONENT" > 
  at <VTUROOT>

[90mstderr[2m | src/assets/js/dashboard-usuario.spec.js[2m > 
[22m[2mdashboard-usuario.js[2m > [22m[2mlogout Method[2m > 
[22m[2mshould call authService.logout
[22m[39m[Vue Router warn]: No match found for location with path ""
[Vue warn]: Component is missing template or render function:  {
  name: [32m'DashboardUsuario'[39m,
  data: [36m[Function: data][39m,
  mounted: [36m[Function: mounted][39m,
  methods: {
    cargarEstadisticas: [36m[AsyncFunction: cargarEstadisticas][39m,
    logout: [36m[Function: logout][39m
  },
  components: {}
} 
  at <DashboardUsuario ref="VTU_COMPONENT" > 
  at <VTUROOT>

[90mstderr[2m | src/assets/js/dashboard-usuario.spec.js[2m > 
[22m[2mdashboard-usuario.js[2m > [22m[2mlogout Method[2m > 
[22m[2mshould redirect to login
[22m[39m[Vue Router warn]: No match found for location with path ""
[Vue warn]: Component is missing template or render function:  {
  name: [32m'DashboardUsuario'[39m,
  data: [36m[Function: data][39m,
  mounted: [36m[Function: mounted][39m,
  methods: {
    cargarEstadisticas: [36m[AsyncFunction: cargarEstadisticas][39m,
    logout: [36m[Function: logout][39m
  },
  components: {}
} 
  at <DashboardUsuario ref="VTU_COMPONENT" > 
  at <VTUROOT>

[90mstderr[2m | src/assets/js/dashboard-admin.spec.js[2m > 
[22m[2mdashboard-admin.js[2m > [22m[2mcargarEstadisticas Method[2m > 
[22m[2mshould handle errors gracefully
[22m[39m[Vue Router warn]: No match found for location with path ""
[Vue warn]: Component is missing template or render function:  {
  name: [32m'DashboardAdmin'[39m,
  data: [36m[Function: data][39m,
  mounted: [36m[Function: mounted][39m,
  methods: {
    cargarEstadisticas: [36m[AsyncFunction: cargarEstadisticas][39m,
    logout: [36m[Function: logout][39m
  },
  components: {}
} 
  at <DashboardAdmin ref="VTU_COMPONENT" > 
  at <VTUROOT>

[90mstderr[2m | src/assets/js/dashboard-usuario.spec.js[2m > 
[22m[2mdashboard-usuario.js[2m > [22m[2mgenerarFraccionAleatoriaDemo 
Function[2m > [22m[2mshould return a fraction when crypto is available
[22m[39m[Vue Router warn]: No match found for location with path ""
[Vue warn]: Component is missing template or render function:  {
  name: [32m'DashboardUsuario'[39m,
  data: [36m[Function: data][39m,
  mounted: [36m[Function: mounted][39m,
  methods: {
    cargarEstadisticas: [36m[AsyncFunction: cargarEstadisticas][39m,
    logout: [36m[Function: logout][39m
  },
  components: {}
} 
  at <DashboardUsuario ref="VTU_COMPONENT" > 
  at <VTUROOT>

[90mstderr[2m | src/assets/js/dashboard-admin.spec.js[2m > 
[22m[2mdashboard-admin.js[2m > [22m[2mcargarEstadisticas Method[2m > 
[22m[2mshould set salud using secureRandomInt between 80 and 99
[22m[39m[Vue Router warn]: No match found for location with path ""
[Vue warn]: Component is missing template or render function:  {
  name: [32m'DashboardAdmin'[39m,
  data: [36m[Function: data][39m,
  mounted: [36m[Function: mounted][39m,
  methods: {
    cargarEstadisticas: [36m[AsyncFunction: cargarEstadisticas][39m,
    logout: [36m[Function: logout][39m
  },
  components: {}
} 
  at <DashboardAdmin ref="VTU_COMPONENT" > 
  at <VTUROOT>

[90mstderr[2m | src/assets/js/dashboard-usuario.spec.js[2m > 
[22m[2mdashboard-usuario.js[2m > [22m[2mgenerarFraccionAleatoriaDemo 
Function[2m > [22m[2mshould handle when crypto is not available
[22m[39m[Vue Router warn]: No match found for location with path ""
[Vue warn]: Component is missing template or render function:  {
  name: [32m'DashboardUsuario'[39m,
  data: [36m[Function: data][39m,
  mounted: [36m[Function: mounted][39m,
  methods: {
    cargarEstadisticas: [36m[AsyncFunction: cargarEstadisticas][39m,
    logout: [36m[Function: logout][39m
  },
  components: {}
} 
  at <DashboardUsuario ref="VTU_COMPONENT" > 
  at <VTUROOT>

[90mstderr[2m | src/assets/js/dashboard-admin.spec.js[2m > 
[22m[2mdashboard-admin.js[2m > [22m[2mcargarEstadisticas Method[2m > 
[22m[2mshould handle all API errors
[22m[39m[Vue Router warn]: No match found for location with path ""
[Vue warn]: Component is missing template or render function:  {
  name: [32m'DashboardAdmin'[39m,
  data: [36m[Function: data][39m,
  mounted: [36m[Function: mounted][39m,
  methods: {
    cargarEstadisticas: [36m[AsyncFunction: cargarEstadisticas][39m,
    logout: [36m[Function: logout][39m
  },
  components: {}
} 
  at <DashboardAdmin ref="VTU_COMPONENT" > 
  at <VTUROOT>

[90mstderr[2m | src/views/user/PerfilUsuario.spec.js[2m > 
[22m[2mPerfilUsuario.vue[2m > [22m[2mTemplate Rendering[2m > 
[22m[2mshould show summary view with profile data (lines 53, 57, 61)
[22m[39m[Vue Router warn]: No match found for location with path ""

[90mstderr[2m | src/assets/js/dashboard-usuario.spec.js[2m > 
[22m[2mdashboard-usuario.js[2m > [22m[2mComponent Integration[2m > 
[22m[2mshould mount and initialize correctly
[22m[39m[Vue Router warn]: No match found for location with path ""
[Vue warn]: Component is missing template or render function:  {
  name: [32m'DashboardUsuario'[39m,
  data: [36m[Function: data][39m,
  mounted: [36m[Function: mounted][39m,
  methods: {
    cargarEstadisticas: [36m[AsyncFunction: cargarEstadisticas][39m,
    logout: [36m[Function: logout][39m
  },
  components: {}
} 
  at <DashboardUsuario ref="VTU_COMPONENT" > 
  at <VTUROOT>

[90mstderr[2m | src/assets/js/dashboard-admin.spec.js[2m > 
[22m[2mdashboard-admin.js[2m > [22m[2mlogout Method[2m > [22m[2mshould 
call authService.logout
[22m[39m[Vue Router warn]: No match found for location with path ""
[Vue warn]: Component is missing template or render function:  {
  name: [32m'DashboardAdmin'[39m,
  data: [36m[Function: data][39m,
  mounted: [36m[Function: mounted][39m,
  methods: {
    cargarEstadisticas: [36m[AsyncFunction: cargarEstadisticas][39m,
    logout: [36m[Function: logout][39m
  },
  components: {}
} 
  at <DashboardAdmin ref="VTU_COMPONENT" > 
  at <VTUROOT>

[90mstderr[2m | src/assets/js/dashboard-admin.spec.js[2m > 
[22m[2mdashboard-admin.js[2m > [22m[2mlogout Method[2m > [22m[2mshould 
redirect to login
[22m[39m[Vue Router warn]: No match found for location with path ""
[Vue warn]: Component is missing template or render function:  {
  name: [32m'DashboardAdmin'[39m,
  data: [36m[Function: data][39m,
  mounted: [36m[Function: mounted][39m,
  methods: {
    cargarEstadisticas: [36m[AsyncFunction: cargarEstadisticas][39m,
    logout: [36m[Function: logout][39m
  },
  components: {}
} 
  at <DashboardAdmin ref="VTU_COMPONENT" > 
  at <VTUROOT>

[90mstderr[2m | src/assets/js/dashboard-admin.spec.js[2m > 
[22m[2mdashboard-admin.js[2m > [22m[2msecureRandomInt Function[2m > 
[22m[2mshould return a number between min and max when crypto is available
[22m[39m[Vue Router warn]: No match found for location with path ""
[Vue warn]: Component is missing template or render function:  {
  name: [32m'DashboardAdmin'[39m,
  data: [36m[Function: data][39m,
  mounted: [36m[Function: mounted][39m,
  methods: {
    cargarEstadisticas: [36m[AsyncFunction: cargarEstadisticas][39m,
    logout: [36m[Function: logout][39m
  },
  components: {}
} 
  at <DashboardAdmin ref="VTU_COMPONENT" > 
  at <VTUROOT>

[90mstderr[2m | src/assets/js/dashboard-admin.spec.js[2m > 
[22m[2mdashboard-admin.js[2m > [22m[2msecureRandomInt Function[2m > 
[22m[2mshould handle when crypto is not available
[22m[39m[Vue Router warn]: No match found for location with path ""
[Vue warn]: Component is missing template or render function:  {
  name: [32m'DashboardAdmin'[39m,
  data: [36m[Function: data][39m,
  mounted: [36m[Function: mounted][39m,
  methods: {
    cargarEstadisticas: [36m[AsyncFunction: cargarEstadisticas][39m,
    logout: [36m[Function: logout][39m
  },
  components: {}
} 
  at <DashboardAdmin ref="VTU_COMPONENT" > 
  at <VTUROOT>

[90mstderr[2m | src/assets/js/dashboard-admin.spec.js[2m > 
[22m[2mdashboard-admin.js[2m > [22m[2msecureRandomInt Function[2m > 
[22m[2mshould handle invalid min/max values
[22m[39m[Vue Router warn]: No match found for location with path ""
[Vue warn]: Component is missing template or render function:  {
  name: [32m'DashboardAdmin'[39m,
  data: [36m[Function: data][39m,
  mounted: [36m[Function: mounted][39m,
  methods: {
    cargarEstadisticas: [36m[AsyncFunction: cargarEstadisticas][39m,
    logout: [36m[Function: logout][39m
  },
  components: {}
} 
  at <DashboardAdmin ref="VTU_COMPONENT" > 
  at <VTUROOT>

[90mstderr[2m | src/assets/js/dashboard-admin.spec.js[2m > 
[22m[2mdashboard-admin.js[2m > [22m[2mComponent Integration[2m > 
[22m[2mshould mount and initialize correctly
[22m[39m[Vue Router warn]: No match found for location with path ""
[Vue warn]: Component is missing template or render function:  {
  name: [32m'DashboardAdmin'[39m,
  data: [36m[Function: data][39m,
  mounted: [36m[Function: mounted][39m,
  methods: {
    cargarEstadisticas: [36m[AsyncFunction: cargarEstadisticas][39m,
    logout: [36m[Function: logout][39m
  },
  components: {}
} 
  at <DashboardAdmin ref="VTU_COMPONENT" > 
  at <VTUROOT>

 [32mÔ£ô[39m src/assets/js/gestionar_animales.spec.js [2m([22m[2m52 tests[22m[2m)[22m[33m 7613[2mms[22m[39m
       [33m[2mÔ£ô[22m[39m should show animal profile successfully [33m 722[2mms[22m[39m
       [33m[2mÔ£ô[22m[39m should show profile with local data on fetch error [33m 328[2mms[22m[39m
       [33m[2mÔ£ô[22m[39m should add new animal successfully [33m 553[2mms[22m[39m
       [33m[2mÔ£ô[22m[39m should edit animal successfully [33m 471[2mms[22m[39m
       [33m[2mÔ£ô[22m[39m should cancel pending requests [33m 671[2mms[22m[39m
       [33m[2mÔ£ô[22m[39m should return error when loading estados fails [33m 2012[2mms[22m[39m
       [33m[2mÔ£ô[22m[39m should return error when loading estados fails [33m 644[2mms[22m[39m
       [33m[2mÔ£ô[22m[39m should call darBajaAnimal [33m 2019[2mms[22m[39m
[90mstderr[2m | src/views/user/PerfilUsuario.spec.js[2m > 
[22m[2mPerfilUsuario.vue[2m > [22m[2mTemplate Rendering[2m > 
[22m[2mshould show "Sin informaci├│n" when profile data is empty (lines 53, 
57, 61)
[22m[39m[Vue Router warn]: No match found for location with path ""

[90mstderr[2m | src/views/user/PerfilUsuario.spec.js[2m > 
[22m[2mPerfilUsuario.vue[2m > [22m[2mTemplate Rendering[2m > 
[22m[2mshould show spinner when loading
[22m[39m[Vue Router warn]: No match found for location with path ""

[90mstderr[2m | src/views/user/PerfilUsuario.spec.js[2m > 
[22m[2mPerfilUsuario.vue[2m > [22m[2mForm Interactions[2m > 
[22m[2mshould call updateProfile when form is submitted
[22m[39m[Vue Router warn]: No match found for location with path ""

 [32mÔ£ô[39m src/assets/js/dashboard-usuario.spec.js [2m([22m[2m23 tests[22m[2m)[22m[33m 826[2mms[22m[39m
 [32mÔ£ô[39m src/assets/js/dashboard-admin.spec.js [2m([22m[2m24 tests[22m[2m)[22m[33m 843[2mms[22m[39m
[90mstderr[2m | src/views/user/PerfilUsuario.spec.js[2m > 
[22m[2mPerfilUsuario.vue[2m > [22m[2mForm Interactions[2m > 
[22m[2mshould update profile and show success message
[22m[39m[Vue Router warn]: No match found for location with path ""

[90mstderr[2m | src/views/user/PerfilUsuario.spec.js[2m > 
[22m[2mPerfilUsuario.vue[2m > [22m[2mForm Interactions[2m > 
[22m[2mshould toggle between form and summary view
[22m[39m[Vue Router warn]: No match found for location with path ""

[90mstderr[2m | src/views/user/PerfilUsuario.spec.js[2m > 
[22m[2mPerfilUsuario.vue[2m > [22m[2mSummary View[2m > [22m[2mshould 
display profile information in summary
[22m[39m[Vue Router warn]: No match found for location with path ""

[90mstderr[2m | src/views/user/PerfilUsuario.spec.js[2m > 
[22m[2mPerfilUsuario.vue[2m > [22m[2mSummary View[2m > [22m[2mshould 
display user role
[22m[39m[Vue Router warn]: No match found for location with path ""

[90mstderr[2m | src/views/user/PerfilUsuario.spec.js[2m > 
[22m[2mPerfilUsuario.vue[2m > [22m[2mSummary View[2m > [22m[2mshould 
display formatted date
[22m[39m[Vue Router warn]: No match found for location with path ""

[90mstderr[2m | src/views/user/PerfilUsuario.spec.js[2m > 
[22m[2mPerfilUsuario.vue[2m > [22m[2mInput Binding[2m > [22m[2mshould 
bind nombreCompleto input
[22m[39m[Vue Router warn]: No match found for location with path ""

[90mstderr[2m | src/views/user/PerfilUsuario.spec.js[2m > 
[22m[2mPerfilUsuario.vue[2m > [22m[2mInput Binding[2m > [22m[2mshould 
bind email input
[22m[39m[Vue Router warn]: No match found for location with path ""

[90mstderr[2m | src/views/user/PerfilUsuario.spec.js[2m > 
[22m[2mPerfilUsuario.vue[2m > [22m[2mInput Binding[2m > [22m[2mshould 
bind telefono input
[22m[39m[Vue Router warn]: No match found for location with path ""

 [32mÔ£ô[39m src/views/user/PerfilUsuario.spec.js [2m([22m[2m22 tests[22m[2m)[22m[33m 1049[2mms[22m[39m
[90mstderr[2m | src/views/admin/PerfilAdmin.spec.js[2m > 
[22m[2mPerfilAdmin.vue[2m > [22m[2mTemplate Rendering[2m > 
[22m[2mshould render the component
[22m[39m[Vue Router warn]: No match found for location with path ""

[90mstderr[2m | src/views/admin/PerfilAdmin.spec.js[2m > 
[22m[2mPerfilAdmin.vue[2m > [22m[2mTemplate Rendering[2m > 
[22m[2mshould render update profile button (line 47)
[22m[39m[Vue Router warn]: No match found for location with path ""

[90mstderr[2m | src/views/admin/PerfilAdmin.spec.js[2m > 
[22m[2mPerfilAdmin.vue[2m > [22m[2mTemplate Rendering[2m > 
[22m[2mshould disable update button when loading
[22m[39m[Vue Router warn]: No match found for location with path ""

[90mstderr[2m | src/views/admin/PerfilAdmin.spec.js[2m > 
[22m[2mPerfilAdmin.vue[2m > [22m[2mTemplate Rendering[2m > 
[22m[2mshould show message alert when message exists (line 53)
[22m[39m[Vue Router warn]: No match found for location with path ""

[90mstderr[2m | src/views/admin/PerfilAdmin.spec.js[2m > 
[22m[2mPerfilAdmin.vue[2m > [22m[2mTemplate Rendering[2m > 
[22m[2mshould show error alert when messageType is error
[22m[39m[Vue Router warn]: No match found for location with path ""

[90mstderr[2m | src/views/admin/PerfilAdmin.spec.js[2m > 
[22m[2mPerfilAdmin.vue[2m > [22m[2mTemplate Rendering[2m > 
[22m[2mshould not show alert when message is empty
[22m[39m[Vue Router warn]: No match found for location with path ""

[90mstderr[2m | src/views/admin/PerfilAdmin.spec.js[2m > 
[22m[2mPerfilAdmin.vue[2m > [22m[2mTemplate Rendering[2m > 
[22m[2mshould render change password button (line 104)
[22m[39m[Vue Router warn]: No match found for location with path ""

[90mstderr[2m | src/views/admin/PerfilAdmin.spec.js[2m > 
[22m[2mPerfilAdmin.vue[2m > [22m[2mTemplate Rendering[2m > 
[22m[2mshould show spinner when loading
[22m[39m[Vue Router warn]: No match found for location with path ""

[90mstderr[2m | src/views/admin/PerfilAdmin.spec.js[2m > 
[22m[2mPerfilAdmin.vue[2m > [22m[2mTemplate Rendering[2m > 
[22m[2mshould show spinner when passwordLoading
[22m[39m[Vue Router warn]: No match found for location with path ""

[90mstderr[2m | src/views/admin/PerfilAdmin.spec.js[2m > 
[22m[2mPerfilAdmin.vue[2m > [22m[2mTemplate Rendering[2m > 
[22m[2mshould disable password button when passwordLoading is true
[22m[39m[Vue Router warn]: No match found for location with path ""

[90mstderr[2m | src/views/admin/PerfilAdmin.spec.js[2m > 
[22m[2mPerfilAdmin.vue[2m > [22m[2mForm Interactions[2m > 
[22m[2mshould call updateProfile when update form is submitted
[22m[39m[Vue Router warn]: No match found for location with path ""

[90mstderr[2m | src/views/admin/PerfilAdmin.spec.js[2m > 
[22m[2mPerfilAdmin.vue[2m > [22m[2mForm Interactions[2m > 
[22m[2mshould call changePassword when password form is submitted
[22m[39m[Vue Router warn]: No match found for location with path ""

[90mstderr[2m | src/views/admin/PerfilAdmin.spec.js[2m > 
[22m[2mPerfilAdmin.vue[2m > [22m[2mForm Interactions[2m > 
[22m[2mshould update profile and show success message
[22m[39m[Vue Router warn]: No match found for location with path ""

[90mstderr[2m | src/views/admin/PerfilAdmin.spec.js[2m > 
[22m[2mPerfilAdmin.vue[2m > [22m[2mForm Interactions[2m > 
[22m[2mshould change password and show success message
[22m[39m[Vue Router warn]: No match found for location with path ""

[90mstderr[2m | src/views/admin/PerfilAdmin.spec.js[2m > 
[22m[2mPerfilAdmin.vue[2m > [22m[2mForm Interactions[2m > 
[22m[2mshould show error when passwords do not match
[22m[39m[Vue Router warn]: No match found for location with path ""

[90mstderr[2m | src/views/admin/PerfilAdmin.spec.js[2m > 
[22m[2mPerfilAdmin.vue[2m > [22m[2mUser Information Display[2m > 
[22m[2mshould display user role
[22m[39m[Vue Router warn]: No match found for location with path ""

 [32mÔ£ô[39m src/assets/js/dashboard-content.spec.js [2m([22m[2m43 tests[22m[2m)[22m[33m 770[2mms[22m[39m
[90mstderr[2m | src/views/admin/PerfilAdmin.spec.js[2m > 
[22m[2mPerfilAdmin.vue[2m > [22m[2mUser Information Display[2m > 
[22m[2mshould display formatted date
[22m[39m[Vue Router warn]: No match found for location with path ""

[90mstderr[2m | src/views/admin/PerfilAdmin.spec.js[2m > 
[22m[2mPerfilAdmin.vue[2m > [22m[2mUser Information Display[2m > 
[22m[2mshould display user profile data in form inputs
[22m[39m[Vue Router warn]: No match found for location with path ""

[90mstderr[2m | src/views/admin/PerfilAdmin.spec.js[2m > 
[22m[2mPerfilAdmin.vue[2m > [22m[2mUser Information Display[2m > 
[22m[2mshould render and bind all profile form inputs (lines 22, 26, 30, 34, 
38)
[22m[39m[Vue Router warn]: No match found for location with path ""

[90mstderr[2m | src/views/admin/PerfilAdmin.spec.js[2m > 
[22m[2mPerfilAdmin.vue[2m > [22m[2mUser Information Display[2m > 
[22m[2mshould properly handle email input readonly attribute (line 38)
[22m[39m[Vue Router warn]: No match found for location with path ""

[90mstderr[2m | src/views/admin/PerfilAdmin.spec.js[2m > 
[22m[2mPerfilAdmin.vue[2m > [22m[2mUser Information Display[2m > 
[22m[2mshould render icon in header (line 8)
[22m[39m[Vue Router warn]: No match found for location with path ""

[90mstderr[2m | src/views/admin/PerfilAdmin.spec.js[2m > 
[22m[2mPerfilAdmin.vue[2m > [22m[2mUser Information Display[2m > 
[22m[2mshould render and bind telefono input (line 42)
[22m[39m[Vue Router warn]: No match found for location with path ""

[90mstderr[2m | src/views/admin/PerfilAdmin.spec.js[2m > 
[22m[2mPerfilAdmin.vue[2m > [22m[2mUser Information Display[2m > 
[22m[2mshould render and bind password inputs (lines 94, 98, 102)
[22m[39m[Vue Router warn]: No match found for location with path ""

 [32mÔ£ô[39m src/views/admin/PerfilAdmin.spec.js [2m([22m[2m23 tests[22m[2m)[22m[33m 1596[2mms[22m[39m
 [32mÔ£ô[39m src/components/potreros/PotreroModal.spec.js [2m([22m[2m31 tests[22m[2m)[22m[33m 1090[2mms[22m[39m
[90mstderr[2m | src/views/admin/GestionarUsuarios.spec.js[2m > 
[22m[2mGestionarUsuarios.vue[2m > [22m[2mComponent Mounting[2m > 
[22m[2mshould mount correctly
[22m[39m[Vue Router warn]: No match found for location with path ""
[Vue warn]: Property "usuarios" was accessed during render but is not defined 
on instance. 
  at <GestionarUsuarios ref="VTU_COMPONENT" > 
  at <VTUROOT>
[Vue warn]: Property "loading" was accessed during render but is not defined 
on instance. 
  at <GestionarUsuarios ref="VTU_COMPONENT" > 
  at <VTUROOT>
[Vue warn]: Property "loading" was accessed during render but is not defined 
on instance. 
  at <GestionarUsuarios ref="VTU_COMPONENT" > 
  at <VTUROOT>

 [32mÔ£ô[39m src/views/public/Login.spec.js [2m([22m[2m21 tests[22m[2m)[22m[33m 704[2mms[22m[39m
[90mstderr[2m | src/views/admin/GestionarUsuarios.spec.js[2m > 
[22m[2mGestionarUsuarios.vue[2m > [22m[2mComponent Mounting[2m > 
[22m[2mshould render title
[22m[39m[Vue Router warn]: No match found for location with path ""
[Vue warn]: Property "usuarios" was accessed during render but is not defined 
on instance. 
  at <GestionarUsuarios ref="VTU_COMPONENT" > 
  at <VTUROOT>
[Vue warn]: Property "loading" was accessed during render but is not defined 
on instance. 
  at <GestionarUsuarios ref="VTU_COMPONENT" > 
  at <VTUROOT>
[Vue warn]: Property "loading" was accessed during render but is not defined 
on instance. 
  at <GestionarUsuarios ref="VTU_COMPONENT" > 
  at <VTUROOT>

[90mstderr[2m | src/views/admin/GestionarUsuarios.spec.js[2m > 
[22m[2mGestionarUsuarios.vue[2m > [22m[2mComponent Mounting[2m > 
[22m[2mshould have add user button
[22m[39m[Vue Router warn]: No match found for location with path ""
[Vue warn]: Property "usuarios" was accessed during render but is not defined 
on instance. 
  at <GestionarUsuarios ref="VTU_COMPONENT" > 
  at <VTUROOT>
[Vue warn]: Property "loading" was accessed during render but is not defined 
on instance. 
  at <GestionarUsuarios ref="VTU_COMPONENT" > 
  at <VTUROOT>
[Vue warn]: Property "loading" was accessed during render but is not defined 
on instance. 
  at <GestionarUsuarios ref="VTU_COMPONENT" > 
  at <VTUROOT>

[90mstderr[2m | src/views/admin/GestionarUsuarios.spec.js[2m > 
[22m[2mGestionarUsuarios.vue[2m > [22m[2mUser Table[2m > [22m[2mshould 
have table structure
[22m[39m[Vue Router warn]: No match found for location with path ""
[Vue warn]: Property "usuarios" was accessed during render but is not defined 
on instance. 
  at <GestionarUsuarios ref="VTU_COMPONENT" > 
  at <VTUROOT>
[Vue warn]: Property "loading" was accessed during render but is not defined 
on instance. 
  at <GestionarUsuarios ref="VTU_COMPONENT" > 
  at <VTUROOT>
[Vue warn]: Property "loading" was accessed during render but is not defined 
on instance. 
  at <GestionarUsuarios ref="VTU_COMPONENT" > 
  at <VTUROOT>

[90mstderr[2m | src/views/admin/GestionarUsuarios.spec.js[2m > 
[22m[2mGestionarUsuarios.vue[2m > [22m[2mUser Table[2m > [22m[2mshould 
have table headers
[22m[39m[Vue Router warn]: No match found for location with path ""
[Vue warn]: Property "usuarios" was accessed during render but is not defined 
on instance. 
  at <GestionarUsuarios ref="VTU_COMPONENT" > 
  at <VTUROOT>
[Vue warn]: Property "loading" was accessed during render but is not defined 
on instance. 
  at <GestionarUsuarios ref="VTU_COMPONENT" > 
  at <VTUROOT>
[Vue warn]: Property "loading" was accessed during render but is not defined 
on instance. 
  at <GestionarUsuarios ref="VTU_COMPONENT" > 
  at <VTUROOT>

[90mstderr[2m | src/views/admin/GestionarUsuarios.spec.js[2m > 
[22m[2mGestionarUsuarios.vue[2m > [22m[2mUser Actions[2m > 
[22m[2mshould render user table structure
[22m[39m[Vue Router warn]: No match found for location with path ""
[Vue warn]: Property "usuarios" was accessed during render but is not defined 
on instance. 
  at <GestionarUsuarios ref="VTU_COMPONENT" > 
  at <VTUROOT>
[Vue warn]: Property "loading" was accessed during render but is not defined 
on instance. 
  at <GestionarUsuarios ref="VTU_COMPONENT" > 
  at <VTUROOT>
[Vue warn]: Property "loading" was accessed during render but is not defined 
on instance. 
  at <GestionarUsuarios ref="VTU_COMPONENT" > 
  at <VTUROOT>

[90mstderr[2m | src/views/admin/GestionarUsuarios.spec.js[2m > 
[22m[2mGestionarUsuarios.vue[2m > [22m[2mUser Actions[2m > 
[22m[2mshould have table headers
[22m[39m[Vue Router warn]: No match found for location with path ""
[Vue warn]: Property "usuarios" was accessed during render but is not defined 
on instance. 
  at <GestionarUsuarios ref="VTU_COMPONENT" > 
  at <VTUROOT>
[Vue warn]: Property "loading" was accessed during render but is not defined 
on instance. 
  at <GestionarUsuarios ref="VTU_COMPONENT" > 
  at <VTUROOT>
[Vue warn]: Property "loading" was accessed during render but is not defined 
on instance. 
  at <GestionarUsuarios ref="VTU_COMPONENT" > 
  at <VTUROOT>

 [32mÔ£ô[39m src/views/admin/GestionarUsuarios.spec.js [2m([22m[2m7 tests[22m[2m)[22m[33m 843[2mms[22m[39m
 [32mÔ£ô[39m src/services/api.spec.js [2m([22m[2m72 tests[22m[2m)[22m[33m 515[2mms[22m[39m
[90mstderr[2m | src/assets/js/reportes-admin.spec.js[2m > 
[22m[2mreportes-admin.js[2m > [22m[2mComponent Setup[2m > 
[22m[2mshould initialize with composable values
[22m[39m[Vue warn]: Component is missing template or render function:  { 
name: [32m'ReportesAdmin'[39m, setup: [36m[Function: setup][39m, 
components: {} } 
  at <ReportesAdmin ref="VTU_COMPONENT" > 
  at <VTUROOT>

[90mstderr[2m | src/views/public/CrearCuenta.spec.js[2m > 
[22m[2mCrearCuenta[2m > [22m[2mshould mount correctly
[22m[39m[Vue warn]: Failed to resolve component: router-link
If this is a native custom element, make sure to exclude it from component 
resolution via compilerOptions.isCustomElement. 
  at <CrearCuenta ref="VTU_COMPONENT" > 
  at <VTUROOT>

[90mstderr[2m | src/assets/js/reportes-admin.spec.js[2m > 
[22m[2mreportes-admin.js[2m > [22m[2mComponent Setup[2m > 
[22m[2mshould return expected properties
[22m[39m[Vue warn]: Component is missing template or render function:  { 
name: [32m'ReportesAdmin'[39m, setup: [36m[Function: setup][39m, 
components: {} } 
  at <ReportesAdmin ref="VTU_COMPONENT" > 
  at <VTUROOT>

[90mstderr[2m | src/assets/js/reportes-admin.spec.js[2m > 
[22m[2mreportes-admin.js[2m > [22m[2msummaryCards computed[2m > 
[22m[2mshould return empty array when resumen is null
[22m[39m[Vue warn]: Component is missing template or render function:  { 
name: [32m'ReportesAdmin'[39m, setup: [36m[Function: setup][39m, 
components: {} } 
  at <ReportesAdmin ref="VTU_COMPONENT" > 
  at <VTUROOT>

[90mstderr[2m | src/assets/js/reportes-admin.spec.js[2m > 
[22m[2mreportes-admin.js[2m > [22m[2msummaryCards computed[2m > 
[22m[2mshould generate summary cards for all metrics
[22m[39m[Vue warn]: Component is missing template or render function:  { 
name: [32m'ReportesAdmin'[39m, setup: [36m[Function: setup][39m, 
components: {} } 
  at <ReportesAdmin ref="VTU_COMPONENT" > 
  at <VTUROOT>

[90mstderr[2m | src/assets/js/reportes-admin.spec.js[2m > 
[22m[2mreportes-admin.js[2m > [22m[2msummaryCards computed[2m > 
[22m[2mshould include detalles in summary cards
[22m[39m[Vue warn]: Component is missing template or render function:  { 
name: [32m'ReportesAdmin'[39m, setup: [36m[Function: setup][39m, 
components: {} } 
  at <ReportesAdmin ref="VTU_COMPONENT" > 
  at <VTUROOT>

[90mstderr[2m | src/views/public/CrearCuenta.spec.js[2m > 
[22m[2mCrearCuenta[2m > [22m[2mshould render the form
[22m[39m[Vue warn]: Failed to resolve component: router-link
If this is a native custom element, make sure to exclude it from component 
resolution via compilerOptions.isCustomElement. 
  at <CrearCuenta ref="VTU_COMPONENT" > 
  at <VTUROOT>

[90mstderr[2m | src/assets/js/reportes-admin.spec.js[2m > 
[22m[2mreportes-admin.js[2m > [22m[2msecciones computed[2m > 
[22m[2mshould return empty array when resumen is null
[22m[39m[Vue warn]: Component is missing template or render function:  { 
name: [32m'ReportesAdmin'[39m, setup: [36m[Function: setup][39m, 
components: {} } 
  at <ReportesAdmin ref="VTU_COMPONENT" > 
  at <VTUROOT>

[90mstderr[2m | src/assets/js/reportes-admin.spec.js[2m > 
[22m[2mreportes-admin.js[2m > [22m[2msecciones computed[2m > 
[22m[2mshould generate secciones for all metrics
[22m[39m[Vue warn]: Component is missing template or render function:  { 
name: [32m'ReportesAdmin'[39m, setup: [36m[Function: setup][39m, 
components: {} } 
  at <ReportesAdmin ref="VTU_COMPONENT" > 
  at <VTUROOT>

[90mstderr[2m | src/assets/js/reportes-admin.spec.js[2m > 
[22m[2mreportes-admin.js[2m > [22m[2mformatearEstado[2m > 
[22m[2mshould return "sin estado" for empty estado
[22m[39m[Vue warn]: Component is missing template or render function:  { 
name: [32m'ReportesAdmin'[39m, setup: [36m[Function: setup][39m, 
components: {} } 
  at <ReportesAdmin ref="VTU_COMPONENT" > 
  at <VTUROOT>

[90mstderr[2m | src/assets/js/reportes-admin.spec.js[2m > 
[22m[2mreportes-admin.js[2m > [22m[2mformatearEstado[2m > 
[22m[2mshould replace underscore with space
[22m[39m[Vue warn]: Component is missing template or render function:  { 
name: [32m'ReportesAdmin'[39m, setup: [36m[Function: setup][39m, 
components: {} } 
  at <ReportesAdmin ref="VTU_COMPONENT" > 
  at <VTUROOT>

[90mstderr[2m | src/assets/js/reportes-admin.spec.js[2m > 
[22m[2mreportes-admin.js[2m > [22m[2mformatBadgeClass[2m > 
[22m[2mshould return success class for positive values
[22m[39m[Vue warn]: Component is missing template or render function:  { 
name: [32m'ReportesAdmin'[39m, setup: [36m[Function: setup][39m, 
components: {} } 
  at <ReportesAdmin ref="VTU_COMPONENT" > 
  at <VTUROOT>

[90mstderr[2m | src/assets/js/reportes-admin.spec.js[2m > 
[22m[2mreportes-admin.js[2m > [22m[2mformatBadgeClass[2m > 
[22m[2mshould return danger class for negative values
[22m[39m[Vue warn]: Component is missing template or render function:  { 
name: [32m'ReportesAdmin'[39m, setup: [36m[Function: setup][39m, 
components: {} } 
  at <ReportesAdmin ref="VTU_COMPONENT" > 
  at <VTUROOT>

[90mstderr[2m | src/assets/js/reportes-admin.spec.js[2m > 
[22m[2mreportes-admin.js[2m > [22m[2mformatBadgeClass[2m > 
[22m[2mshould return muted class for zero
[22m[39m[Vue warn]: Component is missing template or render function:  { 
name: [32m'ReportesAdmin'[39m, setup: [36m[Function: setup][39m, 
components: {} } 
  at <ReportesAdmin ref="VTU_COMPONENT" > 
  at <VTUROOT>

[90mstderr[2m | src/assets/js/reportes-admin.spec.js[2m > 
[22m[2mreportes-admin.js[2m > [22m[2mformatPromedio[2m > [22m[2mshould 
return "0" for invalid numbers
[22m[39m[Vue warn]: Component is missing template or render function:  { 
name: [32m'ReportesAdmin'[39m, setup: [36m[Function: setup][39m, 
components: {} } 
  at <ReportesAdmin ref="VTU_COMPONENT" > 
  at <VTUROOT>

[90mstderr[2m | src/assets/js/reportes-admin.spec.js[2m > 
[22m[2mreportes-admin.js[2m > [22m[2mformatPromedio[2m > [22m[2mshould 
format integers as string
[22m[39m[Vue warn]: Component is missing template or render function:  { 
name: [32m'ReportesAdmin'[39m, setup: [36m[Function: setup][39m, 
components: {} } 
  at <ReportesAdmin ref="VTU_COMPONENT" > 
  at <VTUROOT>

[90mstderr[2m | src/views/public/CrearCuenta.spec.js[2m > 
[22m[2mCrearCuenta[2m > [22m[2mshould have required inputs
[22m[39m[Vue warn]: Failed to resolve component: router-link
If this is a native custom element, make sure to exclude it from component 
resolution via compilerOptions.isCustomElement. 
  at <CrearCuenta ref="VTU_COMPONENT" > 
  at <VTUROOT>

[90mstderr[2m | src/assets/js/reportes-admin.spec.js[2m > 
[22m[2mreportes-admin.js[2m > [22m[2mformatPromedio[2m > [22m[2mshould 
format decimals with one decimal place
[22m[39m[Vue warn]: Component is missing template or render function:  { 
name: [32m'ReportesAdmin'[39m, setup: [36m[Function: setup][39m, 
components: {} } 
  at <ReportesAdmin ref="VTU_COMPONENT" > 
  at <VTUROOT>

[90mstderr[2m | src/assets/js/reportes-admin.spec.js[2m > 
[22m[2mreportes-admin.js[2m > [22m[2mformatVariacion[2m > 
[22m[2mshould return "0.0" for invalid numbers
[22m[39m[Vue warn]: Component is missing template or render function:  { 
name: [32m'ReportesAdmin'[39m, setup: [36m[Function: setup][39m, 
components: {} } 
  at <ReportesAdmin ref="VTU_COMPONENT" > 
  at <VTUROOT>

[90mstderr[2m | src/assets/js/gestionar-usuarios.spec.js[2m > 
[22m[2mgestionar-usuarios.js[2m > [22m[2mComputed Properties[2m > 
[22m[2mshould return isCurrentUserAdmin from authService
[22m[39m[Vue Router warn]: No match found for location with path ""
[Vue warn]: Component is missing template or render function:  {
  name: [32m'GestionarUsuarios'[39m,
  setup: [36m[Function: setup][39m,
  data: [36m[Function: data][39m,
  computed: {
    isCurrentUserAdmin: [36m[Function: isCurrentUserAdmin][39m,
    isSuperAdmin: [36m[Function: isSuperAdmin][39m
  },
  mounted: [36m[Function: mounted][39m,
  beforeUnmount: [36m[Function: beforeUnmount][39m,
  beforeRouteLeave: [36m[Function: beforeRouteLeave][39m,
  methods: {
    resolveRoleId: [36m[Function: resolveRoleId][39m,
    openAddModal: [36m[Function: openAddModal][39m,
    closeAddModal: [36m[Function: closeAddModal][39m,
    resetAddForm: [36m[Function: resetAddForm][39m,
    createUser: [36m[AsyncFunction: createUser][39m,
    editUser: [36m[Function: editUser][39m,
    closeEditModal: [36m[Function: closeEditModal][39m,
    _procesarCamposActualizacion: [36m[Function: 
_procesarCamposActualizacion][39m,
    _agregarPasswordSiExiste: [36m[Function: _agregarPasswordSiExiste][39m,
    _agregarRolSiEsAdmin: [36m[Function: _agregarRolSiEsAdmin][39m,
    _validarEmail: [36m[Function: _validarEmail][39m,
    updateUser: [36m[AsyncFunction: updateUser][39m,
    toggleUserStatus: [36m[AsyncFunction: toggleUserStatus][39m
  },
  components: {}
} 
  at <GestionarUsuarios ref="VTU_COMPONENT" > 
  at <VTUROOT>

[90mstderr[2m | src/assets/js/reportes-admin.spec.js[2m > 
[22m[2mreportes-admin.js[2m > [22m[2mformatVariacion[2m > 
[22m[2mshould format with one decimal place
[22m[39m[Vue warn]: Component is missing template or render function:  { 
name: [32m'ReportesAdmin'[39m, setup: [36m[Function: setup][39m, 
components: {} } 
  at <ReportesAdmin ref="VTU_COMPONENT" > 
  at <VTUROOT>

[90mstderr[2m | src/assets/js/gestionar-usuarios.spec.js[2m > 
[22m[2mgestionar-usuarios.js[2m > [22m[2mComputed Properties[2m > 
[22m[2mshould return isSuperAdmin based on role
[22m[39m[Vue Router warn]: No match found for location with path ""
[Vue warn]: Component is missing template or render function:  {
  name: [32m'GestionarUsuarios'[39m,
  setup: [36m[Function: setup][39m,
  data: [36m[Function: data][39m,
  computed: {
    isCurrentUserAdmin: [36m[Function: isCurrentUserAdmin][39m,
    isSuperAdmin: [36m[Function: isSuperAdmin][39m
  },
  mounted: [36m[Function: mounted][39m,
  beforeUnmount: [36m[Function: beforeUnmount][39m,
  beforeRouteLeave: [36m[Function: beforeRouteLeave][39m,
  methods: {
    resolveRoleId: [36m[Function: resolveRoleId][39m,
    openAddModal: [36m[Function: openAddModal][39m,
    closeAddModal: [36m[Function: closeAddModal][39m,
    resetAddForm: [36m[Function: resetAddForm][39m,
    createUser: [36m[AsyncFunction: createUser][39m,
    editUser: [36m[Function: editUser][39m,
    closeEditModal: [36m[Function: closeEditModal][39m,
    _procesarCamposActualizacion: [36m[Function: 
_procesarCamposActualizacion][39m,
    _agregarPasswordSiExiste: [36m[Function: _agregarPasswordSiExiste][39m,
    _agregarRolSiEsAdmin: [36m[Function: _agregarRolSiEsAdmin][39m,
    _validarEmail: [36m[Function: _validarEmail][39m,
    updateUser: [36m[AsyncFunction: updateUser][39m,
    toggleUserStatus: [36m[AsyncFunction: toggleUserStatus][39m
  },
  components: {}
} 
  at <GestionarUsuarios ref="VTU_COMPONENT" > 
  at <VTUROOT>

[90mstderr[2m | src/assets/js/reportes-admin.spec.js[2m > 
[22m[2mreportes-admin.js[2m > [22m[2mformatFecha[2m > [22m[2mshould 
return "No disponible" for empty fecha
[22m[39m[Vue warn]: Component is missing template or render function:  { 
name: [32m'ReportesAdmin'[39m, setup: [36m[Function: setup][39m, 
components: {} } 
  at <ReportesAdmin ref="VTU_COMPONENT" > 
  at <VTUROOT>

[90mstderr[2m | src/assets/js/gestionar-usuarios.spec.js[2m > 
[22m[2mgestionar-usuarios.js[2m > [22m[2mMounted Hook[2m > 
[22m[2mshould load usuarios on mount
[22m[39m[Vue Router warn]: No match found for location with path ""
[Vue warn]: Component is missing template or render function:  {
  name: [32m'GestionarUsuarios'[39m,
  setup: [36m[Function: setup][39m,
  data: [36m[Function: data][39m,
  computed: {
    isCurrentUserAdmin: [36m[Function: isCurrentUserAdmin][39m,
    isSuperAdmin: [36m[Function: isSuperAdmin][39m
  },
  mounted: [36m[Function: mounted][39m,
  beforeUnmount: [36m[Function: beforeUnmount][39m,
  beforeRouteLeave: [36m[Function: beforeRouteLeave][39m,
  methods: {
    resolveRoleId: [36m[Function: resolveRoleId][39m,
    openAddModal: [36m[Function: openAddModal][39m,
    closeAddModal: [36m[Function: closeAddModal][39m,
    resetAddForm: [36m[Function: resetAddForm][39m,
    createUser: [36m[AsyncFunction: createUser][39m,
    editUser: [36m[Function: editUser][39m,
    closeEditModal: [36m[Function: closeEditModal][39m,
    _procesarCamposActualizacion: [36m[Function: 
_procesarCamposActualizacion][39m,
    _agregarPasswordSiExiste: [36m[Function: _agregarPasswordSiExiste][39m,
    _agregarRolSiEsAdmin: [36m[Function: _agregarRolSiEsAdmin][39m,
    _validarEmail: [36m[Function: _validarEmail][39m,
    updateUser: [36m[AsyncFunction: updateUser][39m,
    toggleUserStatus: [36m[AsyncFunction: toggleUserStatus][39m
  },
  components: {}
} 
  at <GestionarUsuarios ref="VTU_COMPONENT" > 
  at <VTUROOT>

[90mstderr[2m | src/assets/js/reportes-admin.spec.js[2m > 
[22m[2mreportes-admin.js[2m > [22m[2mformatFecha[2m > [22m[2mshould 
format valid ISO date
[22m[39m[Vue warn]: Component is missing template or render function:  { 
name: [32m'ReportesAdmin'[39m, setup: [36m[Function: setup][39m, 
components: {} } 
  at <ReportesAdmin ref="VTU_COMPONENT" > 
  at <VTUROOT>

[90mstderr[2m | src/assets/js/gestionar-usuarios.spec.js[2m > 
[22m[2mgestionar-usuarios.js[2m > [22m[2mMounted Hook[2m > 
[22m[2mshould load tenants if super admin
[22m[39m[Vue Router warn]: No match found for location with path ""
[Vue warn]: Component is missing template or render function:  {
  name: [32m'GestionarUsuarios'[39m,
  setup: [36m[Function: setup][39m,
  data: [36m[Function: data][39m,
  computed: {
    isCurrentUserAdmin: [36m[Function: isCurrentUserAdmin][39m,
    isSuperAdmin: [36m[Function: isSuperAdmin][39m
  },
  mounted: [36m[Function: mounted][39m,
  beforeUnmount: [36m[Function: beforeUnmount][39m,
  beforeRouteLeave: [36m[Function: beforeRouteLeave][39m,
  methods: {
    resolveRoleId: [36m[Function: resolveRoleId][39m,
    openAddModal: [36m[Function: openAddModal][39m,
    closeAddModal: [36m[Function: closeAddModal][39m,
    resetAddForm: [36m[Function: resetAddForm][39m,
    createUser: [36m[AsyncFunction: createUser][39m,
    editUser: [36m[Function: editUser][39m,
    closeEditModal: [36m[Function: closeEditModal][39m,
    _procesarCamposActualizacion: [36m[Function: 
_procesarCamposActualizacion][39m,
    _agregarPasswordSiExiste: [36m[Function: _agregarPasswordSiExiste][39m,
    _agregarRolSiEsAdmin: [36m[Function: _agregarRolSiEsAdmin][39m,
    _validarEmail: [36m[Function: _validarEmail][39m,
    updateUser: [36m[AsyncFunction: updateUser][39m,
    toggleUserStatus: [36m[AsyncFunction: toggleUserStatus][39m
  },
  components: {}
} 
  at <GestionarUsuarios ref="VTU_COMPONENT" > 
  at <VTUROOT>

[90mstderr[2m | src/views/public/CrearCuenta.spec.js[2m > 
[22m[2mCrearCuenta[2m > [22m[2mshould handle successful registration
[22m[39m[Vue warn]: Failed to resolve component: router-link
If this is a native custom element, make sure to exclude it from component 
resolution via compilerOptions.isCustomElement. 
  at <CrearCuenta ref="VTU_COMPONENT" > 
  at <VTUROOT>

[90mstderr[2m | src/assets/js/gestionar-usuarios.spec.js[2m > 
[22m[2mgestionar-usuarios.js[2m > [22m[2mMounted Hook[2m > 
[22m[2mshould not load tenants if not super admin
[22m[39m[Vue Router warn]: No match found for location with path ""
[Vue warn]: Component is missing template or render function:  {
  name: [32m'GestionarUsuarios'[39m,
  setup: [36m[Function: setup][39m,
  data: [36m[Function: data][39m,
  computed: {
    isCurrentUserAdmin: [36m[Function: isCurrentUserAdmin][39m,
    isSuperAdmin: [36m[Function: isSuperAdmin][39m
  },
  mounted: [36m[Function: mounted][39m,
  beforeUnmount: [36m[Function: beforeUnmount][39m,
  beforeRouteLeave: [36m[Function: beforeRouteLeave][39m,
  methods: {
    resolveRoleId: [36m[Function: resolveRoleId][39m,
    openAddModal: [36m[Function: openAddModal][39m,
    closeAddModal: [36m[Function: closeAddModal][39m,
    resetAddForm: [36m[Function: resetAddForm][39m,
    createUser: [36m[AsyncFunction: createUser][39m,
    editUser: [36m[Function: editUser][39m,
    closeEditModal: [36m[Function: closeEditModal][39m,
    _procesarCamposActualizacion: [36m[Function: 
_procesarCamposActualizacion][39m,
    _agregarPasswordSiExiste: [36m[Function: _agregarPasswordSiExiste][39m,
    _agregarRolSiEsAdmin: [36m[Function: _agregarRolSiEsAdmin][39m,
    _validarEmail: [36m[Function: _validarEmail][39m,
    updateUser: [36m[AsyncFunction: updateUser][39m,
    toggleUserStatus: [36m[AsyncFunction: toggleUserStatus][39m
  },
  components: {}
} 
  at <GestionarUsuarios ref="VTU_COMPONENT" > 
  at <VTUROOT>

[90mstderr[2m | src/assets/js/gestionar-usuarios.spec.js[2m > 
[22m[2mgestionar-usuarios.js[2m > [22m[2mresolveRoleId[2m > 
[22m[2mshould resolve role from id_rol
[22m[39m[Vue Router warn]: No match found for location with path ""
[Vue warn]: Component is missing template or render function:  {
  name: [32m'GestionarUsuarios'[39m,
  setup: [36m[Function: setup][39m,
  data: [36m[Function: data][39m,
  computed: {
    isCurrentUserAdmin: [36m[Function: isCurrentUserAdmin][39m,
    isSuperAdmin: [36m[Function: isSuperAdmin][39m
  },
  mounted: [36m[Function: mounted][39m,
  beforeUnmount: [36m[Function: beforeUnmount][39m,
  beforeRouteLeave: [36m[Function: beforeRouteLeave][39m,
  methods: {
    resolveRoleId: [36m[Function: resolveRoleId][39m,
    openAddModal: [36m[Function: openAddModal][39m,
    closeAddModal: [36m[Function: closeAddModal][39m,
    resetAddForm: [36m[Function: resetAddForm][39m,
    createUser: [36m[AsyncFunction: createUser][39m,
    editUser: [36m[Function: editUser][39m,
    closeEditModal: [36m[Function: closeEditModal][39m,
    _procesarCamposActualizacion: [36m[Function: 
_procesarCamposActualizacion][39m,
    _agregarPasswordSiExiste: [36m[Function: _agregarPasswordSiExiste][39m,
    _agregarRolSiEsAdmin: [36m[Function: _agregarRolSiEsAdmin][39m,
    _validarEmail: [36m[Function: _validarEmail][39m,
    updateUser: [36m[AsyncFunction: updateUser][39m,
    toggleUserStatus: [36m[AsyncFunction: toggleUserStatus][39m
  },
  components: {}
} 
  at <GestionarUsuarios ref="VTU_COMPONENT" > 
  at <VTUROOT>

[90mstderr[2m | src/assets/js/gestionar-usuarios.spec.js[2m > 
[22m[2mgestionar-usuarios.js[2m > [22m[2mresolveRoleId[2m > 
[22m[2mshould resolve role from persona.id_rol
[22m[39m[Vue Router warn]: No match found for location with path ""
[Vue warn]: Component is missing template or render function:  {
  name: [32m'GestionarUsuarios'[39m,
  setup: [36m[Function: setup][39m,
  data: [36m[Function: data][39m,
  computed: {
    isCurrentUserAdmin: [36m[Function: isCurrentUserAdmin][39m,
    isSuperAdmin: [36m[Function: isSuperAdmin][39m
  },
  mounted: [36m[Function: mounted][39m,
  beforeUnmount: [36m[Function: beforeUnmount][39m,
  beforeRouteLeave: [36m[Function: beforeRouteLeave][39m,
  methods: {
    resolveRoleId: [36m[Function: resolveRoleId][39m,
    openAddModal: [36m[Function: openAddModal][39m,
    closeAddModal: [36m[Function: closeAddModal][39m,
    resetAddForm: [36m[Function: resetAddForm][39m,
    createUser: [36m[AsyncFunction: createUser][39m,
    editUser: [36m[Function: editUser][39m,
    closeEditModal: [36m[Function: closeEditModal][39m,
    _procesarCamposActualizacion: [36m[Function: 
_procesarCamposActualizacion][39m,
    _agregarPasswordSiExiste: [36m[Function: _agregarPasswordSiExiste][39m,
    _agregarRolSiEsAdmin: [36m[Function: _agregarRolSiEsAdmin][39m,
    _validarEmail: [36m[Function: _validarEmail][39m,
    updateUser: [36m[AsyncFunction: updateUser][39m,
    toggleUserStatus: [36m[AsyncFunction: toggleUserStatus][39m
  },
  components: {}
} 
  at <GestionarUsuarios ref="VTU_COMPONENT" > 
  at <VTUROOT>

[90mstderr[2m | src/assets/js/gestionar-usuarios.spec.js[2m > 
[22m[2mgestionar-usuarios.js[2m > [22m[2mresolveRoleId[2m > 
[22m[2mshould resolve role from rol.id
[22m[39m[Vue Router warn]: No match found for location with path ""
[Vue warn]: Component is missing template or render function:  {
  name: [32m'GestionarUsuarios'[39m,
  setup: [36m[Function: setup][39m,
  data: [36m[Function: data][39m,
  computed: {
    isCurrentUserAdmin: [36m[Function: isCurrentUserAdmin][39m,
    isSuperAdmin: [36m[Function: isSuperAdmin][39m
  },
  mounted: [36m[Function: mounted][39m,
  beforeUnmount: [36m[Function: beforeUnmount][39m,
  beforeRouteLeave: [36m[Function: beforeRouteLeave][39m,
  methods: {
    resolveRoleId: [36m[Function: resolveRoleId][39m,
    openAddModal: [36m[Function: openAddModal][39m,
    closeAddModal: [36m[Function: closeAddModal][39m,
    resetAddForm: [36m[Function: resetAddForm][39m,
    createUser: [36m[AsyncFunction: createUser][39m,
    editUser: [36m[Function: editUser][39m,
    closeEditModal: [36m[Function: closeEditModal][39m,
    _procesarCamposActualizacion: [36m[Function: 
_procesarCamposActualizacion][39m,
    _agregarPasswordSiExiste: [36m[Function: _agregarPasswordSiExiste][39m,
    _agregarRolSiEsAdmin: [36m[Function: _agregarRolSiEsAdmin][39m,
    _validarEmail: [36m[Function: _validarEmail][39m,
    updateUser: [36m[AsyncFunction: updateUser][39m,
    toggleUserStatus: [36m[AsyncFunction: toggleUserStatus][39m
  },
  components: {}
} 
  at <GestionarUsuarios ref="VTU_COMPONENT" > 
  at <VTUROOT>

[90mstderr[2m | src/views/public/CrearCuenta.spec.js[2m > 
[22m[2mCrearCuenta[2m > [22m[2mshould handle successful registration
[22m[39m[Vue warn]: Failed to resolve component: router-link
If this is a native custom element, make sure to exclude it from component 
resolution via compilerOptions.isCustomElement. 
  at <CrearCuenta ref="VTU_COMPONENT" > 
  at <VTUROOT>

[90mstderr[2m | src/assets/js/gestionar-usuarios.spec.js[2m > 
[22m[2mgestionar-usuarios.js[2m > [22m[2mresolveRoleId[2m > 
[22m[2mshould resolve role from rol string (admin)
[22m[39m[Vue Router warn]: No match found for location with path ""
[Vue warn]: Component is missing template or render function:  {
  name: [32m'GestionarUsuarios'[39m,
  setup: [36m[Function: setup][39m,
  data: [36m[Function: data][39m,
  computed: {
    isCurrentUserAdmin: [36m[Function: isCurrentUserAdmin][39m,
    isSuperAdmin: [36m[Function: isSuperAdmin][39m
  },
  mounted: [36m[Function: mounted][39m,
  beforeUnmount: [36m[Function: beforeUnmount][39m,
  beforeRouteLeave: [36m[Function: beforeRouteLeave][39m,
  methods: {
    resolveRoleId: [36m[Function: resolveRoleId][39m,
    openAddModal: [36m[Function: openAddModal][39m,
    closeAddModal: [36m[Function: closeAddModal][39m,
    resetAddForm: [36m[Function: resetAddForm][39m,
    createUser: [36m[AsyncFunction: createUser][39m,
    editUser: [36m[Function: editUser][39m,
    closeEditModal: [36m[Function: closeEditModal][39m,
    _procesarCamposActualizacion: [36m[Function: 
_procesarCamposActualizacion][39m,
    _agregarPasswordSiExiste: [36m[Function: _agregarPasswordSiExiste][39m,
    _agregarRolSiEsAdmin: [36m[Function: _agregarRolSiEsAdmin][39m,
    _validarEmail: [36m[Function: _validarEmail][39m,
    updateUser: [36m[AsyncFunction: updateUser][39m,
    toggleUserStatus: [36m[AsyncFunction: toggleUserStatus][39m
  },
  components: {}
} 
  at <GestionarUsuarios ref="VTU_COMPONENT" > 
  at <VTUROOT>

[90mstderr[2m | src/views/public/CrearCuenta.spec.js[2m > 
[22m[2mCrearCuenta[2m > [22m[2mshould handle successful registration
[22m[39m[Vue warn]: Failed to resolve component: router-link
If this is a native custom element, make sure to exclude it from component 
resolution via compilerOptions.isCustomElement. 
  at <CrearCuenta ref="VTU_COMPONENT" > 
  at <VTUROOT>

[90mstderr[2m | src/views/public/CrearCuenta.spec.js[2m > 
[22m[2mCrearCuenta[2m > [22m[2mshould handle successful registration
[22m[39m[Vue warn]: Failed to resolve component: router-link
If this is a native custom element, make sure to exclude it from component 
resolution via compilerOptions.isCustomElement. 
  at <CrearCuenta ref="VTU_COMPONENT" > 
  at <VTUROOT>

[90mstderr[2m | src/assets/js/gestionar-usuarios.spec.js[2m > 
[22m[2mgestionar-usuarios.js[2m > [22m[2mresolveRoleId[2m > 
[22m[2mshould resolve role from rol string (usuario)
[22m[39m[Vue Router warn]: No match found for location with path ""
[Vue warn]: Component is missing template or render function:  {
  name: [32m'GestionarUsuarios'[39m,
  setup: [36m[Function: setup][39m,
  data: [36m[Function: data][39m,
  computed: {
    isCurrentUserAdmin: [36m[Function: isCurrentUserAdmin][39m,
    isSuperAdmin: [36m[Function: isSuperAdmin][39m
  },
  mounted: [36m[Function: mounted][39m,
  beforeUnmount: [36m[Function: beforeUnmount][39m,
  beforeRouteLeave: [36m[Function: beforeRouteLeave][39m,
  methods: {
    resolveRoleId: [36m[Function: resolveRoleId][39m,
    openAddModal: [36m[Function: openAddModal][39m,
    closeAddModal: [36m[Function: closeAddModal][39m,
    resetAddForm: [36m[Function: resetAddForm][39m,
    createUser: [36m[AsyncFunction: createUser][39m,
    editUser: [36m[Function: editUser][39m,
    closeEditModal: [36m[Function: closeEditModal][39m,
    _procesarCamposActualizacion: [36m[Function: 
_procesarCamposActualizacion][39m,
    _agregarPasswordSiExiste: [36m[Function: _agregarPasswordSiExiste][39m,
    _agregarRolSiEsAdmin: [36m[Function: _agregarRolSiEsAdmin][39m,
    _validarEmail: [36m[Function: _validarEmail][39m,
    updateUser: [36m[AsyncFunction: updateUser][39m,
    toggleUserStatus: [36m[AsyncFunction: toggleUserStatus][39m
  },
  components: {}
} 
  at <GestionarUsuarios ref="VTU_COMPONENT" > 
  at <VTUROOT>

[90mstderr[2m | src/assets/js/reportes-admin.spec.js[2m > 
[22m[2mreportes-admin.js[2m > [22m[2mformatFecha[2m > [22m[2mshould 
handle invalid date gracefully
[22m[39m[Vue warn]: Component is missing template or render function:  { 
name: [32m'ReportesAdmin'[39m, setup: [36m[Function: setup][39m, 
components: {} } 
  at <ReportesAdmin ref="VTU_COMPONENT" > 
  at <VTUROOT>

[90mstderr[2m | src/views/public/CrearCuenta.spec.js[2m > 
[22m[2mCrearCuenta[2m > [22m[2mshould handle successful registration
[22m[39m[Vue warn]: Failed to resolve component: router-link
If this is a native custom element, make sure to exclude it from component 
resolution via compilerOptions.isCustomElement. 
  at <CrearCuenta ref="VTU_COMPONENT" > 
  at <VTUROOT>

[90mstderr[2m | src/assets/js/reportes-admin.spec.js[2m > 
[22m[2mreportes-admin.js[2m > [22m[2mdescargarReporte[2m > 
[22m[2mshould call descargarPdf and set descargando state
[22m[39m[Vue warn]: Component is missing template or render function:  { 
name: [32m'ReportesAdmin'[39m, setup: [36m[Function: setup][39m, 
components: {} } 
  at <ReportesAdmin ref="VTU_COMPONENT" > 
  at <VTUROOT>

[90mstderr[2m | src/assets/js/gestionar-usuarios.spec.js[2m > 
[22m[2mgestionar-usuarios.js[2m > [22m[2mresolveRoleId[2m > 
[22m[2mshould return default role 2 when no role found
[22m[39m[Vue Router warn]: No match found for location with path ""
[Vue warn]: Component is missing template or render function:  {
  name: [32m'GestionarUsuarios'[39m,
  setup: [36m[Function: setup][39m,
  data: [36m[Function: data][39m,
  computed: {
    isCurrentUserAdmin: [36m[Function: isCurrentUserAdmin][39m,
    isSuperAdmin: [36m[Function: isSuperAdmin][39m
  },
  mounted: [36m[Function: mounted][39m,
  beforeUnmount: [36m[Function: beforeUnmount][39m,
  beforeRouteLeave: [36m[Function: beforeRouteLeave][39m,
  methods: {
    resolveRoleId: [36m[Function: resolveRoleId][39m,
    openAddModal: [36m[Function: openAddModal][39m,
    closeAddModal: [36m[Function: closeAddModal][39m,
    resetAddForm: [36m[Function: resetAddForm][39m,
    createUser: [36m[AsyncFunction: createUser][39m,
    editUser: [36m[Function: editUser][39m,
    closeEditModal: [36m[Function: closeEditModal][39m,
    _procesarCamposActualizacion: [36m[Function: 
_procesarCamposActualizacion][39m,
    _agregarPasswordSiExiste: [36m[Function: _agregarPasswordSiExiste][39m,
    _agregarRolSiEsAdmin: [36m[Function: _agregarRolSiEsAdmin][39m,
    _validarEmail: [36m[Function: _validarEmail][39m,
    updateUser: [36m[AsyncFunction: updateUser][39m,
    toggleUserStatus: [36m[AsyncFunction: toggleUserStatus][39m
  },
  components: {}
} 
  at <GestionarUsuarios ref="VTU_COMPONENT" > 
  at <VTUROOT>

[90mstderr[2m | src/views/public/CrearCuenta.spec.js[2m > 
[22m[2mCrearCuenta[2m > [22m[2mshould handle successful registration
[22m[39m[Vue warn]: Failed to resolve component: router-link
If this is a native custom element, make sure to exclude it from component 
resolution via compilerOptions.isCustomElement. 
  at <CrearCuenta ref="VTU_COMPONENT" > 
  at <VTUROOT>

[90mstderr[2m | src/assets/js/reportes-admin.spec.js[2m > 
[22m[2mreportes-admin.js[2m > [22m[2mdescargarReporte[2m > 
[22m[2mshould show alert on error
[22m[39m[Vue warn]: Component is missing template or render function:  { 
name: [32m'ReportesAdmin'[39m, setup: [36m[Function: setup][39m, 
components: {} } 
  at <ReportesAdmin ref="VTU_COMPONENT" > 
  at <VTUROOT>

[90mstderr[2m | src/assets/js/gestionar-usuarios.spec.js[2m > 
[22m[2mgestionar-usuarios.js[2m > [22m[2mModal Management[2m > 
[22m[2mshould open add modal
[22m[39m[Vue Router warn]: No match found for location with path ""
[Vue warn]: Component is missing template or render function:  {
  name: [32m'GestionarUsuarios'[39m,
  setup: [36m[Function: setup][39m,
  data: [36m[Function: data][39m,
  computed: {
    isCurrentUserAdmin: [36m[Function: isCurrentUserAdmin][39m,
    isSuperAdmin: [36m[Function: isSuperAdmin][39m
  },
  mounted: [36m[Function: mounted][39m,
  beforeUnmount: [36m[Function: beforeUnmount][39m,
  beforeRouteLeave: [36m[Function: beforeRouteLeave][39m,
  methods: {
    resolveRoleId: [36m[Function: resolveRoleId][39m,
    openAddModal: [36m[Function: openAddModal][39m,
    closeAddModal: [36m[Function: closeAddModal][39m,
    resetAddForm: [36m[Function: resetAddForm][39m,
    createUser: [36m[AsyncFunction: createUser][39m,
    editUser: [36m[Function: editUser][39m,
    closeEditModal: [36m[Function: closeEditModal][39m,
    _procesarCamposActualizacion: [36m[Function: 
_procesarCamposActualizacion][39m,
    _agregarPasswordSiExiste: [36m[Function: _agregarPasswordSiExiste][39m,
    _agregarRolSiEsAdmin: [36m[Function: _agregarRolSiEsAdmin][39m,
    _validarEmail: [36m[Function: _validarEmail][39m,
    updateUser: [36m[AsyncFunction: updateUser][39m,
    toggleUserStatus: [36m[AsyncFunction: toggleUserStatus][39m
  },
  components: {}
} 
  at <GestionarUsuarios ref="VTU_COMPONENT" > 
  at <VTUROOT>

[90mstderr[2m | src/views/public/CrearCuenta.spec.js[2m > 
[22m[2mCrearCuenta[2m > [22m[2mshould handle successful registration
[22m[39m[Vue warn]: Failed to resolve component: router-link
If this is a native custom element, make sure to exclude it from component 
resolution via compilerOptions.isCustomElement. 
  at <CrearCuenta ref="VTU_COMPONENT" > 
  at <VTUROOT>

[90mstderr[2m | src/assets/js/reportes-admin.spec.js[2m > 
[22m[2mreportes-admin.js[2m > [22m[2mtrendInsights computed[2m > 
[22m[2mshould return empty array when tendencias not available
[22m[39m[Vue warn]: Component is missing template or render function:  { 
name: [32m'ReportesAdmin'[39m, setup: [36m[Function: setup][39m, 
components: {} } 
  at <ReportesAdmin ref="VTU_COMPONENT" > 
  at <VTUROOT>

[90mstderr[2m | src/assets/js/gestionar-usuarios.spec.js[2m > 
[22m[2mgestionar-usuarios.js[2m > [22m[2mModal Management[2m > 
[22m[2mshould close add modal
[22m[39m[Vue Router warn]: No match found for location with path ""
[Vue warn]: Component is missing template or render function:  {
  name: [32m'GestionarUsuarios'[39m,
  setup: [36m[Function: setup][39m,
  data: [36m[Function: data][39m,
  computed: {
    isCurrentUserAdmin: [36m[Function: isCurrentUserAdmin][39m,
    isSuperAdmin: [36m[Function: isSuperAdmin][39m
  },
  mounted: [36m[Function: mounted][39m,
  beforeUnmount: [36m[Function: beforeUnmount][39m,
  beforeRouteLeave: [36m[Function: beforeRouteLeave][39m,
  methods: {
    resolveRoleId: [36m[Function: resolveRoleId][39m,
    openAddModal: [36m[Function: openAddModal][39m,
    closeAddModal: [36m[Function: closeAddModal][39m,
    resetAddForm: [36m[Function: resetAddForm][39m,
    createUser: [36m[AsyncFunction: createUser][39m,
    editUser: [36m[Function: editUser][39m,
    closeEditModal: [36m[Function: closeEditModal][39m,
    _procesarCamposActualizacion: [36m[Function: 
_procesarCamposActualizacion][39m,
    _agregarPasswordSiExiste: [36m[Function: _agregarPasswordSiExiste][39m,
    _agregarRolSiEsAdmin: [36m[Function: _agregarRolSiEsAdmin][39m,
    _validarEmail: [36m[Function: _validarEmail][39m,
    updateUser: [36m[AsyncFunction: updateUser][39m,
    toggleUserStatus: [36m[AsyncFunction: toggleUserStatus][39m
  },
  components: {}
} 
  at <GestionarUsuarios ref="VTU_COMPONENT" > 
  at <VTUROOT>

[90mstderr[2m | src/assets/js/reportes-admin.spec.js[2m > 
[22m[2mreportes-admin.js[2m > [22m[2mtrendInsights computed[2m > 
[22m[2mshould generate trend insights from summary cards
[22m[39m[Vue warn]: Component is missing template or render function:  { 
name: [32m'ReportesAdmin'[39m, setup: [36m[Function: setup][39m, 
components: {} } 
  at <ReportesAdmin ref="VTU_COMPONENT" > 
  at <VTUROOT>

[90mstderr[2m | src/assets/js/gestionar-usuarios.spec.js[2m > 
[22m[2mgestionar-usuarios.js[2m > [22m[2mModal Management[2m > 
[22m[2mshould reset add form
[22m[39m[Vue Router warn]: No match found for location with path ""
[Vue warn]: Component is missing template or render function:  {
  name: [32m'GestionarUsuarios'[39m,
  setup: [36m[Function: setup][39m,
  data: [36m[Function: data][39m,
  computed: {
    isCurrentUserAdmin: [36m[Function: isCurrentUserAdmin][39m,
    isSuperAdmin: [36m[Function: isSuperAdmin][39m
  },
  mounted: [36m[Function: mounted][39m,
  beforeUnmount: [36m[Function: beforeUnmount][39m,
  beforeRouteLeave: [36m[Function: beforeRouteLeave][39m,
  methods: {
    resolveRoleId: [36m[Function: resolveRoleId][39m,
    openAddModal: [36m[Function: openAddModal][39m,
    closeAddModal: [36m[Function: closeAddModal][39m,
    resetAddForm: [36m[Function: resetAddForm][39m,
    createUser: [36m[AsyncFunction: createUser][39m,
    editUser: [36m[Function: editUser][39m,
    closeEditModal: [36m[Function: closeEditModal][39m,
    _procesarCamposActualizacion: [36m[Function: 
_procesarCamposActualizacion][39m,
    _agregarPasswordSiExiste: [36m[Function: _agregarPasswordSiExiste][39m,
    _agregarRolSiEsAdmin: [36m[Function: _agregarRolSiEsAdmin][39m,
    _validarEmail: [36m[Function: _validarEmail][39m,
    updateUser: [36m[AsyncFunction: updateUser][39m,
    toggleUserStatus: [36m[AsyncFunction: toggleUserStatus][39m
  },
  components: {}
} 
  at <GestionarUsuarios ref="VTU_COMPONENT" > 
  at <VTUROOT>

[90mstderr[2m | src/views/public/CrearCuenta.spec.js[2m > 
[22m[2mCrearCuenta[2m > [22m[2mshould handle successful registration
[22m[39m[Vue warn]: Failed to resolve component: router-link
If this is a native custom element, make sure to exclude it from component 
resolution via compilerOptions.isCustomElement. 
  at <CrearCuenta ref="VTU_COMPONENT" > 
  at <VTUROOT>

[90mstderr[2m | src/views/public/CrearCuenta.spec.js[2m > 
[22m[2mCrearCuenta[2m > [22m[2mshould handle successful registration
[22m[39m[Vue warn]: Failed to resolve component: router-link
If this is a native custom element, make sure to exclude it from component 
resolution via compilerOptions.isCustomElement. 
  at <CrearCuenta ref="VTU_COMPONENT" > 
  at <VTUROOT>

[90mstderr[2m | src/assets/js/reportes-admin.spec.js[2m > 
[22m[2mreportes-admin.js[2m > [22m[2mconstruirDetalles edge cases[2m > 
[22m[2mshould handle ganado detalles
[22m[39m[Vue warn]: Component is missing template or render function:  { 
name: [32m'ReportesAdmin'[39m, setup: [36m[Function: setup][39m, 
components: {} } 
  at <ReportesAdmin ref="VTU_COMPONENT" > 
  at <VTUROOT>

[90mstderr[2m | src/assets/js/gestionar-usuarios.spec.js[2m > 
[22m[2mgestionar-usuarios.js[2m > [22m[2mcreateUser[2m > [22m[2mshould 
validate required fields
[22m[39m[Vue Router warn]: No match found for location with path ""
[Vue warn]: Component is missing template or render function:  {
  name: [32m'GestionarUsuarios'[39m,
  setup: [36m[Function: setup][39m,
  data: [36m[Function: data][39m,
  computed: {
    isCurrentUserAdmin: [36m[Function: isCurrentUserAdmin][39m,
    isSuperAdmin: [36m[Function: isSuperAdmin][39m
  },
  mounted: [36m[Function: mounted][39m,
  beforeUnmount: [36m[Function: beforeUnmount][39m,
  beforeRouteLeave: [36m[Function: beforeRouteLeave][39m,
  methods: {
    resolveRoleId: [36m[Function: resolveRoleId][39m,
    openAddModal: [36m[Function: openAddModal][39m,
    closeAddModal: [36m[Function: closeAddModal][39m,
    resetAddForm: [36m[Function: resetAddForm][39m,
    createUser: [36m[AsyncFunction: createUser][39m,
    editUser: [36m[Function: editUser][39m,
    closeEditModal: [36m[Function: closeEditModal][39m,
    _procesarCamposActualizacion: [36m[Function: 
_procesarCamposActualizacion][39m,
    _agregarPasswordSiExiste: [36m[Function: _agregarPasswordSiExiste][39m,
    _agregarRolSiEsAdmin: [36m[Function: _agregarRolSiEsAdmin][39m,
    _validarEmail: [36m[Function: _validarEmail][39m,
    updateUser: [36m[AsyncFunction: updateUser][39m,
    toggleUserStatus: [36m[AsyncFunction: toggleUserStatus][39m
  },
  components: {}
} 
  at <GestionarUsuarios ref="VTU_COMPONENT" > 
  at <VTUROOT>

[90mstderr[2m | src/assets/js/reportes-admin.spec.js[2m > 
[22m[2mreportes-admin.js[2m > [22m[2mconstruirDetalles edge cases[2m > 
[22m[2mshould handle potreros detalles
[22m[39m[Vue warn]: Component is missing template or render function:  { 
name: [32m'ReportesAdmin'[39m, setup: [36m[Function: setup][39m, 
components: {} } 
  at <ReportesAdmin ref="VTU_COMPONENT" > 
  at <VTUROOT>

[90mstderr[2m | src/assets/js/gestionar-usuarios.spec.js[2m > 
[22m[2mgestionar-usuarios.js[2m > [22m[2mcreateUser[2m > [22m[2mshould 
validate email format
[22m[39m[Vue Router warn]: No match found for location with path ""
[Vue warn]: Component is missing template or render function:  {
  name: [32m'GestionarUsuarios'[39m,
  setup: [36m[Function: setup][39m,
  data: [36m[Function: data][39m,
  computed: {
    isCurrentUserAdmin: [36m[Function: isCurrentUserAdmin][39m,
    isSuperAdmin: [36m[Function: isSuperAdmin][39m
  },
  mounted: [36m[Function: mounted][39m,
  beforeUnmount: [36m[Function: beforeUnmount][39m,
  beforeRouteLeave: [36m[Function: beforeRouteLeave][39m,
  methods: {
    resolveRoleId: [36m[Function: resolveRoleId][39m,
    openAddModal: [36m[Function: openAddModal][39m,
    closeAddModal: [36m[Function: closeAddModal][39m,
    resetAddForm: [36m[Function: resetAddForm][39m,
    createUser: [36m[AsyncFunction: createUser][39m,
    editUser: [36m[Function: editUser][39m,
    closeEditModal: [36m[Function: closeEditModal][39m,
    _procesarCamposActualizacion: [36m[Function: 
_procesarCamposActualizacion][39m,
    _agregarPasswordSiExiste: [36m[Function: _agregarPasswordSiExiste][39m,
    _agregarRolSiEsAdmin: [36m[Function: _agregarRolSiEsAdmin][39m,
    _validarEmail: [36m[Function: _validarEmail][39m,
    updateUser: [36m[AsyncFunction: updateUser][39m,
    toggleUserStatus: [36m[AsyncFunction: toggleUserStatus][39m
  },
  components: {}
} 
  at <GestionarUsuarios ref="VTU_COMPONENT" > 
  at <VTUROOT>

[90mstderr[2m | src/assets/js/reportes-admin.spec.js[2m > 
[22m[2mreportes-admin.js[2m > [22m[2mconstruirDetalles edge cases[2m > 
[22m[2mshould handle empty por_estado arrays
[22m[39m[Vue warn]: Component is missing template or render function:  { 
name: [32m'ReportesAdmin'[39m, setup: [36m[Function: setup][39m, 
components: {} } 
  at <ReportesAdmin ref="VTU_COMPONENT" > 
  at <VTUROOT>

[90mstderr[2m | src/assets/js/reportes-admin.spec.js[2m > 
[22m[2mreportes-admin.js[2m > [22m[2msummaryCards edge cases[2m > 
[22m[2mshould handle missing totales
[22m[39m[Vue warn]: Component is missing template or render function:  { 
name: [32m'ReportesAdmin'[39m, setup: [36m[Function: setup][39m, 
components: {} } 
  at <ReportesAdmin ref="VTU_COMPONENT" > 
  at <VTUROOT>

[90mstderr[2m | src/assets/js/gestionar-usuarios.spec.js[2m > 
[22m[2mgestionar-usuarios.js[2m > [22m[2mcreateUser[2m > [22m[2mshould 
validate password length
[22m[39m[Vue Router warn]: No match found for location with path ""
[Vue warn]: Component is missing template or render function:  {
  name: [32m'GestionarUsuarios'[39m,
  setup: [36m[Function: setup][39m,
  data: [36m[Function: data][39m,
  computed: {
    isCurrentUserAdmin: [36m[Function: isCurrentUserAdmin][39m,
    isSuperAdmin: [36m[Function: isSuperAdmin][39m
  },
  mounted: [36m[Function: mounted][39m,
  beforeUnmount: [36m[Function: beforeUnmount][39m,
  beforeRouteLeave: [36m[Function: beforeRouteLeave][39m,
  methods: {
    resolveRoleId: [36m[Function: resolveRoleId][39m,
    openAddModal: [36m[Function: openAddModal][39m,
    closeAddModal: [36m[Function: closeAddModal][39m,
    resetAddForm: [36m[Function: resetAddForm][39m,
    createUser: [36m[AsyncFunction: createUser][39m,
    editUser: [36m[Function: editUser][39m,
    closeEditModal: [36m[Function: closeEditModal][39m,
    _procesarCamposActualizacion: [36m[Function: 
_procesarCamposActualizacion][39m,
    _agregarPasswordSiExiste: [36m[Function: _agregarPasswordSiExiste][39m,
    _agregarRolSiEsAdmin: [36m[Function: _agregarRolSiEsAdmin][39m,
    _validarEmail: [36m[Function: _validarEmail][39m,
    updateUser: [36m[AsyncFunction: updateUser][39m,
    toggleUserStatus: [36m[AsyncFunction: toggleUserStatus][39m
  },
  components: {}
} 
  at <GestionarUsuarios ref="VTU_COMPONENT" > 
  at <VTUROOT>

[90mstderr[2m | src/assets/js/reportes-admin.spec.js[2m > 
[22m[2mreportes-admin.js[2m > [22m[2msummaryCards edge cases[2m > 
[22m[2mshould handle missing tendencias
[22m[39m[Vue warn]: Component is missing template or render function:  { 
name: [32m'ReportesAdmin'[39m, setup: [36m[Function: setup][39m, 
components: {} } 
  at <ReportesAdmin ref="VTU_COMPONENT" > 
  at <VTUROOT>

[90mstderr[2m | src/assets/js/gestionar-usuarios.spec.js[2m > 
[22m[2mgestionar-usuarios.js[2m > [22m[2mcreateUser[2m > [22m[2mshould 
validate password confirmation
[22m[39m[Vue Router warn]: No match found for location with path ""
[Vue warn]: Component is missing template or render function:  {
  name: [32m'GestionarUsuarios'[39m,
  setup: [36m[Function: setup][39m,
  data: [36m[Function: data][39m,
  computed: {
    isCurrentUserAdmin: [36m[Function: isCurrentUserAdmin][39m,
    isSuperAdmin: [36m[Function: isSuperAdmin][39m
  },
  mounted: [36m[Function: mounted][39m,
  beforeUnmount: [36m[Function: beforeUnmount][39m,
  beforeRouteLeave: [36m[Function: beforeRouteLeave][39m,
  methods: {
    resolveRoleId: [36m[Function: resolveRoleId][39m,
    openAddModal: [36m[Function: openAddModal][39m,
    closeAddModal: [36m[Function: closeAddModal][39m,
    resetAddForm: [36m[Function: resetAddForm][39m,
    createUser: [36m[AsyncFunction: createUser][39m,
    editUser: [36m[Function: editUser][39m,
    closeEditModal: [36m[Function: closeEditModal][39m,
    _procesarCamposActualizacion: [36m[Function: 
_procesarCamposActualizacion][39m,
    _agregarPasswordSiExiste: [36m[Function: _agregarPasswordSiExiste][39m,
    _agregarRolSiEsAdmin: [36m[Function: _agregarRolSiEsAdmin][39m,
    _validarEmail: [36m[Function: _validarEmail][39m,
    updateUser: [36m[AsyncFunction: updateUser][39m,
    toggleUserStatus: [36m[AsyncFunction: toggleUserStatus][39m
  },
  components: {}
} 
  at <GestionarUsuarios ref="VTU_COMPONENT" > 
  at <VTUROOT>

[90mstderr[2m | src/assets/js/reportes-admin.spec.js[2m > 
[22m[2mreportes-admin.js[2m > [22m[2msecciones edge cases[2m > 
[22m[2mshould handle missing detalle arrays
[22m[39m[Vue warn]: Component is missing template or render function:  { 
name: [32m'ReportesAdmin'[39m, setup: [36m[Function: setup][39m, 
components: {} } 
  at <ReportesAdmin ref="VTU_COMPONENT" > 
  at <VTUROOT>

[90mstderr[2m | src/assets/js/reportes-admin.spec.js[2m > 
[22m[2mreportes-admin.js[2m > [22m[2msecciones edge cases[2m > 
[22m[2mshould handle missing proximas in vacunaciones
[22m[39m[Vue warn]: Component is missing template or render function:  { 
name: [32m'ReportesAdmin'[39m, setup: [36m[Function: setup][39m, 
components: {} } 
  at <ReportesAdmin ref="VTU_COMPONENT" > 
  at <VTUROOT>

[90mstderr[2m | src/views/public/CrearCuenta.spec.js[2m > 
[22m[2mCrearCuenta[2m > [22m[2mshould handle validation error
[22m[39m[Vue warn]: Failed to resolve component: router-link
If this is a native custom element, make sure to exclude it from component 
resolution via compilerOptions.isCustomElement. 
  at <CrearCuenta ref="VTU_COMPONENT" > 
  at <VTUROOT>

[90mstderr[2m | src/assets/js/gestionar-usuarios.spec.js[2m > 
[22m[2mgestionar-usuarios.js[2m > [22m[2mcreateUser[2m > [22m[2mshould 
create user successfully
[22m[39m[Vue Router warn]: No match found for location with path ""
[Vue warn]: Component is missing template or render function:  {
  name: [32m'GestionarUsuarios'[39m,
  setup: [36m[Function: setup][39m,
  data: [36m[Function: data][39m,
  computed: {
    isCurrentUserAdmin: [36m[Function: isCurrentUserAdmin][39m,
    isSuperAdmin: [36m[Function: isSuperAdmin][39m
  },
  mounted: [36m[Function: mounted][39m,
  beforeUnmount: [36m[Function: beforeUnmount][39m,
  beforeRouteLeave: [36m[Function: beforeRouteLeave][39m,
  methods: {
    resolveRoleId: [36m[Function: resolveRoleId][39m,
    openAddModal: [36m[Function: openAddModal][39m,
    closeAddModal: [36m[Function: closeAddModal][39m,
    resetAddForm: [36m[Function: resetAddForm][39m,
    createUser: [36m[AsyncFunction: createUser][39m,
    editUser: [36m[Function: editUser][39m,
    closeEditModal: [36m[Function: closeEditModal][39m,
    _procesarCamposActualizacion: [36m[Function: 
_procesarCamposActualizacion][39m,
    _agregarPasswordSiExiste: [36m[Function: _agregarPasswordSiExiste][39m,
    _agregarRolSiEsAdmin: [36m[Function: _agregarRolSiEsAdmin][39m,
    _validarEmail: [36m[Function: _validarEmail][39m,
    updateUser: [36m[AsyncFunction: updateUser][39m,
    toggleUserStatus: [36m[AsyncFunction: toggleUserStatus][39m
  },
  components: {}
} 
  at <GestionarUsuarios ref="VTU_COMPONENT" > 
  at <VTUROOT>

[90mstderr[2m | src/views/public/CrearCuenta.spec.js[2m > 
[22m[2mCrearCuenta[2m > [22m[2mshould handle validation error
[22m[39m[Vue warn]: Failed to resolve component: router-link
If this is a native custom element, make sure to exclude it from component 
resolution via compilerOptions.isCustomElement. 
  at <CrearCuenta ref="VTU_COMPONENT" > 
  at <VTUROOT>

[90mstderr[2m | src/assets/js/reportes-admin.spec.js[2m > 
[22m[2mreportes-admin.js[2m > [22m[2mformatPromedio edge cases[2m > 
[22m[2mshould handle null and undefined
[22m[39m[Vue warn]: Component is missing template or render function:  { 
name: [32m'ReportesAdmin'[39m, setup: [36m[Function: setup][39m, 
components: {} } 
  at <ReportesAdmin ref="VTU_COMPONENT" > 
  at <VTUROOT>

[90mstderr[2m | src/assets/js/gestionar-usuarios.spec.js[2m > 
[22m[2mgestionar-usuarios.js[2m > [22m[2mcreateUser[2m > [22m[2mshould 
handle create error
[22m[39m[Vue Router warn]: No match found for location with path ""
[Vue warn]: Component is missing template or render function:  {
  name: [32m'GestionarUsuarios'[39m,
  setup: [36m[Function: setup][39m,
  data: [36m[Function: data][39m,
  computed: {
    isCurrentUserAdmin: [36m[Function: isCurrentUserAdmin][39m,
    isSuperAdmin: [36m[Function: isSuperAdmin][39m
  },
  mounted: [36m[Function: mounted][39m,
  beforeUnmount: [36m[Function: beforeUnmount][39m,
  beforeRouteLeave: [36m[Function: beforeRouteLeave][39m,
  methods: {
    resolveRoleId: [36m[Function: resolveRoleId][39m,
    openAddModal: [36m[Function: openAddModal][39m,
    closeAddModal: [36m[Function: closeAddModal][39m,
    resetAddForm: [36m[Function: resetAddForm][39m,
    createUser: [36m[AsyncFunction: createUser][39m,
    editUser: [36m[Function: editUser][39m,
    closeEditModal: [36m[Function: closeEditModal][39m,
    _procesarCamposActualizacion: [36m[Function: 
_procesarCamposActualizacion][39m,
    _agregarPasswordSiExiste: [36m[Function: _agregarPasswordSiExiste][39m,
    _agregarRolSiEsAdmin: [36m[Function: _agregarRolSiEsAdmin][39m,
    _validarEmail: [36m[Function: _validarEmail][39m,
    updateUser: [36m[AsyncFunction: updateUser][39m,
    toggleUserStatus: [36m[AsyncFunction: toggleUserStatus][39m
  },
  components: {}
} 
  at <GestionarUsuarios ref="VTU_COMPONENT" > 
  at <VTUROOT>

[90mstderr[2m | src/assets/js/reportes-admin.spec.js[2m > 
[22m[2mreportes-admin.js[2m > [22m[2mformatPromedio edge cases[2m > 
[22m[2mshould handle very large numbers
[22m[39m[Vue warn]: Component is missing template or render function:  { 
name: [32m'ReportesAdmin'[39m, setup: [36m[Function: setup][39m, 
components: {} } 
  at <ReportesAdmin ref="VTU_COMPONENT" > 
  at <VTUROOT>

[90mstderr[2m | src/assets/js/reportes-admin.spec.js[2m > 
[22m[2mreportes-admin.js[2m > [22m[2mformatPromedio edge cases[2m > 
[22m[2mshould handle negative numbers
[22m[39m[Vue warn]: Component is missing template or render function:  { 
name: [32m'ReportesAdmin'[39m, setup: [36m[Function: setup][39m, 
components: {} } 
  at <ReportesAdmin ref="VTU_COMPONENT" > 
  at <VTUROOT>

[90mstderr[2m | src/assets/js/gestionar-usuarios.spec.js[2m > 
[22m[2mgestionar-usuarios.js[2m > [22m[2meditUser[2m > [22m[2mshould 
populate edit form with user data
[22m[39m[Vue Router warn]: No match found for location with path ""
[Vue warn]: Component is missing template or render function:  {
  name: [32m'GestionarUsuarios'[39m,
  setup: [36m[Function: setup][39m,
  data: [36m[Function: data][39m,
  computed: {
    isCurrentUserAdmin: [36m[Function: isCurrentUserAdmin][39m,
    isSuperAdmin: [36m[Function: isSuperAdmin][39m
  },
  mounted: [36m[Function: mounted][39m,
  beforeUnmount: [36m[Function: beforeUnmount][39m,
  beforeRouteLeave: [36m[Function: beforeRouteLeave][39m,
  methods: {
    resolveRoleId: [36m[Function: resolveRoleId][39m,
    openAddModal: [36m[Function: openAddModal][39m,
    closeAddModal: [36m[Function: closeAddModal][39m,
    resetAddForm: [36m[Function: resetAddForm][39m,
    createUser: [36m[AsyncFunction: createUser][39m,
    editUser: [36m[Function: editUser][39m,
    closeEditModal: [36m[Function: closeEditModal][39m,
    _procesarCamposActualizacion: [36m[Function: 
_procesarCamposActualizacion][39m,
    _agregarPasswordSiExiste: [36m[Function: _agregarPasswordSiExiste][39m,
    _agregarRolSiEsAdmin: [36m[Function: _agregarRolSiEsAdmin][39m,
    _validarEmail: [36m[Function: _validarEmail][39m,
    updateUser: [36m[AsyncFunction: updateUser][39m,
    toggleUserStatus: [36m[AsyncFunction: toggleUserStatus][39m
  },
  components: {}
} 
  at <GestionarUsuarios ref="VTU_COMPONENT" > 
  at <VTUROOT>

[90mstderr[2m | src/assets/js/reportes-admin.spec.js[2m > 
[22m[2mreportes-admin.js[2m > [22m[2mformatVariacion edge cases[2m > 
[22m[2mshould handle null and undefined
[22m[39m[Vue warn]: Component is missing template or render function:  { 
name: [32m'ReportesAdmin'[39m, setup: [36m[Function: setup][39m, 
components: {} } 
  at <ReportesAdmin ref="VTU_COMPONENT" > 
  at <VTUROOT>

[90mstderr[2m | src/views/public/CrearCuenta.spec.js[2m > 
[22m[2mCrearCuenta[2m > [22m[2mshould handle API error
[22m[39m[Vue warn]: Failed to resolve component: router-link
If this is a native custom element, make sure to exclude it from component 
resolution via compilerOptions.isCustomElement. 
  at <CrearCuenta ref="VTU_COMPONENT" > 
  at <VTUROOT>

[90mstderr[2m | src/assets/js/gestionar-usuarios.spec.js[2m > 
[22m[2mgestionar-usuarios.js[2m > [22m[2mtoggleUserStatus[2m > 
[22m[2mshould require admin permissions
[22m[39m[Vue Router warn]: No match found for location with path ""
[Vue warn]: Component is missing template or render function:  {
  name: [32m'GestionarUsuarios'[39m,
  setup: [36m[Function: setup][39m,
  data: [36m[Function: data][39m,
  computed: {
    isCurrentUserAdmin: [36m[Function: isCurrentUserAdmin][39m,
    isSuperAdmin: [36m[Function: isSuperAdmin][39m
  },
  mounted: [36m[Function: mounted][39m,
  beforeUnmount: [36m[Function: beforeUnmount][39m,
  beforeRouteLeave: [36m[Function: beforeRouteLeave][39m,
  methods: {
    resolveRoleId: [36m[Function: resolveRoleId][39m,
    openAddModal: [36m[Function: openAddModal][39m,
    closeAddModal: [36m[Function: closeAddModal][39m,
    resetAddForm: [36m[Function: resetAddForm][39m,
    createUser: [36m[AsyncFunction: createUser][39m,
    editUser: [36m[Function: editUser][39m,
    closeEditModal: [36m[Function: closeEditModal][39m,
    _procesarCamposActualizacion: [36m[Function: 
_procesarCamposActualizacion][39m,
    _agregarPasswordSiExiste: [36m[Function: _agregarPasswordSiExiste][39m,
    _agregarRolSiEsAdmin: [36m[Function: _agregarRolSiEsAdmin][39m,
    _validarEmail: [36m[Function: _validarEmail][39m,
    updateUser: [36m[AsyncFunction: updateUser][39m,
    toggleUserStatus: [36m[AsyncFunction: toggleUserStatus][39m
  },
  components: {}
} 
  at <GestionarUsuarios ref="VTU_COMPONENT" > 
  at <VTUROOT>

[90mstderr[2m | src/views/public/CrearCuenta.spec.js[2m > 
[22m[2mCrearCuenta[2m > [22m[2mshould handle API error
[22m[39m[Vue warn]: Failed to resolve component: router-link
If this is a native custom element, make sure to exclude it from component 
resolution via compilerOptions.isCustomElement. 
  at <CrearCuenta ref="VTU_COMPONENT" > 
  at <VTUROOT>

[90mstderr[2m | src/assets/js/reportes-admin.spec.js[2m > 
[22m[2mreportes-admin.js[2m > [22m[2mformatVariacion edge cases[2m > 
[22m[2mshould handle Infinity
[22m[39m[Vue warn]: Component is missing template or render function:  { 
name: [32m'ReportesAdmin'[39m, setup: [36m[Function: setup][39m, 
components: {} } 
  at <ReportesAdmin ref="VTU_COMPONENT" > 
  at <VTUROOT>

[90mstderr[2m | src/assets/js/gestionar-usuarios.spec.js[2m > 
[22m[2mgestionar-usuarios.js[2m > [22m[2mtoggleUserStatus[2m > 
[22m[2mshould toggle user status successfully
[22m[39m[Vue Router warn]: No match found for location with path ""
[Vue warn]: Component is missing template or render function:  {
  name: [32m'GestionarUsuarios'[39m,
  setup: [36m[Function: setup][39m,
  data: [36m[Function: data][39m,
  computed: {
    isCurrentUserAdmin: [36m[Function: isCurrentUserAdmin][39m,
    isSuperAdmin: [36m[Function: isSuperAdmin][39m
  },
  mounted: [36m[Function: mounted][39m,
  beforeUnmount: [36m[Function: beforeUnmount][39m,
  beforeRouteLeave: [36m[Function: beforeRouteLeave][39m,
  methods: {
    resolveRoleId: [36m[Function: resolveRoleId][39m,
    openAddModal: [36m[Function: openAddModal][39m,
    closeAddModal: [36m[Function: closeAddModal][39m,
    resetAddForm: [36m[Function: resetAddForm][39m,
    createUser: [36m[AsyncFunction: createUser][39m,
    editUser: [36m[Function: editUser][39m,
    closeEditModal: [36m[Function: closeEditModal][39m,
    _procesarCamposActualizacion: [36m[Function: 
_procesarCamposActualizacion][39m,
    _agregarPasswordSiExiste: [36m[Function: _agregarPasswordSiExiste][39m,
    _agregarRolSiEsAdmin: [36m[Function: _agregarRolSiEsAdmin][39m,
    _validarEmail: [36m[Function: _validarEmail][39m,
    updateUser: [36m[AsyncFunction: updateUser][39m,
    toggleUserStatus: [36m[AsyncFunction: toggleUserStatus][39m
  },
  components: {}
} 
  at <GestionarUsuarios ref="VTU_COMPONENT" > 
  at <VTUROOT>

[90mstderr[2m | src/assets/js/reportes-admin.spec.js[2m > 
[22m[2mreportes-admin.js[2m > [22m[2mformatVariacion edge cases[2m > 
[22m[2mshould handle zero
[22m[39m[Vue warn]: Component is missing template or render function:  { 
name: [32m'ReportesAdmin'[39m, setup: [36m[Function: setup][39m, 
components: {} } 
  at <ReportesAdmin ref="VTU_COMPONENT" > 
  at <VTUROOT>

[90mstderr[2m | src/views/public/CrearCuenta.spec.js[2m > 
[22m[2mCrearCuenta[2m > [22m[2mshould handle API error
[22m[39m[Vue warn]: Failed to resolve component: router-link
If this is a native custom element, make sure to exclude it from component 
resolution via compilerOptions.isCustomElement. 
  at <CrearCuenta ref="VTU_COMPONENT" > 
  at <VTUROOT>

[90mstderr[2m | src/assets/js/gestionar-usuarios.spec.js[2m > 
[22m[2mgestionar-usuarios.js[2m > [22m[2mtoggleUserStatus[2m > 
[22m[2mshould activate user when currently inactive
[22m[39m[Vue Router warn]: No match found for location with path ""
[Vue warn]: Component is missing template or render function:  {
  name: [32m'GestionarUsuarios'[39m,
  setup: [36m[Function: setup][39m,
  data: [36m[Function: data][39m,
  computed: {
    isCurrentUserAdmin: [36m[Function: isCurrentUserAdmin][39m,
    isSuperAdmin: [36m[Function: isSuperAdmin][39m
  },
  mounted: [36m[Function: mounted][39m,
  beforeUnmount: [36m[Function: beforeUnmount][39m,
  beforeRouteLeave: [36m[Function: beforeRouteLeave][39m,
  methods: {
    resolveRoleId: [36m[Function: resolveRoleId][39m,
    openAddModal: [36m[Function: openAddModal][39m,
    closeAddModal: [36m[Function: closeAddModal][39m,
    resetAddForm: [36m[Function: resetAddForm][39m,
    createUser: [36m[AsyncFunction: createUser][39m,
    editUser: [36m[Function: editUser][39m,
    closeEditModal: [36m[Function: closeEditModal][39m,
    _procesarCamposActualizacion: [36m[Function: 
_procesarCamposActualizacion][39m,
    _agregarPasswordSiExiste: [36m[Function: _agregarPasswordSiExiste][39m,
    _agregarRolSiEsAdmin: [36m[Function: _agregarRolSiEsAdmin][39m,
    _validarEmail: [36m[Function: _validarEmail][39m,
    updateUser: [36m[AsyncFunction: updateUser][39m,
    toggleUserStatus: [36m[AsyncFunction: toggleUserStatus][39m
  },
  components: {}
} 
  at <GestionarUsuarios ref="VTU_COMPONENT" > 
  at <VTUROOT>

[90mstderr[2m | src/assets/js/reportes-admin.spec.js[2m > 
[22m[2mreportes-admin.js[2m > [22m[2mformatearEstado edge cases[2m > 
[22m[2mshould handle multiple underscores
[22m[39m[Vue warn]: Component is missing template or render function:  { 
name: [32m'ReportesAdmin'[39m, setup: [36m[Function: setup][39m, 
components: {} } 
  at <ReportesAdmin ref="VTU_COMPONENT" > 
  at <VTUROOT>

[90mstderr[2m | src/views/public/CrearCuenta.spec.js[2m > 
[22m[2mCrearCuenta[2m > [22m[2mshould handle API error
[22m[39m[Vue warn]: Failed to resolve component: router-link
If this is a native custom element, make sure to exclude it from component 
resolution via compilerOptions.isCustomElement. 
  at <CrearCuenta ref="VTU_COMPONENT" > 
  at <VTUROOT>

[90mstderr[2m | src/assets/js/gestionar-usuarios.spec.js[2m > 
[22m[2mgestionar-usuarios.js[2m > [22m[2mtoggleUserStatus[2m > 
[22m[2mshould not change status if user cancels
[22m[39m[Vue Router warn]: No match found for location with path ""
[Vue warn]: Component is missing template or render function:  {
  name: [32m'GestionarUsuarios'[39m,
  setup: [36m[Function: setup][39m,
  data: [36m[Function: data][39m,
  computed: {
    isCurrentUserAdmin: [36m[Function: isCurrentUserAdmin][39m,
    isSuperAdmin: [36m[Function: isSuperAdmin][39m
  },
  mounted: [36m[Function: mounted][39m,
  beforeUnmount: [36m[Function: beforeUnmount][39m,
  beforeRouteLeave: [36m[Function: beforeRouteLeave][39m,
  methods: {
    resolveRoleId: [36m[Function: resolveRoleId][39m,
    openAddModal: [36m[Function: openAddModal][39m,
    closeAddModal: [36m[Function: closeAddModal][39m,
    resetAddForm: [36m[Function: resetAddForm][39m,
    createUser: [36m[AsyncFunction: createUser][39m,
    editUser: [36m[Function: editUser][39m,
    closeEditModal: [36m[Function: closeEditModal][39m,
    _procesarCamposActualizacion: [36m[Function: 
_procesarCamposActualizacion][39m,
    _agregarPasswordSiExiste: [36m[Function: _agregarPasswordSiExiste][39m,
    _agregarRolSiEsAdmin: [36m[Function: _agregarRolSiEsAdmin][39m,
    _validarEmail: [36m[Function: _validarEmail][39m,
    updateUser: [36m[AsyncFunction: updateUser][39m,
    toggleUserStatus: [36m[AsyncFunction: toggleUserStatus][39m
  },
  components: {}
} 
  at <GestionarUsuarios ref="VTU_COMPONENT" > 
  at <VTUROOT>

[90mstderr[2m | src/assets/js/reportes-admin.spec.js[2m > 
[22m[2mreportes-admin.js[2m > [22m[2mformatearEstado edge cases[2m > 
[22m[2mshould handle estado with no underscores
[22m[39m[Vue warn]: Component is missing template or render function:  { 
name: [32m'ReportesAdmin'[39m, setup: [36m[Function: setup][39m, 
components: {} } 
  at <ReportesAdmin ref="VTU_COMPONENT" > 
  at <VTUROOT>

[90mstderr[2m | src/views/public/CrearCuenta.spec.js[2m > 
[22m[2mCrearCuenta[2m > [22m[2mshould handle API error
[22m[39m[Vue warn]: Failed to resolve component: router-link
If this is a native custom element, make sure to exclude it from component 
resolution via compilerOptions.isCustomElement. 
  at <CrearCuenta ref="VTU_COMPONENT" > 
  at <VTUROOT>

[90mstderr[2m | src/assets/js/gestionar-usuarios.spec.js[2m > 
[22m[2mgestionar-usuarios.js[2m > [22m[2mtoggleUserStatus[2m > 
[22m[2mshould handle error when changing status fails
[22m[39m[Vue Router warn]: No match found for location with path ""
[Vue warn]: Component is missing template or render function:  {
  name: [32m'GestionarUsuarios'[39m,
  setup: [36m[Function: setup][39m,
  data: [36m[Function: data][39m,
  computed: {
    isCurrentUserAdmin: [36m[Function: isCurrentUserAdmin][39m,
    isSuperAdmin: [36m[Function: isSuperAdmin][39m
  },
  mounted: [36m[Function: mounted][39m,
  beforeUnmount: [36m[Function: beforeUnmount][39m,
  beforeRouteLeave: [36m[Function: beforeRouteLeave][39m,
  methods: {
    resolveRoleId: [36m[Function: resolveRoleId][39m,
    openAddModal: [36m[Function: openAddModal][39m,
    closeAddModal: [36m[Function: closeAddModal][39m,
    resetAddForm: [36m[Function: resetAddForm][39m,
    createUser: [36m[AsyncFunction: createUser][39m,
    editUser: [36m[Function: editUser][39m,
    closeEditModal: [36m[Function: closeEditModal][39m,
    _procesarCamposActualizacion: [36m[Function: 
_procesarCamposActualizacion][39m,
    _agregarPasswordSiExiste: [36m[Function: _agregarPasswordSiExiste][39m,
    _agregarRolSiEsAdmin: [36m[Function: _agregarRolSiEsAdmin][39m,
    _validarEmail: [36m[Function: _validarEmail][39m,
    updateUser: [36m[AsyncFunction: updateUser][39m,
    toggleUserStatus: [36m[AsyncFunction: toggleUserStatus][39m
  },
  components: {}
} 
  at <GestionarUsuarios ref="VTU_COMPONENT" > 
  at <VTUROOT>

[90mstderr[2m | src/assets/js/reportes-admin.spec.js[2m > 
[22m[2mreportes-admin.js[2m > [22m[2mdescargarReporte edge cases[2m > 
[22m[2mshould handle error without message
[22m[39m[Vue warn]: Component is missing template or render function:  { 
name: [32m'ReportesAdmin'[39m, setup: [36m[Function: setup][39m, 
components: {} } 
  at <ReportesAdmin ref="VTU_COMPONENT" > 
  at <VTUROOT>

[90mstderr[2m | src/views/public/CrearCuenta.spec.js[2m > 
[22m[2mCrearCuenta[2m > [22m[2mshould handle API error
[22m[39m[Vue warn]: Failed to resolve component: router-link
If this is a native custom element, make sure to exclude it from component 
resolution via compilerOptions.isCustomElement. 
  at <CrearCuenta ref="VTU_COMPONENT" > 
  at <VTUROOT>

[90mstderr[2m | src/assets/js/gestionar-usuarios.spec.js[2m > 
[22m[2mgestionar-usuarios.js[2m > [22m[2mupdateUser[2m > [22m[2mshould 
not update if no editingUserId
[22m[39m[Vue Router warn]: No match found for location with path ""
[Vue warn]: Component is missing template or render function:  {
  name: [32m'GestionarUsuarios'[39m,
  setup: [36m[Function: setup][39m,
  data: [36m[Function: data][39m,
  computed: {
    isCurrentUserAdmin: [36m[Function: isCurrentUserAdmin][39m,
    isSuperAdmin: [36m[Function: isSuperAdmin][39m
  },
  mounted: [36m[Function: mounted][39m,
  beforeUnmount: [36m[Function: beforeUnmount][39m,
  beforeRouteLeave: [36m[Function: beforeRouteLeave][39m,
  methods: {
    resolveRoleId: [36m[Function: resolveRoleId][39m,
    openAddModal: [36m[Function: openAddModal][39m,
    closeAddModal: [36m[Function: closeAddModal][39m,
    resetAddForm: [36m[Function: resetAddForm][39m,
    createUser: [36m[AsyncFunction: createUser][39m,
    editUser: [36m[Function: editUser][39m,
    closeEditModal: [36m[Function: closeEditModal][39m,
    _procesarCamposActualizacion: [36m[Function: 
_procesarCamposActualizacion][39m,
    _agregarPasswordSiExiste: [36m[Function: _agregarPasswordSiExiste][39m,
    _agregarRolSiEsAdmin: [36m[Function: _agregarRolSiEsAdmin][39m,
    _validarEmail: [36m[Function: _validarEmail][39m,
    updateUser: [36m[AsyncFunction: updateUser][39m,
    toggleUserStatus: [36m[AsyncFunction: toggleUserStatus][39m
  },
  components: {}
} 
  at <GestionarUsuarios ref="VTU_COMPONENT" > 
  at <VTUROOT>

[90mstderr[2m | src/assets/js/reportes-admin.spec.js[2m > 
[22m[2mreportes-admin.js[2m > [22m[2mdescargarReporte edge cases[2m > 
[22m[2mshould handle successful download
[22m[39m[Vue warn]: Component is missing template or render function:  { 
name: [32m'ReportesAdmin'[39m, setup: [36m[Function: setup][39m, 
components: {} } 
  at <ReportesAdmin ref="VTU_COMPONENT" > 
  at <VTUROOT>

[90mstderr[2m | src/views/public/CrearCuenta.spec.js[2m > 
[22m[2mCrearCuenta[2m > [22m[2mshould handle API error
[22m[39m[Vue warn]: Failed to resolve component: router-link
If this is a native custom element, make sure to exclude it from component 
resolution via compilerOptions.isCustomElement. 
  at <CrearCuenta ref="VTU_COMPONENT" > 
  at <VTUROOT>

[90mstderr[2m | src/assets/js/gestionar-usuarios.spec.js[2m > 
[22m[2mgestionar-usuarios.js[2m > [22m[2mupdateUser[2m > [22m[2mshould 
validate password length
[22m[39m[Vue Router warn]: No match found for location with path ""
[Vue warn]: Component is missing template or render function:  {
  name: [32m'GestionarUsuarios'[39m,
  setup: [36m[Function: setup][39m,
  data: [36m[Function: data][39m,
  computed: {
    isCurrentUserAdmin: [36m[Function: isCurrentUserAdmin][39m,
    isSuperAdmin: [36m[Function: isSuperAdmin][39m
  },
  mounted: [36m[Function: mounted][39m,
  beforeUnmount: [36m[Function: beforeUnmount][39m,
  beforeRouteLeave: [36m[Function: beforeRouteLeave][39m,
  methods: {
    resolveRoleId: [36m[Function: resolveRoleId][39m,
    openAddModal: [36m[Function: openAddModal][39m,
    closeAddModal: [36m[Function: closeAddModal][39m,
    resetAddForm: [36m[Function: resetAddForm][39m,
    createUser: [36m[AsyncFunction: createUser][39m,
    editUser: [36m[Function: editUser][39m,
    closeEditModal: [36m[Function: closeEditModal][39m,
    _procesarCamposActualizacion: [36m[Function: 
_procesarCamposActualizacion][39m,
    _agregarPasswordSiExiste: [36m[Function: _agregarPasswordSiExiste][39m,
    _agregarRolSiEsAdmin: [36m[Function: _agregarRolSiEsAdmin][39m,
    _validarEmail: [36m[Function: _validarEmail][39m,
    updateUser: [36m[AsyncFunction: updateUser][39m,
    toggleUserStatus: [36m[AsyncFunction: toggleUserStatus][39m
  },
  components: {}
} 
  at <GestionarUsuarios ref="VTU_COMPONENT" > 
  at <VTUROOT>

[90mstderr[2m | src/assets/js/reportes-admin.spec.js[2m > 
[22m[2mreportes-admin.js[2m > [22m[2mComponent lifecycle[2m > 
[22m[2mshould call cargarResumen on mount
[22m[39m[Vue warn]: Component is missing template or render function:  { 
name: [32m'ReportesAdmin'[39m, setup: [36m[Function: setup][39m, 
components: {} } 
  at <ReportesAdmin ref="VTU_COMPONENT" > 
  at <VTUROOT>

[90mstderr[2m | src/views/public/CrearCuenta.spec.js[2m > 
[22m[2mCrearCuenta[2m > [22m[2mshould handle API error
[22m[39m[Vue warn]: Failed to resolve component: router-link
If this is a native custom element, make sure to exclude it from component 
resolution via compilerOptions.isCustomElement. 
  at <CrearCuenta ref="VTU_COMPONENT" > 
  at <VTUROOT>

[90mstderr[2m | src/assets/js/gestionar-usuarios.spec.js[2m > 
[22m[2mgestionar-usuarios.js[2m > [22m[2mupdateUser[2m > [22m[2mshould 
update user successfully
[22m[39m[Vue Router warn]: No match found for location with path ""
[Vue warn]: Component is missing template or render function:  {
  name: [32m'GestionarUsuarios'[39m,
  setup: [36m[Function: setup][39m,
  data: [36m[Function: data][39m,
  computed: {
    isCurrentUserAdmin: [36m[Function: isCurrentUserAdmin][39m,
    isSuperAdmin: [36m[Function: isSuperAdmin][39m
  },
  mounted: [36m[Function: mounted][39m,
  beforeUnmount: [36m[Function: beforeUnmount][39m,
  beforeRouteLeave: [36m[Function: beforeRouteLeave][39m,
  methods: {
    resolveRoleId: [36m[Function: resolveRoleId][39m,
    openAddModal: [36m[Function: openAddModal][39m,
    closeAddModal: [36m[Function: closeAddModal][39m,
    resetAddForm: [36m[Function: resetAddForm][39m,
    createUser: [36m[AsyncFunction: createUser][39m,
    editUser: [36m[Function: editUser][39m,
    closeEditModal: [36m[Function: closeEditModal][39m,
    _procesarCamposActualizacion: [36m[Function: 
_procesarCamposActualizacion][39m,
    _agregarPasswordSiExiste: [36m[Function: _agregarPasswordSiExiste][39m,
    _agregarRolSiEsAdmin: [36m[Function: _agregarRolSiEsAdmin][39m,
    _validarEmail: [36m[Function: _validarEmail][39m,
    updateUser: [36m[AsyncFunction: updateUser][39m,
    toggleUserStatus: [36m[AsyncFunction: toggleUserStatus][39m
  },
  components: {}
} 
  at <GestionarUsuarios ref="VTU_COMPONENT" > 
  at <VTUROOT>

[90mstderr[2m | src/views/public/CrearCuenta.spec.js[2m > 
[22m[2mCrearCuenta[2m > [22m[2mshould handle API error without response 
data
[22m[39m[Vue warn]: Failed to resolve component: router-link
If this is a native custom element, make sure to exclude it from component 
resolution via compilerOptions.isCustomElement. 
  at <CrearCuenta ref="VTU_COMPONENT" > 
  at <VTUROOT>

[90mstderr[2m | src/views/public/CrearCuenta.spec.js[2m > 
[22m[2mCrearCuenta[2m > [22m[2mshould handle API error without response 
data
[22m[39m[Vue warn]: Failed to resolve component: router-link
If this is a native custom element, make sure to exclude it from component 
resolution via compilerOptions.isCustomElement. 
  at <CrearCuenta ref="VTU_COMPONENT" > 
  at <VTUROOT>

[90mstderr[2m | src/views/public/CrearCuenta.spec.js[2m > 
[22m[2mCrearCuenta[2m > [22m[2mshould handle API error without response 
data
[22m[39m[Vue warn]: Failed to resolve component: router-link
If this is a native custom element, make sure to exclude it from component 
resolution via compilerOptions.isCustomElement. 
  at <CrearCuenta ref="VTU_COMPONENT" > 
  at <VTUROOT>

[90mstderr[2m | src/assets/js/gestionar-usuarios.spec.js[2m > 
[22m[2mgestionar-usuarios.js[2m > [22m[2mupdateUser[2m > [22m[2mshould 
show info if no changes
[22m[39m[Vue Router warn]: No match found for location with path ""
[Vue warn]: Component is missing template or render function:  {
  name: [32m'GestionarUsuarios'[39m,
  setup: [36m[Function: setup][39m,
  data: [36m[Function: data][39m,
  computed: {
    isCurrentUserAdmin: [36m[Function: isCurrentUserAdmin][39m,
    isSuperAdmin: [36m[Function: isSuperAdmin][39m
  },
  mounted: [36m[Function: mounted][39m,
  beforeUnmount: [36m[Function: beforeUnmount][39m,
  beforeRouteLeave: [36m[Function: beforeRouteLeave][39m,
  methods: {
    resolveRoleId: [36m[Function: resolveRoleId][39m,
    openAddModal: [36m[Function: openAddModal][39m,
    closeAddModal: [36m[Function: closeAddModal][39m,
    resetAddForm: [36m[Function: resetAddForm][39m,
    createUser: [36m[AsyncFunction: createUser][39m,
    editUser: [36m[Function: editUser][39m,
    closeEditModal: [36m[Function: closeEditModal][39m,
    _procesarCamposActualizacion: [36m[Function: 
_procesarCamposActualizacion][39m,
    _agregarPasswordSiExiste: [36m[Function: _agregarPasswordSiExiste][39m,
    _agregarRolSiEsAdmin: [36m[Function: _agregarRolSiEsAdmin][39m,
    _validarEmail: [36m[Function: _validarEmail][39m,
    updateUser: [36m[AsyncFunction: updateUser][39m,
    toggleUserStatus: [36m[AsyncFunction: toggleUserStatus][39m
  },
  components: {}
} 
  at <GestionarUsuarios ref="VTU_COMPONENT" > 
  at <VTUROOT>

[90mstderr[2m | src/assets/js/gestionar-usuarios.spec.js[2m > 
[22m[2mgestionar-usuarios.js[2m > [22m[2mupdateUser[2m > [22m[2mshould 
show info if no changes
[22m[39m[Vue warn]: Component is missing template or render function:  {
  name: [32m'GestionarUsuarios'[39m,
  setup: [36m[Function: setup][39m,
  data: [36m[Function: data][39m,
  computed: {
    isCurrentUserAdmin: [36m[Function: isCurrentUserAdmin][39m,
    isSuperAdmin: [36m[Function: isSuperAdmin][39m
  },
  mounted: [36m[Function: mounted][39m,
  beforeUnmount: [36m[Function: beforeUnmount][39m,
  beforeRouteLeave: [36m[Function: beforeRouteLeave][39m,
  methods: {
    resolveRoleId: [36m[Function: resolveRoleId][39m,
    openAddModal: [36m[Function: openAddModal][39m,
    closeAddModal: [36m[Function: closeAddModal][39m,
    resetAddForm: [36m[Function: resetAddForm][39m,
    createUser: [36m[AsyncFunction: createUser][39m,
    editUser: [36m[Function: editUser][39m,
    closeEditModal: [36m[Function: closeEditModal][39m,
    _procesarCamposActualizacion: [36m[Function: 
_procesarCamposActualizacion][39m,
    _agregarPasswordSiExiste: [36m[Function: _agregarPasswordSiExiste][39m,
    _agregarRolSiEsAdmin: [36m[Function: _agregarRolSiEsAdmin][39m,
    _validarEmail: [36m[Function: _validarEmail][39m,
    updateUser: [36m[AsyncFunction: updateUser][39m,
    toggleUserStatus: [36m[AsyncFunction: toggleUserStatus][39m
  },
  components: {}
} 
  at <GestionarUsuarios ref="VTU_COMPONENT" > 
  at <VTUROOT>

[90mstderr[2m | src/views/public/CrearCuenta.spec.js[2m > 
[22m[2mCrearCuenta[2m > [22m[2mshould handle API error without response 
data
[22m[39m[Vue warn]: Failed to resolve component: router-link
If this is a native custom element, make sure to exclude it from component 
resolution via compilerOptions.isCustomElement. 
  at <CrearCuenta ref="VTU_COMPONENT" > 
  at <VTUROOT>

[90mstderr[2m | src/assets/js/gestionar-usuarios.spec.js[2m > 
[22m[2mgestionar-usuarios.js[2m > [22m[2mupdateUser[2m > [22m[2mshould 
validate email format
[22m[39m[Vue Router warn]: No match found for location with path ""
[Vue warn]: Component is missing template or render function:  {
  name: [32m'GestionarUsuarios'[39m,
  setup: [36m[Function: setup][39m,
  data: [36m[Function: data][39m,
  computed: {
    isCurrentUserAdmin: [36m[Function: isCurrentUserAdmin][39m,
    isSuperAdmin: [36m[Function: isSuperAdmin][39m
  },
  mounted: [36m[Function: mounted][39m,
  beforeUnmount: [36m[Function: beforeUnmount][39m,
  beforeRouteLeave: [36m[Function: beforeRouteLeave][39m,
  methods: {
    resolveRoleId: [36m[Function: resolveRoleId][39m,
    openAddModal: [36m[Function: openAddModal][39m,
    closeAddModal: [36m[Function: closeAddModal][39m,
    resetAddForm: [36m[Function: resetAddForm][39m,
    createUser: [36m[AsyncFunction: createUser][39m,
    editUser: [36m[Function: editUser][39m,
    closeEditModal: [36m[Function: closeEditModal][39m,
    _procesarCamposActualizacion: [36m[Function: 
_procesarCamposActualizacion][39m,
    _agregarPasswordSiExiste: [36m[Function: _agregarPasswordSiExiste][39m,
    _agregarRolSiEsAdmin: [36m[Function: _agregarRolSiEsAdmin][39m,
    _validarEmail: [36m[Function: _validarEmail][39m,
    updateUser: [36m[AsyncFunction: updateUser][39m,
    toggleUserStatus: [36m[AsyncFunction: toggleUserStatus][39m
  },
  components: {}
} 
  at <GestionarUsuarios ref="VTU_COMPONENT" > 
  at <VTUROOT>

[90mstderr[2m | src/views/public/CrearCuenta.spec.js[2m > 
[22m[2mCrearCuenta[2m > [22m[2mshould handle API error without response 
data
[22m[39m[Vue warn]: Failed to resolve component: router-link
If this is a native custom element, make sure to exclude it from component 
resolution via compilerOptions.isCustomElement. 
  at <CrearCuenta ref="VTU_COMPONENT" > 
  at <VTUROOT>

[90mstderr[2m | src/assets/js/gestionar-usuarios.spec.js[2m > 
[22m[2mgestionar-usuarios.js[2m > [22m[2mupdateUser[2m > [22m[2mshould 
validate email format
[22m[39m[Vue warn]: Component is missing template or render function:  {
  name: [32m'GestionarUsuarios'[39m,
  setup: [36m[Function: setup][39m,
  data: [36m[Function: data][39m,
  computed: {
    isCurrentUserAdmin: [36m[Function: isCurrentUserAdmin][39m,
    isSuperAdmin: [36m[Function: isSuperAdmin][39m
  },
  mounted: [36m[Function: mounted][39m,
  beforeUnmount: [36m[Function: beforeUnmount][39m,
  beforeRouteLeave: [36m[Function: beforeRouteLeave][39m,
  methods: {
    resolveRoleId: [36m[Function: resolveRoleId][39m,
    openAddModal: [36m[Function: openAddModal][39m,
    closeAddModal: [36m[Function: closeAddModal][39m,
    resetAddForm: [36m[Function: resetAddForm][39m,
    createUser: [36m[AsyncFunction: createUser][39m,
    editUser: [36m[Function: editUser][39m,
    closeEditModal: [36m[Function: closeEditModal][39m,
    _procesarCamposActualizacion: [36m[Function: 
_procesarCamposActualizacion][39m,
    _agregarPasswordSiExiste: [36m[Function: _agregarPasswordSiExiste][39m,
    _agregarRolSiEsAdmin: [36m[Function: _agregarRolSiEsAdmin][39m,
    _validarEmail: [36m[Function: _validarEmail][39m,
    updateUser: [36m[AsyncFunction: updateUser][39m,
    toggleUserStatus: [36m[AsyncFunction: toggleUserStatus][39m
  },
  components: {}
} 
  at <GestionarUsuarios ref="VTU_COMPONENT" > 
  at <VTUROOT>

[90mstderr[2m | src/assets/js/gestionar-usuarios.spec.js[2m > 
[22m[2mgestionar-usuarios.js[2m > [22m[2mupdateUser[2m > [22m[2mshould 
include password in update if provided
[22m[39m[Vue Router warn]: No match found for location with path ""
[Vue warn]: Component is missing template or render function:  {
  name: [32m'GestionarUsuarios'[39m,
  setup: [36m[Function: setup][39m,
  data: [36m[Function: data][39m,
  computed: {
    isCurrentUserAdmin: [36m[Function: isCurrentUserAdmin][39m,
    isSuperAdmin: [36m[Function: isSuperAdmin][39m
  },
  mounted: [36m[Function: mounted][39m,
  beforeUnmount: [36m[Function: beforeUnmount][39m,
  beforeRouteLeave: [36m[Function: beforeRouteLeave][39m,
  methods: {
    resolveRoleId: [36m[Function: resolveRoleId][39m,
    openAddModal: [36m[Function: openAddModal][39m,
    closeAddModal: [36m[Function: closeAddModal][39m,
    resetAddForm: [36m[Function: resetAddForm][39m,
    createUser: [36m[AsyncFunction: createUser][39m,
    editUser: [36m[Function: editUser][39m,
    closeEditModal: [36m[Function: closeEditModal][39m,
    _procesarCamposActualizacion: [36m[Function: 
_procesarCamposActualizacion][39m,
    _agregarPasswordSiExiste: [36m[Function: _agregarPasswordSiExiste][39m,
    _agregarRolSiEsAdmin: [36m[Function: _agregarRolSiEsAdmin][39m,
    _validarEmail: [36m[Function: _validarEmail][39m,
    updateUser: [36m[AsyncFunction: updateUser][39m,
    toggleUserStatus: [36m[AsyncFunction: toggleUserStatus][39m
  },
  components: {}
} 
  at <GestionarUsuarios ref="VTU_COMPONENT" > 
  at <VTUROOT>

[90mstderr[2m | src/views/public/CrearCuenta.spec.js[2m > 
[22m[2mCrearCuenta[2m > [22m[2mshould handle API error without response 
data
[22m[39m[Vue warn]: Failed to resolve component: router-link
If this is a native custom element, make sure to exclude it from component 
resolution via compilerOptions.isCustomElement. 
  at <CrearCuenta ref="VTU_COMPONENT" > 
  at <VTUROOT>

[90mstderr[2m | src/assets/js/gestionar-usuarios.spec.js[2m > 
[22m[2mgestionar-usuarios.js[2m > [22m[2mupdateUser[2m > [22m[2mshould 
include password in update if provided
[22m[39m[Vue warn]: Component is missing template or render function:  {
  name: [32m'GestionarUsuarios'[39m,
  setup: [36m[Function: setup][39m,
  data: [36m[Function: data][39m,
  computed: {
    isCurrentUserAdmin: [36m[Function: isCurrentUserAdmin][39m,
    isSuperAdmin: [36m[Function: isSuperAdmin][39m
  },
  mounted: [36m[Function: mounted][39m,
  beforeUnmount: [36m[Function: beforeUnmount][39m,
  beforeRouteLeave: [36m[Function: beforeRouteLeave][39m,
  methods: {
    resolveRoleId: [36m[Function: resolveRoleId][39m,
    openAddModal: [36m[Function: openAddModal][39m,
    closeAddModal: [36m[Function: closeAddModal][39m,
    resetAddForm: [36m[Function: resetAddForm][39m,
    createUser: [36m[AsyncFunction: createUser][39m,
    editUser: [36m[Function: editUser][39m,
    closeEditModal: [36m[Function: closeEditModal][39m,
    _procesarCamposActualizacion: [36m[Function: 
_procesarCamposActualizacion][39m,
    _agregarPasswordSiExiste: [36m[Function: _agregarPasswordSiExiste][39m,
    _agregarRolSiEsAdmin: [36m[Function: _agregarRolSiEsAdmin][39m,
    _validarEmail: [36m[Function: _validarEmail][39m,
    updateUser: [36m[AsyncFunction: updateUser][39m,
    toggleUserStatus: [36m[AsyncFunction: toggleUserStatus][39m
  },
  components: {}
} 
  at <GestionarUsuarios ref="VTU_COMPONENT" > 
  at <VTUROOT>

[90mstderr[2m | src/views/public/CrearCuenta.spec.js[2m > 
[22m[2mCrearCuenta[2m > [22m[2mshould handle API error without response 
data
[22m[39m[Vue warn]: Failed to resolve component: router-link
If this is a native custom element, make sure to exclude it from component 
resolution via compilerOptions.isCustomElement. 
  at <CrearCuenta ref="VTU_COMPONENT" > 
  at <VTUROOT>

[90mstderr[2m | src/views/public/CrearCuenta.spec.js[2m > 
[22m[2mCrearCuenta[2m > [22m[2mshould handle API error without response 
data
[22m[39m[Vue warn]: Failed to resolve component: router-link
If this is a native custom element, make sure to exclude it from component 
resolution via compilerOptions.isCustomElement. 
  at <CrearCuenta ref="VTU_COMPONENT" > 
  at <VTUROOT>

[90mstderr[2m | src/assets/js/gestionar-usuarios.spec.js[2m > 
[22m[2mgestionar-usuarios.js[2m > [22m[2mupdateUser[2m > [22m[2mshould 
include id_rol if admin and changed
[22m[39m[Vue Router warn]: No match found for location with path ""
[Vue warn]: Component is missing template or render function:  {
  name: [32m'GestionarUsuarios'[39m,
  setup: [36m[Function: setup][39m,
  data: [36m[Function: data][39m,
  computed: {
    isCurrentUserAdmin: [36m[Function: isCurrentUserAdmin][39m,
    isSuperAdmin: [36m[Function: isSuperAdmin][39m
  },
  mounted: [36m[Function: mounted][39m,
  beforeUnmount: [36m[Function: beforeUnmount][39m,
  beforeRouteLeave: [36m[Function: beforeRouteLeave][39m,
  methods: {
    resolveRoleId: [36m[Function: resolveRoleId][39m,
    openAddModal: [36m[Function: openAddModal][39m,
    closeAddModal: [36m[Function: closeAddModal][39m,
    resetAddForm: [36m[Function: resetAddForm][39m,
    createUser: [36m[AsyncFunction: createUser][39m,
    editUser: [36m[Function: editUser][39m,
    closeEditModal: [36m[Function: closeEditModal][39m,
    _procesarCamposActualizacion: [36m[Function: 
_procesarCamposActualizacion][39m,
    _agregarPasswordSiExiste: [36m[Function: _agregarPasswordSiExiste][39m,
    _agregarRolSiEsAdmin: [36m[Function: _agregarRolSiEsAdmin][39m,
    _validarEmail: [36m[Function: _validarEmail][39m,
    updateUser: [36m[AsyncFunction: updateUser][39m,
    toggleUserStatus: [36m[AsyncFunction: toggleUserStatus][39m
  },
  components: {}
} 
  at <GestionarUsuarios ref="VTU_COMPONENT" > 
  at <VTUROOT>

[90mstderr[2m | src/views/public/CrearCuenta.spec.js[2m > 
[22m[2mCrearCuenta[2m > [22m[2mshould handle API success but wrong status
[22m[39m[Vue warn]: Failed to resolve component: router-link
If this is a native custom element, make sure to exclude it from component 
resolution via compilerOptions.isCustomElement. 
  at <CrearCuenta ref="VTU_COMPONENT" > 
  at <VTUROOT>

[90mstderr[2m | src/assets/js/gestionar-usuarios.spec.js[2m > 
[22m[2mgestionar-usuarios.js[2m > [22m[2mupdateUser[2m > [22m[2mshould 
include id_rol if admin and changed
[22m[39m[Vue warn]: Component is missing template or render function:  {
  name: [32m'GestionarUsuarios'[39m,
  setup: [36m[Function: setup][39m,
  data: [36m[Function: data][39m,
  computed: {
    isCurrentUserAdmin: [36m[Function: isCurrentUserAdmin][39m,
    isSuperAdmin: [36m[Function: isSuperAdmin][39m
  },
  mounted: [36m[Function: mounted][39m,
  beforeUnmount: [36m[Function: beforeUnmount][39m,
  beforeRouteLeave: [36m[Function: beforeRouteLeave][39m,
  methods: {
    resolveRoleId: [36m[Function: resolveRoleId][39m,
    openAddModal: [36m[Function: openAddModal][39m,
    closeAddModal: [36m[Function: closeAddModal][39m,
    resetAddForm: [36m[Function: resetAddForm][39m,
    createUser: [36m[AsyncFunction: createUser][39m,
    editUser: [36m[Function: editUser][39m,
    closeEditModal: [36m[Function: closeEditModal][39m,
    _procesarCamposActualizacion: [36m[Function: 
_procesarCamposActualizacion][39m,
    _agregarPasswordSiExiste: [36m[Function: _agregarPasswordSiExiste][39m,
    _agregarRolSiEsAdmin: [36m[Function: _agregarRolSiEsAdmin][39m,
    _validarEmail: [36m[Function: _validarEmail][39m,
    updateUser: [36m[AsyncFunction: updateUser][39m,
    toggleUserStatus: [36m[AsyncFunction: toggleUserStatus][39m
  },
  components: {}
} 
  at <GestionarUsuarios ref="VTU_COMPONENT" > 
  at <VTUROOT>

[90mstderr[2m | src/views/public/CrearCuenta.spec.js[2m > 
[22m[2mCrearCuenta[2m > [22m[2mshould handle API success but wrong status
[22m[39m[Vue warn]: Failed to resolve component: router-link
If this is a native custom element, make sure to exclude it from component 
resolution via compilerOptions.isCustomElement. 
  at <CrearCuenta ref="VTU_COMPONENT" > 
  at <VTUROOT>

[90mstderr[2m | src/assets/js/gestionar-usuarios.spec.js[2m > 
[22m[2mgestionar-usuarios.js[2m > [22m[2mcreateUser with super admin[2m 
> [22m[2mshould include id_rol and tenant_id if super admin
[22m[39m[Vue Router warn]: No match found for location with path ""
[Vue warn]: Component is missing template or render function:  {
  name: [32m'GestionarUsuarios'[39m,
  setup: [36m[Function: setup][39m,
  data: [36m[Function: data][39m,
  computed: {
    isCurrentUserAdmin: [36m[Function: isCurrentUserAdmin][39m,
    isSuperAdmin: [36m[Function: isSuperAdmin][39m
  },
  mounted: [36m[Function: mounted][39m,
  beforeUnmount: [36m[Function: beforeUnmount][39m,
  beforeRouteLeave: [36m[Function: beforeRouteLeave][39m,
  methods: {
    resolveRoleId: [36m[Function: resolveRoleId][39m,
    openAddModal: [36m[Function: openAddModal][39m,
    closeAddModal: [36m[Function: closeAddModal][39m,
    resetAddForm: [36m[Function: resetAddForm][39m,
    createUser: [36m[AsyncFunction: createUser][39m,
    editUser: [36m[Function: editUser][39m,
    closeEditModal: [36m[Function: closeEditModal][39m,
    _procesarCamposActualizacion: [36m[Function: 
_procesarCamposActualizacion][39m,
    _agregarPasswordSiExiste: [36m[Function: _agregarPasswordSiExiste][39m,
    _agregarRolSiEsAdmin: [36m[Function: _agregarRolSiEsAdmin][39m,
    _validarEmail: [36m[Function: _validarEmail][39m,
    updateUser: [36m[AsyncFunction: updateUser][39m,
    toggleUserStatus: [36m[AsyncFunction: toggleUserStatus][39m
  },
  components: {}
} 
  at <GestionarUsuarios ref="VTU_COMPONENT" > 
  at <VTUROOT>

[90mstderr[2m | src/views/public/CrearCuenta.spec.js[2m > 
[22m[2mCrearCuenta[2m > [22m[2mshould handle API success but wrong status
[22m[39m[Vue warn]: Failed to resolve component: router-link
If this is a native custom element, make sure to exclude it from component 
resolution via compilerOptions.isCustomElement. 
  at <CrearCuenta ref="VTU_COMPONENT" > 
  at <VTUROOT>

[90mstderr[2m | src/assets/js/gestionar-usuarios.spec.js[2m > 
[22m[2mgestionar-usuarios.js[2m > [22m[2mcreateUser with super admin[2m 
> [22m[2mshould validate primer_apellido is required
[22m[39m[Vue Router warn]: No match found for location with path ""
[Vue warn]: Component is missing template or render function:  {
  name: [32m'GestionarUsuarios'[39m,
  setup: [36m[Function: setup][39m,
  data: [36m[Function: data][39m,
  computed: {
    isCurrentUserAdmin: [36m[Function: isCurrentUserAdmin][39m,
    isSuperAdmin: [36m[Function: isSuperAdmin][39m
  },
  mounted: [36m[Function: mounted][39m,
  beforeUnmount: [36m[Function: beforeUnmount][39m,
  beforeRouteLeave: [36m[Function: beforeRouteLeave][39m,
  methods: {
    resolveRoleId: [36m[Function: resolveRoleId][39m,
    openAddModal: [36m[Function: openAddModal][39m,
    closeAddModal: [36m[Function: closeAddModal][39m,
    resetAddForm: [36m[Function: resetAddForm][39m,
    createUser: [36m[AsyncFunction: createUser][39m,
    editUser: [36m[Function: editUser][39m,
    closeEditModal: [36m[Function: closeEditModal][39m,
    _procesarCamposActualizacion: [36m[Function: 
_procesarCamposActualizacion][39m,
    _agregarPasswordSiExiste: [36m[Function: _agregarPasswordSiExiste][39m,
    _agregarRolSiEsAdmin: [36m[Function: _agregarRolSiEsAdmin][39m,
    _validarEmail: [36m[Function: _validarEmail][39m,
    updateUser: [36m[AsyncFunction: updateUser][39m,
    toggleUserStatus: [36m[AsyncFunction: toggleUserStatus][39m
  },
  components: {}
} 
  at <GestionarUsuarios ref="VTU_COMPONENT" > 
  at <VTUROOT>

[90mstderr[2m | src/views/public/CrearCuenta.spec.js[2m > 
[22m[2mCrearCuenta[2m > [22m[2mshould handle API success but wrong status
[22m[39m[Vue warn]: Failed to resolve component: router-link
If this is a native custom element, make sure to exclude it from component 
resolution via compilerOptions.isCustomElement. 
  at <CrearCuenta ref="VTU_COMPONENT" > 
  at <VTUROOT>

[90mstderr[2m | src/assets/js/gestionar-usuarios.spec.js[2m > 
[22m[2mgestionar-usuarios.js[2m > [22m[2mcreateUser with super admin[2m 
> [22m[2mshould validate email is required
[22m[39m[Vue Router warn]: No match found for location with path ""
[Vue warn]: Component is missing template or render function:  {
  name: [32m'GestionarUsuarios'[39m,
  setup: [36m[Function: setup][39m,
  data: [36m[Function: data][39m,
  computed: {
    isCurrentUserAdmin: [36m[Function: isCurrentUserAdmin][39m,
    isSuperAdmin: [36m[Function: isSuperAdmin][39m
  },
  mounted: [36m[Function: mounted][39m,
  beforeUnmount: [36m[Function: beforeUnmount][39m,
  beforeRouteLeave: [36m[Function: beforeRouteLeave][39m,
  methods: {
    resolveRoleId: [36m[Function: resolveRoleId][39m,
    openAddModal: [36m[Function: openAddModal][39m,
    closeAddModal: [36m[Function: closeAddModal][39m,
    resetAddForm: [36m[Function: resetAddForm][39m,
    createUser: [36m[AsyncFunction: createUser][39m,
    editUser: [36m[Function: editUser][39m,
    closeEditModal: [36m[Function: closeEditModal][39m,
    _procesarCamposActualizacion: [36m[Function: 
_procesarCamposActualizacion][39m,
    _agregarPasswordSiExiste: [36m[Function: _agregarPasswordSiExiste][39m,
    _agregarRolSiEsAdmin: [36m[Function: _agregarRolSiEsAdmin][39m,
    _validarEmail: [36m[Function: _validarEmail][39m,
    updateUser: [36m[AsyncFunction: updateUser][39m,
    toggleUserStatus: [36m[AsyncFunction: toggleUserStatus][39m
  },
  components: {}
} 
  at <GestionarUsuarios ref="VTU_COMPONENT" > 
  at <VTUROOT>

[90mstderr[2m | src/views/public/CrearCuenta.spec.js[2m > 
[22m[2mCrearCuenta[2m > [22m[2mshould handle API success but wrong status
[22m[39m[Vue warn]: Failed to resolve component: router-link
If this is a native custom element, make sure to exclude it from component 
resolution via compilerOptions.isCustomElement. 
  at <CrearCuenta ref="VTU_COMPONENT" > 
  at <VTUROOT>

[90mstderr[2m | src/assets/js/reportes-admin.spec.js[2m > 
[22m[2mreportes-admin.js[2m > [22m[2mComponent lifecycle[2m > 
[22m[2mshould handle loading state
[22m[39m[Vue warn]: Component is missing template or render function:  { 
name: [32m'ReportesAdmin'[39m, setup: [36m[Function: setup][39m, 
components: {} } 
  at <ReportesAdmin ref="VTU_COMPONENT" > 
  at <VTUROOT>

[90mstderr[2m | src/assets/js/gestionar-usuarios.spec.js[2m > 
[22m[2mgestionar-usuarios.js[2m > [22m[2mcreateUser with super admin[2m 
> [22m[2mshould prevent duplicate create requests
[22m[39m[Vue Router warn]: No match found for location with path ""
[Vue warn]: Component is missing template or render function:  {
  name: [32m'GestionarUsuarios'[39m,
  setup: [36m[Function: setup][39m,
  data: [36m[Function: data][39m,
  computed: {
    isCurrentUserAdmin: [36m[Function: isCurrentUserAdmin][39m,
    isSuperAdmin: [36m[Function: isSuperAdmin][39m
  },
  mounted: [36m[Function: mounted][39m,
  beforeUnmount: [36m[Function: beforeUnmount][39m,
  beforeRouteLeave: [36m[Function: beforeRouteLeave][39m,
  methods: {
    resolveRoleId: [36m[Function: resolveRoleId][39m,
    openAddModal: [36m[Function: openAddModal][39m,
    closeAddModal: [36m[Function: closeAddModal][39m,
    resetAddForm: [36m[Function: resetAddForm][39m,
    createUser: [36m[AsyncFunction: createUser][39m,
    editUser: [36m[Function: editUser][39m,
    closeEditModal: [36m[Function: closeEditModal][39m,
    _procesarCamposActualizacion: [36m[Function: 
_procesarCamposActualizacion][39m,
    _agregarPasswordSiExiste: [36m[Function: _agregarPasswordSiExiste][39m,
    _agregarRolSiEsAdmin: [36m[Function: _agregarRolSiEsAdmin][39m,
    _validarEmail: [36m[Function: _validarEmail][39m,
    updateUser: [36m[AsyncFunction: updateUser][39m,
    toggleUserStatus: [36m[AsyncFunction: toggleUserStatus][39m
  },
  components: {}
} 
  at <GestionarUsuarios ref="VTU_COMPONENT" > 
  at <VTUROOT>

[90mstderr[2m | src/views/public/CrearCuenta.spec.js[2m > 
[22m[2mCrearCuenta[2m > [22m[2mshould handle API success but wrong status
[22m[39m[Vue warn]: Failed to resolve component: router-link
If this is a native custom element, make sure to exclude it from component 
resolution via compilerOptions.isCustomElement. 
  at <CrearCuenta ref="VTU_COMPONENT" > 
  at <VTUROOT>

[90mstderr[2m | src/assets/js/reportes-admin.spec.js[2m > 
[22m[2mreportes-admin.js[2m > [22m[2mComponent lifecycle[2m > 
[22m[2mshould handle error state
[22m[39m[Vue warn]: Component is missing template or render function:  { 
name: [32m'ReportesAdmin'[39m, setup: [36m[Function: setup][39m, 
components: {} } 
  at <ReportesAdmin ref="VTU_COMPONENT" > 
  at <VTUROOT>

[90mstderr[2m | src/assets/js/gestionar-usuarios.spec.js[2m > 
[22m[2mgestionar-usuarios.js[2m > [22m[2mcloseEditModal[2m > 
[22m[2mshould reset edit form and close modal
[22m[39m[Vue Router warn]: No match found for location with path ""
[Vue warn]: Component is missing template or render function:  {
  name: [32m'GestionarUsuarios'[39m,
  setup: [36m[Function: setup][39m,
  data: [36m[Function: data][39m,
  computed: {
    isCurrentUserAdmin: [36m[Function: isCurrentUserAdmin][39m,
    isSuperAdmin: [36m[Function: isSuperAdmin][39m
  },
  mounted: [36m[Function: mounted][39m,
  beforeUnmount: [36m[Function: beforeUnmount][39m,
  beforeRouteLeave: [36m[Function: beforeRouteLeave][39m,
  methods: {
    resolveRoleId: [36m[Function: resolveRoleId][39m,
    openAddModal: [36m[Function: openAddModal][39m,
    closeAddModal: [36m[Function: closeAddModal][39m,
    resetAddForm: [36m[Function: resetAddForm][39m,
    createUser: [36m[AsyncFunction: createUser][39m,
    editUser: [36m[Function: editUser][39m,
    closeEditModal: [36m[Function: closeEditModal][39m,
    _procesarCamposActualizacion: [36m[Function: 
_procesarCamposActualizacion][39m,
    _agregarPasswordSiExiste: [36m[Function: _agregarPasswordSiExiste][39m,
    _agregarRolSiEsAdmin: [36m[Function: _agregarRolSiEsAdmin][39m,
    _validarEmail: [36m[Function: _validarEmail][39m,
    updateUser: [36m[AsyncFunction: updateUser][39m,
    toggleUserStatus: [36m[AsyncFunction: toggleUserStatus][39m
  },
  components: {}
} 
  at <GestionarUsuarios ref="VTU_COMPONENT" > 
  at <VTUROOT>

[90mstderr[2m | src/views/public/CrearCuenta.spec.js[2m > 
[22m[2mCrearCuenta[2m > [22m[2mshould handle API success but wrong status
[22m[39m[Vue warn]: Failed to resolve component: router-link
If this is a native custom element, make sure to exclude it from component 
resolution via compilerOptions.isCustomElement. 
  at <CrearCuenta ref="VTU_COMPONENT" > 
  at <VTUROOT>

[90mstderr[2m | src/assets/js/gestionar-usuarios.spec.js[2m > 
[22m[2mgestionar-usuarios.js[2m > [22m[2mresolveRoleId edge cases[2m > 
[22m[2mshould handle numeric role id from rol string
[22m[39m[Vue Router warn]: No match found for location with path ""
[Vue warn]: Component is missing template or render function:  {
  name: [32m'GestionarUsuarios'[39m,
  setup: [36m[Function: setup][39m,
  data: [36m[Function: data][39m,
  computed: {
    isCurrentUserAdmin: [36m[Function: isCurrentUserAdmin][39m,
    isSuperAdmin: [36m[Function: isSuperAdmin][39m
  },
  mounted: [36m[Function: mounted][39m,
  beforeUnmount: [36m[Function: beforeUnmount][39m,
  beforeRouteLeave: [36m[Function: beforeRouteLeave][39m,
  methods: {
    resolveRoleId: [36m[Function: resolveRoleId][39m,
    openAddModal: [36m[Function: openAddModal][39m,
    closeAddModal: [36m[Function: closeAddModal][39m,
    resetAddForm: [36m[Function: resetAddForm][39m,
    createUser: [36m[AsyncFunction: createUser][39m,
    editUser: [36m[Function: editUser][39m,
    closeEditModal: [36m[Function: closeEditModal][39m,
    _procesarCamposActualizacion: [36m[Function: 
_procesarCamposActualizacion][39m,
    _agregarPasswordSiExiste: [36m[Function: _agregarPasswordSiExiste][39m,
    _agregarRolSiEsAdmin: [36m[Function: _agregarRolSiEsAdmin][39m,
    _validarEmail: [36m[Function: _validarEmail][39m,
    updateUser: [36m[AsyncFunction: updateUser][39m,
    toggleUserStatus: [36m[AsyncFunction: toggleUserStatus][39m
  },
  components: {}
} 
  at <GestionarUsuarios ref="VTU_COMPONENT" > 
  at <VTUROOT>

[90mstderr[2m | src/views/public/CrearCuenta.spec.js[2m > 
[22m[2mCrearCuenta[2m > [22m[2mshould handle API success but wrong status
[22m[39m[Vue warn]: Failed to resolve component: router-link
If this is a native custom element, make sure to exclude it from component 
resolution via compilerOptions.isCustomElement. 
  at <CrearCuenta ref="VTU_COMPONENT" > 
  at <VTUROOT>

[90mstderr[2m | src/assets/js/gestionar-usuarios.spec.js[2m > 
[22m[2mgestionar-usuarios.js[2m > [22m[2mresolveRoleId edge cases[2m > 
[22m[2mshould handle role from rol.id when id_rol not present
[22m[39m[Vue Router warn]: No match found for location with path ""
[Vue warn]: Component is missing template or render function:  {
  name: [32m'GestionarUsuarios'[39m,
  setup: [36m[Function: setup][39m,
  data: [36m[Function: data][39m,
  computed: {
    isCurrentUserAdmin: [36m[Function: isCurrentUserAdmin][39m,
    isSuperAdmin: [36m[Function: isSuperAdmin][39m
  },
  mounted: [36m[Function: mounted][39m,
  beforeUnmount: [36m[Function: beforeUnmount][39m,
  beforeRouteLeave: [36m[Function: beforeRouteLeave][39m,
  methods: {
    resolveRoleId: [36m[Function: resolveRoleId][39m,
    openAddModal: [36m[Function: openAddModal][39m,
    closeAddModal: [36m[Function: closeAddModal][39m,
    resetAddForm: [36m[Function: resetAddForm][39m,
    createUser: [36m[AsyncFunction: createUser][39m,
    editUser: [36m[Function: editUser][39m,
    closeEditModal: [36m[Function: closeEditModal][39m,
    _procesarCamposActualizacion: [36m[Function: 
_procesarCamposActualizacion][39m,
    _agregarPasswordSiExiste: [36m[Function: _agregarPasswordSiExiste][39m,
    _agregarRolSiEsAdmin: [36m[Function: _agregarRolSiEsAdmin][39m,
    _validarEmail: [36m[Function: _validarEmail][39m,
    updateUser: [36m[AsyncFunction: updateUser][39m,
    toggleUserStatus: [36m[AsyncFunction: toggleUserStatus][39m
  },
  components: {}
} 
  at <GestionarUsuarios ref="VTU_COMPONENT" > 
  at <VTUROOT>

[90mstderr[2m | src/assets/js/gestionar-usuarios.spec.js[2m > 
[22m[2mgestionar-usuarios.js[2m > [22m[2mLifecycle hooks[2m > 
[22m[2mshould have lifecycle hooks defined
[22m[39m[Vue Router warn]: No match found for location with path ""
[Vue warn]: Component is missing template or render function:  {
  name: [32m'GestionarUsuarios'[39m,
  setup: [36m[Function: setup][39m,
  data: [36m[Function: data][39m,
  computed: {
    isCurrentUserAdmin: [36m[Function: isCurrentUserAdmin][39m,
    isSuperAdmin: [36m[Function: isSuperAdmin][39m
  },
  mounted: [36m[Function: mounted][39m,
  beforeUnmount: [36m[Function: beforeUnmount][39m,
  beforeRouteLeave: [36m[Function: beforeRouteLeave][39m,
  methods: {
    resolveRoleId: [36m[Function: resolveRoleId][39m,
    openAddModal: [36m[Function: openAddModal][39m,
    closeAddModal: [36m[Function: closeAddModal][39m,
    resetAddForm: [36m[Function: resetAddForm][39m,
    createUser: [36m[AsyncFunction: createUser][39m,
    editUser: [36m[Function: editUser][39m,
    closeEditModal: [36m[Function: closeEditModal][39m,
    _procesarCamposActualizacion: [36m[Function: 
_procesarCamposActualizacion][39m,
    _agregarPasswordSiExiste: [36m[Function: _agregarPasswordSiExiste][39m,
    _agregarRolSiEsAdmin: [36m[Function: _agregarRolSiEsAdmin][39m,
    _validarEmail: [36m[Function: _validarEmail][39m,
    updateUser: [36m[AsyncFunction: updateUser][39m,
    toggleUserStatus: [36m[AsyncFunction: toggleUserStatus][39m
  },
  components: {}
} 
  at <GestionarUsuarios ref="VTU_COMPONENT" > 
  at <VTUROOT>

[90mstderr[2m | src/views/public/CrearCuenta.spec.js[2m > 
[22m[2mCrearCuenta[2m > [22m[2mshould set loading state during submission
[22m[39m[Vue warn]: Failed to resolve component: router-link
If this is a native custom element, make sure to exclude it from component 
resolution via compilerOptions.isCustomElement. 
  at <CrearCuenta ref="VTU_COMPONENT" > 
  at <VTUROOT>

[90mstderr[2m | src/views/public/CrearCuenta.spec.js[2m > 
[22m[2mCrearCuenta[2m > [22m[2mshould set loading state during submission
[22m[39m[Vue warn]: Failed to resolve component: router-link
If this is a native custom element, make sure to exclude it from component 
resolution via compilerOptions.isCustomElement. 
  at <CrearCuenta ref="VTU_COMPONENT" > 
  at <VTUROOT>

[90mstderr[2m | src/views/public/CrearCuenta.spec.js[2m > 
[22m[2mCrearCuenta[2m > [22m[2mshould set loading state during submission
[22m[39m[Vue warn]: Failed to resolve component: router-link
If this is a native custom element, make sure to exclude it from component 
resolution via compilerOptions.isCustomElement. 
  at <CrearCuenta ref="VTU_COMPONENT" > 
  at <VTUROOT>

[90mstderr[2m | src/views/public/CrearCuenta.spec.js[2m > 
[22m[2mCrearCuenta[2m > [22m[2mshould set loading state during submission
[22m[39m[Vue warn]: Failed to resolve component: router-link
If this is a native custom element, make sure to exclude it from component 
resolution via compilerOptions.isCustomElement. 
  at <CrearCuenta ref="VTU_COMPONENT" > 
  at <VTUROOT>

[90mstderr[2m | src/views/public/CrearCuenta.spec.js[2m > 
[22m[2mCrearCuenta[2m > [22m[2mshould set loading state during submission
[22m[39m[Vue warn]: Failed to resolve component: router-link
If this is a native custom element, make sure to exclude it from component 
resolution via compilerOptions.isCustomElement. 
  at <CrearCuenta ref="VTU_COMPONENT" > 
  at <VTUROOT>

[90mstderr[2m | src/views/public/CrearCuenta.spec.js[2m > 
[22m[2mCrearCuenta[2m > [22m[2mshould set loading state during submission
[22m[39m[Vue warn]: Failed to resolve component: router-link
If this is a native custom element, make sure to exclude it from component 
resolution via compilerOptions.isCustomElement. 
  at <CrearCuenta ref="VTU_COMPONENT" > 
  at <VTUROOT>

[90mstderr[2m | src/views/public/CrearCuenta.spec.js[2m > 
[22m[2mCrearCuenta[2m > [22m[2mshould set loading state during submission
[22m[39m[Vue warn]: Failed to resolve component: router-link
If this is a native custom element, make sure to exclude it from component 
resolution via compilerOptions.isCustomElement. 
  at <CrearCuenta ref="VTU_COMPONENT" > 
  at <VTUROOT>

[90mstderr[2m | src/views/public/CrearCuenta.spec.js[2m > 
[22m[2mCrearCuenta[2m > [22m[2mshould set loading state during submission
[22m[39m[Vue warn]: Failed to resolve component: router-link
If this is a native custom element, make sure to exclude it from component 
resolution via compilerOptions.isCustomElement. 
  at <CrearCuenta ref="VTU_COMPONENT" > 
  at <VTUROOT>

 [32mÔ£ô[39m src/assets/js/reportes-admin.spec.js [2m([22m[2m46 tests[22m[2m)[22m[33m 608[2mms[22m[39m
 [32mÔ£ô[39m src/views/public/CrearCuenta.spec.js [2m([22m[2m9 tests[22m[2m)[22m[33m 744[2mms[22m[39m
 [32mÔ£ô[39m src/assets/js/gestionar-usuarios.spec.js [2m([22m[2m47 tests[22m[2m)[22m[33m 511[2mms[22m[39m
[90mstdout[2m | src/views/admin/EscanearQRAdmin.spec.js[2m > [22m[2mEscanearQRAdmin[2m > [22m[2mComponent mounting[2m > [22m[2mshould mount correctly
[22m[39m[QR-SCANNER] Error: El navegador no soporta acceso a la c├ímara. Usa el modo de carga de imagen.

[90mstderr[2m | src/views/admin/EscanearQRAdmin.spec.js[2m > 
[22m[2mEscanearQRAdmin[2m > [22m[2mComponent mounting[2m > 
[22m[2mshould mount correctly
[22m[39m[Vue Router warn]: No match found for location with path "/"
[Vue warn]: Missing required prop: "role" 
  at <QrScanner resource-endpoint="/ganado/{id}" 
onResourceLoaded=fn<handleResourceLoaded> onError=fn<handleScannerError>  ... 
> 
  at <EscanearQRAdmin ref="VTU_COMPONENT" > 
  at <VTUROOT>

[90mstdout[2m | src/views/admin/EscanearQRAdmin.spec.js[2m > [22m[2mEscanearQRAdmin[2m > [22m[2mComponent mounting[2m > [22m[2mshould render QrScanner component
[22m[39m[QR-SCANNER] Error: El navegador no soporta acceso a la c├ímara. Usa el modo de carga de imagen.

[90mstderr[2m | src/views/admin/EscanearQRAdmin.spec.js[2m > 
[22m[2mEscanearQRAdmin[2m > [22m[2mComponent mounting[2m > 
[22m[2mshould render QrScanner component
[22m[39m[Vue warn]: Missing required prop: "role" 
  at <QrScanner resource-endpoint="/ganado/{id}" 
onResourceLoaded=fn<handleResourceLoaded> onError=fn<handleScannerError>  ... 
> 
  at <EscanearQRAdmin ref="VTU_COMPONENT" > 
  at <VTUROOT>

[90mstdout[2m | src/views/admin/EscanearQRAdmin.spec.js[2m > [22m[2mEscanearQRAdmin[2m > [22m[2mComponent mounting[2m > [22m[2mshould pass correct props to QrScanner
[22m[39m[QR-SCANNER] Error: El navegador no soporta acceso a la c├ímara. Usa el modo de carga de imagen.

[90mstderr[2m | src/views/admin/EscanearQRAdmin.spec.js[2m > 
[22m[2mEscanearQRAdmin[2m > [22m[2mComponent mounting[2m > 
[22m[2mshould pass correct props to QrScanner
[22m[39m[Vue warn]: Missing required prop: "role" 
  at <QrScanner resource-endpoint="/ganado/{id}" 
onResourceLoaded=fn<handleResourceLoaded> onError=fn<handleScannerError>  ... 
> 
  at <EscanearQRAdmin ref="VTU_COMPONENT" > 
  at <VTUROOT>

[90mstdout[2m | src/views/admin/EscanearQRAdmin.spec.js[2m > [22m[2mEscanearQRAdmin[2m > [22m[2mhandleResourceLoaded[2m > [22m[2mshould update lastResourceId when resource is loaded
[22m[39m[QR-SCANNER] Error: El navegador no soporta acceso a la c├ímara. Usa el modo de carga de imagen.

[90mstderr[2m | src/views/admin/EscanearQRAdmin.spec.js[2m > 
[22m[2mEscanearQRAdmin[2m > [22m[2mhandleResourceLoaded[2m > 
[22m[2mshould update lastResourceId when resource is loaded
[22m[39m[Vue warn]: Missing required prop: "role" 
  at <QrScanner resource-endpoint="/ganado/{id}" 
onResourceLoaded=fn<handleResourceLoaded> onError=fn<handleScannerError>  ... 
> 
  at <EscanearQRAdmin ref="VTU_COMPONENT" > 
  at <VTUROOT>

[90mstdout[2m | src/views/admin/EscanearQRAdmin.spec.js[2m > [22m[2mEscanearQRAdmin[2m > [22m[2mhandleResourceLoaded[2m > [22m[2mshould handle resource with different id
[22m[39m[QR-SCANNER] Error: El navegador no soporta acceso a la c├ímara. Usa el modo de carga de imagen.

[90mstderr[2m | src/views/admin/EscanearQRAdmin.spec.js[2m > 
[22m[2mEscanearQRAdmin[2m > [22m[2mhandleResourceLoaded[2m > 
[22m[2mshould handle resource with different id
[22m[39m[Vue warn]: Missing required prop: "role" 
  at <QrScanner resource-endpoint="/ganado/{id}" 
onResourceLoaded=fn<handleResourceLoaded> onError=fn<handleScannerError>  ... 
> 
  at <EscanearQRAdmin ref="VTU_COMPONENT" > 
  at <VTUROOT>

[90mstdout[2m | src/views/admin/EscanearQRAdmin.spec.js[2m > [22m[2mEscanearQRAdmin[2m > [22m[2mhandleResourceLoaded[2m > [22m[2mshould handle empty resource id
[22m[39m[QR-SCANNER] Error: El navegador no soporta acceso a la c├ímara. Usa el modo de carga de imagen.

[90mstderr[2m | src/views/admin/EscanearQRAdmin.spec.js[2m > 
[22m[2mEscanearQRAdmin[2m > [22m[2mhandleResourceLoaded[2m > 
[22m[2mshould handle empty resource id
[22m[39m[Vue warn]: Missing required prop: "role" 
  at <QrScanner resource-endpoint="/ganado/{id}" 
onResourceLoaded=fn<handleResourceLoaded> onError=fn<handleScannerError>  ... 
> 
  at <EscanearQRAdmin ref="VTU_COMPONENT" > 
  at <VTUROOT>

[90mstdout[2m | src/views/admin/EscanearQRAdmin.spec.js[2m > [22m[2mEscanearQRAdmin[2m > [22m[2mhandleScannerError[2m > [22m[2mshould log error message
[22m[39m[QR-SCANNER] Error: El navegador no soporta acceso a la c├ímara. Usa el modo de carga de imagen.

[90mstderr[2m | src/views/admin/EscanearQRAdmin.spec.js[2m > 
[22m[2mEscanearQRAdmin[2m > [22m[2mhandleScannerError[2m > 
[22m[2mshould log error message
[22m[39m[Vue warn]: Missing required prop: "role" 
  at <QrScanner resource-endpoint="/ganado/{id}" 
onResourceLoaded=fn<handleResourceLoaded> onError=fn<handleScannerError>  ... 
> 
  at <EscanearQRAdmin ref="VTU_COMPONENT" > 
  at <VTUROOT>

[90mstdout[2m | src/views/admin/EscanearQRAdmin.spec.js[2m > [22m[2mEscanearQRAdmin[2m > [22m[2mhandleScannerError[2m > [22m[2mshould handle different error messages
[22m[39m[QR-SCANNER] Error: El navegador no soporta acceso a la c├ímara. Usa el modo de carga de imagen.

[90mstderr[2m | src/views/admin/EscanearQRAdmin.spec.js[2m > 
[22m[2mEscanearQRAdmin[2m > [22m[2mhandleScannerError[2m > 
[22m[2mshould handle different error messages
[22m[39m[Vue warn]: Missing required prop: "role" 
  at <QrScanner resource-endpoint="/ganado/{id}" 
onResourceLoaded=fn<handleResourceLoaded> onError=fn<handleScannerError>  ... 
> 
  at <EscanearQRAdmin ref="VTU_COMPONENT" > 
  at <VTUROOT>

[90mstdout[2m | src/views/admin/EscanearQRAdmin.spec.js[2m > [22m[2mEscanearQRAdmin[2m > [22m[2mforwardAction[2m > [22m[2mshould navigate to GestionarAnimalesAdmin with seleccionado query for ver-historial
[22m[39m[QR-SCANNER] Error: El navegador no soporta acceso a la c├ímara. Usa el modo de carga de imagen.

[90mstderr[2m | src/views/admin/EscanearQRAdmin.spec.js[2m > 
[22m[2mEscanearQRAdmin[2m > [22m[2mforwardAction[2m > [22m[2mshould 
navigate to GestionarAnimalesAdmin with seleccionado query for ver-historial
[22m[39m[Vue warn]: Missing required prop: "role" 
  at <QrScanner resource-endpoint="/ganado/{id}" 
onResourceLoaded=fn<handleResourceLoaded> onError=fn<handleScannerError>  ... 
> 
  at <EscanearQRAdmin ref="VTU_COMPONENT" > 
  at <VTUROOT>

[90mstdout[2m | src/views/admin/EscanearQRAdmin.spec.js[2m > [22m[2mEscanearQRAdmin[2m > [22m[2mforwardAction[2m > [22m[2mshould navigate to GestionarAnimalesAdmin with editar query for editar
[22m[39m[QR-SCANNER] Error: El navegador no soporta acceso a la c├ímara. Usa el modo de carga de imagen.

[90mstderr[2m | src/views/admin/EscanearQRAdmin.spec.js[2m > 
[22m[2mEscanearQRAdmin[2m > [22m[2mforwardAction[2m > [22m[2mshould 
navigate to GestionarAnimalesAdmin with editar query for editar
[22m[39m[Vue warn]: Missing required prop: "role" 
  at <QrScanner resource-endpoint="/ganado/{id}" 
onResourceLoaded=fn<handleResourceLoaded> onError=fn<handleScannerError>  ... 
> 
  at <EscanearQRAdmin ref="VTU_COMPONENT" > 
  at <VTUROOT>

[90mstdout[2m | src/views/admin/EscanearQRAdmin.spec.js[2m > [22m[2mEscanearQRAdmin[2m > [22m[2mforwardAction[2m > [22m[2mshould log descargar-ficha action
[22m[39m[QR-SCANNER] Error: El navegador no soporta acceso a la c├ímara. Usa el modo de carga de imagen.

[90mstderr[2m | src/views/admin/EscanearQRAdmin.spec.js[2m > 
[22m[2mEscanearQRAdmin[2m > [22m[2mforwardAction[2m > [22m[2mshould 
log descargar-ficha action
[22m[39m[Vue warn]: Missing required prop: "role" 
  at <QrScanner resource-endpoint="/ganado/{id}" 
onResourceLoaded=fn<handleResourceLoaded> onError=fn<handleScannerError>  ... 
> 
  at <EscanearQRAdmin ref="VTU_COMPONENT" > 
  at <VTUROOT>

[90mstdout[2m | src/views/admin/EscanearQRAdmin.spec.js[2m > [22m[2mEscanearQRAdmin[2m > [22m[2mforwardAction[2m > [22m[2mshould log unknown action
[22m[39m[QR-SCANNER] Error: El navegador no soporta acceso a la c├ímara. Usa el modo de carga de imagen.

[90mstderr[2m | src/views/admin/EscanearQRAdmin.spec.js[2m > 
[22m[2mEscanearQRAdmin[2m > [22m[2mforwardAction[2m > [22m[2mshould 
log unknown action
[22m[39m[Vue warn]: Missing required prop: "role" 
  at <QrScanner resource-endpoint="/ganado/{id}" 
onResourceLoaded=fn<handleResourceLoaded> onError=fn<handleScannerError>  ... 
> 
  at <EscanearQRAdmin ref="VTU_COMPONENT" > 
  at <VTUROOT>

[90mstdout[2m | src/views/admin/EscanearQRAdmin.spec.js[2m > [22m[2mEscanearQRAdmin[2m > [22m[2mforwardAction[2m > [22m[2mshould not navigate if lastResourceId is empty for ver-historial
[22m[39m[QR-SCANNER] Error: El navegador no soporta acceso a la c├ímara. Usa el modo de carga de imagen.

[90mstderr[2m | src/views/admin/EscanearQRAdmin.spec.js[2m > 
[22m[2mEscanearQRAdmin[2m > [22m[2mforwardAction[2m > [22m[2mshould 
not navigate if lastResourceId is empty for ver-historial
[22m[39m[Vue warn]: Missing required prop: "role" 
  at <QrScanner resource-endpoint="/ganado/{id}" 
onResourceLoaded=fn<handleResourceLoaded> onError=fn<handleScannerError>  ... 
> 
  at <EscanearQRAdmin ref="VTU_COMPONENT" > 
  at <VTUROOT>

[90mstdout[2m | src/views/admin/EscanearQRAdmin.spec.js[2m > [22m[2mEscanearQRAdmin[2m > [22m[2mforwardAction[2m > [22m[2mshould not navigate if lastResourceId is empty for editar
[22m[39m[QR-SCANNER] Error: El navegador no soporta acceso a la c├ímara. Usa el modo de carga de imagen.

[90mstderr[2m | src/views/admin/EscanearQRAdmin.spec.js[2m > 
[22m[2mEscanearQRAdmin[2m > [22m[2mforwardAction[2m > [22m[2mshould 
not navigate if lastResourceId is empty for editar
[22m[39m[Vue warn]: Missing required prop: "role" 
  at <QrScanner resource-endpoint="/ganado/{id}" 
onResourceLoaded=fn<handleResourceLoaded> onError=fn<handleScannerError>  ... 
> 
  at <EscanearQRAdmin ref="VTU_COMPONENT" > 
  at <VTUROOT>

[90mstdout[2m | src/views/admin/EscanearQRAdmin.spec.js[2m > [22m[2mEscanearQRAdmin[2m > [22m[2mforwardAction[2m > [22m[2mshould handle multiple actions in sequence
[22m[39m[QR-SCANNER] Error: El navegador no soporta acceso a la c├ímara. Usa el modo de carga de imagen.

[90mstderr[2m | src/views/admin/EscanearQRAdmin.spec.js[2m > 
[22m[2mEscanearQRAdmin[2m > [22m[2mforwardAction[2m > [22m[2mshould 
handle multiple actions in sequence
[22m[39m[Vue warn]: Missing required prop: "role" 
  at <QrScanner resource-endpoint="/ganado/{id}" 
onResourceLoaded=fn<handleResourceLoaded> onError=fn<handleScannerError>  ... 
> 
  at <EscanearQRAdmin ref="VTU_COMPONENT" > 
  at <VTUROOT>

[90mstderr[2m | src/router/index.spec.js[2m > [22m[2mRouter Navigation 
Guards[2m > [22m[2mRole-based access control - invalidRole[2m > 
[22m[2mshould block invalid role from accessing admin routes
[22m[39m[Vue Router warn]: Detected a possibly infinite redirection in a 
navigation guard when going from "/home" to "/login". Aborting to avoid a 
Stack Overflow.
 Are you always returning a new location within a navigation guard? That would 
lead to this error. Only return when redirecting or aborting, that should fix 
this. This might break in production if not fixed.

[90mstdout[2m | src/views/admin/EscanearQRAdmin.spec.js[2m > [22m[2mEscanearQRAdmin[2m > [22m[2mEvent handling from QrScanner[2m > [22m[2mshould handle all events from QrScanner
[22m[39m[QR-SCANNER] Error: El navegador no soporta acceso a la c├ímara. Usa el modo de carga de imagen.

[90mstderr[2m | src/views/admin/EscanearQRAdmin.spec.js[2m > 
[22m[2mEscanearQRAdmin[2m > [22m[2mEvent handling from QrScanner[2m > 
[22m[2mshould handle all events from QrScanner
[22m[39m[Vue warn]: Missing required prop: "role" 
  at <QrScanner resource-endpoint="/ganado/{id}" 
onResourceLoaded=fn<handleResourceLoaded> onError=fn<handleScannerError>  ... 
> 
  at <EscanearQRAdmin ref="VTU_COMPONENT" > 
  at <VTUROOT>

[90mstderr[2m | src/router/index.spec.js[2m > [22m[2mRouter Navigation 
Guards[2m > [22m[2mRedirect behavior for authenticated users - 
redirectByRole[2m > [22m[2mshould redirect to login when no role is set but 
token exists
[22m[39m[Vue Router warn]: Detected a possibly infinite redirection in a 
navigation guard when going from "/user/inicio" to "/login". Aborting to avoid 
a Stack Overflow.
 Are you always returning a new location within a navigation guard? That would 
lead to this error. Only return when redirecting or aborting, that should fix 
this. This might break in production if not fixed.

[90mstderr[2m | src/router/index.spec.js[2m > [22m[2mRouter Navigation 
Guards[2m > [22m[2mEdge cases and complex scenarios[2m > [22m[2mshould 
handle invalidRole when role does not match exactly
[22m[39m[Vue Router warn]: Detected a possibly infinite redirection in a 
navigation guard when going from "/user/ganado" to "/login". Aborting to avoid 
a Stack Overflow.
 Are you always returning a new location within a navigation guard? That would 
lead to this error. Only return when redirecting or aborting, that should fix 
this. This might break in production if not fixed.

[90mstderr[2m | src/router/index.spec.js[2m > [22m[2mRouter Navigation 
Guards[2m > [22m[2mEdge cases and complex scenarios[2m > [22m[2mshould 
handle redirectByRole when no role matches
[22m[39m[Vue Router warn]: Detected a possibly infinite redirection in a 
navigation guard when going from "/user/inicio" to "/login". Aborting to avoid 
a Stack Overflow.
 Are you always returning a new location within a navigation guard? That would 
lead to this error. Only return when redirecting or aborting, that should fix 
this. This might break in production if not fixed.

 [32mÔ£ô[39m src/views/admin/EscanearQRAdmin.spec.js [2m([22m[2m16 tests[22m[2m)[22m[33m 762[2mms[22m[39m
 [32mÔ£ô[39m src/router/index.spec.js [2m([22m[2m93 tests[22m[2m)[22m[33m 969[2mms[22m[39m
 [32mÔ£ô[39m src/services/qr.test-helpers.spec.ts [2m([22m[2m34 tests[22m[2m)[22m[33m 543[2mms[22m[39m
       [33m[2mÔ£ô[22m[39m should setup axios mocks and return mocked functions [33m 481[2mms[22m[39m
 [32mÔ£ô[39m src/views/public/Home.spec.js [2m([22m[2m11 tests[22m[2m)[22m[33m 476[2mms[22m[39m
[90mstderr[2m | src/App.spec.js[2m > [22m[2mApp[2m > [22m[2mshould 
work with different router configurations
[22m[39m[Vue Router warn]: No match found for location with path ""

 [32mÔ£ô[39m src/App.spec.js [2m([22m[2m12 tests[22m[2m)[22m[33m 319[2mms[22m[39m
[90mstderr[2m | src/assets/js/dashboard-content-usuario.spec.js[2m > 
[22m[2mdashboard-content-usuario.js[2m > [22m[2mshould handle statistics 
loading error
[22m[39mError cargando estad├¡sticas: Error: API Error
    at C:/Users/josed/Documents/QR-FARM/frontend/src/assets/js/dashboard-conten
t-usuario.spec.js:60:26
    at [90mfile:///C:/Users/josed/Documents/QR-FARM/frontend/[39mnode_modules
/[4m@vitest[24m/runner/dist/index.js:145:11
    at [90mfile:///C:/Users/josed/Documents/QR-FARM/frontend/[39mnode_modules
/[4m@vitest[24m/runner/dist/index.js:919:26
    at [90mfile:///C:/Users/josed/Documents/QR-FARM/frontend/[39mnode_modules
/[4m@vitest[24m/runner/dist/index.js:1244:20
    at new Promise (<anonymous>)
    at runWithTimeout [90m(file:///C:/Users/josed/Documents/QR-FARM/frontend/
[39mnode_modules/[4m@vitest[24m/runner/dist/index.js:1210:10[90m)[39m
    at [90mfile:///C:/Users/josed/Documents/QR-FARM/frontend/[39mnode_modules
/[4m@vitest[24m/runner/dist/index.js:1654:37
    at Traces.$ [90m(file:///C:/Users/josed/Documents/QR-FARM/frontend/[39mno
de_modules/[4mvitest[24m/dist/chunks/traces.U4xDYhzZ.js:115:27[90m)[39m
    at trace [90m(file:///C:/Users/josed/Documents/QR-FARM/frontend/[39mnode_
modules/[4mvitest[24m/dist/chunks/test.DqQZzsWf.js:234:21[90m)[39m
    at runTest [90m(file:///C:/Users/josed/Documents/QR-FARM/frontend/[39mnod
e_modules/[4m@vitest[24m/runner/dist/index.js:1654:12[90m)[39m

 [32mÔ£ô[39m src/assets/js/dashboard-content-usuario.spec.js [2m([22m[2m4 tests[22m[2m)[22m[32m 40[2mms[22m[39m
[90mstdout[2m | src/views/admin/RegistroVacunacionAdmin.spec.js[2m > [22m[2mRegistroVacunacionAdmin[2m > [22m[2mshould mount correctly
[22m[39m[API] Petici├│n configurada: {
  url: [32m'/vacunaciones/'[39m,
  method: [32m'get'[39m,
  hasToken: [33mfalse[39m,
  headers: Object [AxiosHeaders] {
    Accept: [32m'application/json, text/plain, */*'[39m,
    [32m'Content-Type'[39m: [90mundefined[39m
  }
}
[API] Petici├│n configurada: {
  url: [32m'/animales/'[39m,
  method: [32m'get'[39m,
  hasToken: [33mfalse[39m,
  headers: Object [AxiosHeaders] {
    Accept: [32m'application/json, text/plain, */*'[39m,
    [32m'Content-Type'[39m: [90mundefined[39m
  }
}
[API] Petici├│n configurada: {
  url: [32m'/usuarios/'[39m,
  method: [32m'get'[39m,
  hasToken: [33mfalse[39m,
  headers: Object [AxiosHeaders] {
    Accept: [32m'application/json, text/plain, */*'[39m,
    [32m'Content-Type'[39m: [90mundefined[39m
  }
}

[90mstderr[2m | src/views/admin/RegistroVacunacionAdmin.spec.js[2m > 
[22m[2mRegistroVacunacionAdmin[2m > [22m[2mshould mount correctly
[22m[39m[API] No hay token disponible para petici├│n: /vacunaciones/
[API] No hay token disponible para petici├│n: /animales/
[API] No hay token disponible para petici├│n: /usuarios/

[90mstdout[2m | src/views/admin/RegistroVacunacionAdmin.spec.js[2m > [22m[2mRegistroVacunacionAdmin[2m > [22m[2mshould mount correctly
[22m[39m[API] Petici├│n configurada: {
  url: [32m'/vacunaciones/'[39m,
  method: [32m'get'[39m,
  hasToken: [33mfalse[39m,
  headers: Object [AxiosHeaders] {
    Accept: [32m'application/json, text/plain, */*'[39m,
    [32m'Content-Type'[39m: [90mundefined[39m
  }
}
[API] Petici├│n configurada: {
  url: [32m'/animales/'[39m,
  method: [32m'get'[39m,
  hasToken: [33mfalse[39m,
  headers: Object [AxiosHeaders] {
    Accept: [32m'application/json, text/plain, */*'[39m,
    [32m'Content-Type'[39m: [90mundefined[39m
  }
}
[API] Petici├│n configurada: {
  url: [32m'/usuarios/'[39m,
  method: [32m'get'[39m,
  hasToken: [33mfalse[39m,
  headers: Object [AxiosHeaders] {
    Accept: [32m'application/json, text/plain, */*'[39m,
    [32m'Content-Type'[39m: [90mundefined[39m
  }
}

[90mstderr[2m | src/views/admin/RegistroVacunacionAdmin.spec.js[2m > 
[22m[2mRegistroVacunacionAdmin[2m > [22m[2mshould mount correctly
[22m[39m[API] No hay token disponible para petici├│n: /vacunaciones/
[API] No hay token disponible para petici├│n: /animales/
[API] No hay token disponible para petici├│n: /usuarios/

[90mstdout[2m | src/views/admin/RegistroVacunacionAdmin.spec.js[2m > [22m[2mRegistroVacunacionAdmin[2m > [22m[2mshould show TenantSelector for super admin
[22m[39m[useTenants] Cargando tenants - activosOnly: [33mtrue[39m
[tenantAPI] getAll - activosOnly: [33mtrue[39m convertido a: true

[90mstderr[2m | src/views/admin/RegistroVacunacionAdmin.spec.js[2m > 
[22m[2mRegistroVacunacionAdmin[2m > [22m[2mshould show TenantSelector for 
super admin
[22m[39m[API] No hay token disponible para petici├│n: 
/tenants?activos_only=true
[API] No hay token disponible para petici├│n: /vacunaciones/
[API] No hay token disponible para petici├│n: /animales/
[API] No hay token disponible para petici├│n: /usuarios/

[90mstdout[2m | src/views/admin/RegistroVacunacionAdmin.spec.js[2m > [22m[2mRegistroVacunacionAdmin[2m > [22m[2mshould show TenantSelector for super admin
[22m[39m[API] Petici├│n configurada: {
  url: [32m'/tenants?activos_only=true'[39m,
  method: [32m'get'[39m,
  hasToken: [33mfalse[39m,
  headers: Object [AxiosHeaders] {
    Accept: [32m'application/json, text/plain, */*'[39m,
    [32m'Content-Type'[39m: [90mundefined[39m
  }
}
[API] Petici├│n configurada: {
  url: [32m'/vacunaciones/'[39m,
  method: [32m'get'[39m,
  hasToken: [33mfalse[39m,
  headers: Object [AxiosHeaders] {
    Accept: [32m'application/json, text/plain, */*'[39m,
    [32m'Content-Type'[39m: [90mundefined[39m
  }
}
[API] Petici├│n configurada: {
  url: [32m'/animales/'[39m,
  method: [32m'get'[39m,
  hasToken: [33mfalse[39m,
  headers: Object [AxiosHeaders] {
    Accept: [32m'application/json, text/plain, */*'[39m,
    [32m'Content-Type'[39m: [90mundefined[39m
  }
}
[API] Petici├│n configurada: {
  url: [32m'/usuarios/'[39m,
  method: [32m'get'[39m,
  hasToken: [33mfalse[39m,
  headers: Object [AxiosHeaders] {
    Accept: [32m'application/json, text/plain, */*'[39m,
    [32m'Content-Type'[39m: [90mundefined[39m
  }
}

[90mstdout[2m | src/views/admin/RegistroVacunacionAdmin.spec.js[2m > [22m[2mRegistroVacunacionAdmin[2m > [22m[2mshould not show TenantSelector for regular admin
[22m[39m[API] Petici├│n configurada: {
  url: [32m'/vacunaciones/'[39m,
  method: [32m'get'[39m,
  hasToken: [33mfalse[39m,
  headers: Object [AxiosHeaders] {
    Accept: [32m'application/json, text/plain, */*'[39m,
    [32m'Content-Type'[39m: [90mundefined[39m
  }
}
[API] Petici├│n configurada: {
  url: [32m'/animales/'[39m,
  method: [32m'get'[39m,
  hasToken: [33mfalse[39m,
  headers: Object [AxiosHeaders] {
    Accept: [32m'application/json, text/plain, */*'[39m,
    [32m'Content-Type'[39m: [90mundefined[39m
  }
}
[API] Petici├│n configurada: {
  url: [32m'/usuarios/'[39m,
  method: [32m'get'[39m,
  hasToken: [33mfalse[39m,
  headers: Object [AxiosHeaders] {
    Accept: [32m'application/json, text/plain, */*'[39m,
    [32m'Content-Type'[39m: [90mundefined[39m
  }
}

[90mstderr[2m | src/views/admin/RegistroVacunacionAdmin.spec.js[2m > 
[22m[2mRegistroVacunacionAdmin[2m > [22m[2mshould not show TenantSelector 
for regular admin
[22m[39m[API] No hay token disponible para petici├│n: /vacunaciones/
[API] No hay token disponible para petici├│n: /animales/
[API] No hay token disponible para petici├│n: /usuarios/

Not implemented: Window's alert() method
[90mstderr[2m | src/views/admin/RegistroVacunacionAdmin.spec.js
[22m[39m[API] Error en respuesta: {
  url: [32m'/vacunaciones/'[39m,
  method: [32m'get'[39m,
  status: [90mundefined[39m,
  statusText: [90mundefined[39m,
  message: [32m'Network Error'[39m,
  code: [32m'ERR_NETWORK'[39m,
  data: [90mundefined[39m
}
[API] Error de red - No se pudo conectar al servidor

 [32mÔ£ô[39m src/assets/js/registro-vacunacion-base.spec.js [2m([22m[2m26 tests[22m[2m)[22m[33m 344[2mms[22m[39m
[90mstderr[2m | src/assets/js/escanear-qr-base.spec.js[2m > 
[22m[2mescanear-qr-base.js[2m > [22m[2mMounted Hook[2m > [22m[2mshould 
redirect to login if not authorized
[22m[39m[Vue Router warn]: No match found for location with path ""

[90mstderr[2m | src/assets/js/escanear-qr-base.spec.js[2m > 
[22m[2mescanear-qr-base.js[2m > [22m[2mMounted Hook[2m > [22m[2mshould 
not redirect if authorized
[22m[39m[Vue Router warn]: No match found for location with path ""

[90mstderr[2m | src/assets/js/escanear-qr-base.spec.js[2m > 
[22m[2mescanear-qr-base.js[2m > [22m[2mMounted Hook[2m > [22m[2mshould 
call onAuthorized if provided
[22m[39m[Vue Router warn]: No match found for location with path ""

[90mstderr[2m | src/assets/js/escanear-qr-base.spec.js[2m > 
[22m[2mescanear-qr-base.js[2m > [22m[2miniciarEscaneo Method[2m > 
[22m[2mshould set isScanning to true and then false
[22m[39m[Vue Router warn]: No match found for location with path ""

[90mstderr[2m | src/assets/js/escanear-qr-base.spec.js[2m > 
[22m[2mescanear-qr-base.js[2m > [22m[2miniciarEscaneo Method[2m > 
[22m[2mshould show success Swal with default color
[22m[39m[Vue Router warn]: No match found for location with path ""

[90mstderr[2m | src/assets/js/escanear-qr-base.spec.js[2m > 
[22m[2mescanear-qr-base.js[2m > [22m[2miniciarEscaneo Method[2m > 
[22m[2mshould show success Swal with config color
[22m[39m[Vue Router warn]: No match found for location with path ""

[90mstderr[2m | src/assets/js/escanear-qr-base.spec.js[2m > 
[22m[2mescanear-qr-base.js[2m > [22m[2miniciarEscaneo Method[2m > 
[22m[2mshould use alert if Swal is undefined
[22m[39m[Vue Router warn]: No match found for location with path ""

[90mstderr[2m | src/assets/js/escanear-qr-base.spec.js[2m > 
[22m[2mescanear-qr-base.js[2m > [22m[2miniciarEscaneo Method[2m > 
[22m[2mshould handle errors gracefully
[22m[39m[Vue Router warn]: No match found for location with path ""

[90mstderr[2m | src/assets/js/escanear-qr-base.spec.js[2m > 
[22m[2mescanear-qr-base.js[2m > [22m[2msubirImagen Method[2m > 
[22m[2mshould click file input if ref exists
[22m[39m[Vue Router warn]: No match found for location with path ""

[90mstderr[2m | src/assets/js/escanear-qr-base.spec.js[2m > 
[22m[2mescanear-qr-base.js[2m > [22m[2msubirImagen Method[2m > 
[22m[2mshould do nothing if fileInput ref does not exist
[22m[39m[Vue Router warn]: No match found for location with path ""

[90mstderr[2m | src/assets/js/perfil-admin.spec.js[2m > 
[22m[2mperfil-admin.js[2m > [22m[2mMounted Hook[2m > [22m[2mshould 
redirect to login if not authenticated
[22m[39m[Vue Router warn]: No match found for location with path ""
[Vue warn]: Component is missing template or render function:  {
  name: [32m'PerfilAdmin'[39m,
  data: [36m[Function: data][39m,
  mounted: [36m[Function: mounted][39m,
  methods: {
    loadProfile: [36m[Function: loadProfile][39m,
    updateProfile: [36m[AsyncFunction: updateProfile][39m,
    changePassword: [36m[AsyncFunction: changePassword][39m,
    formatDate: [36m[Function: formatDate][39m,
    logout: [36m[Function: logout][39m
  },
  components: {}
} 
  at <PerfilAdmin ref="VTU_COMPONENT" > 
  at <VTUROOT>

[90mstderr[2m | src/assets/js/escanear-qr-base.spec.js[2m > 
[22m[2mescanear-qr-base.js[2m > [22m[2mhandleFileUpload Method[2m > 
[22m[2mshould do nothing if no file
[22m[39m[Vue Router warn]: No match found for location with path ""

[90mstderr[2m | src/assets/js/perfil-admin.spec.js[2m > 
[22m[2mperfil-admin.js[2m > [22m[2mMounted Hook[2m > [22m[2mshould 
redirect to login if not admin
[22m[39m[Vue Router warn]: No match found for location with path ""
[Vue warn]: Component is missing template or render function:  {
  name: [32m'PerfilAdmin'[39m,
  data: [36m[Function: data][39m,
  mounted: [36m[Function: mounted][39m,
  methods: {
    loadProfile: [36m[Function: loadProfile][39m,
    updateProfile: [36m[AsyncFunction: updateProfile][39m,
    changePassword: [36m[AsyncFunction: changePassword][39m,
    formatDate: [36m[Function: formatDate][39m,
    logout: [36m[Function: logout][39m
  },
  components: {}
} 
  at <PerfilAdmin ref="VTU_COMPONENT" > 
  at <VTUROOT>

[90mstderr[2m | src/assets/js/escanear-qr-base.spec.js[2m > 
[22m[2mescanear-qr-base.js[2m > [22m[2mhandleFileUpload Method[2m > 
[22m[2mshould process file and show Swal
[22m[39m[Vue Router warn]: No match found for location with path ""

[90mstderr[2m | src/assets/js/perfil-admin.spec.js[2m > 
[22m[2mperfil-admin.js[2m > [22m[2mMounted Hook[2m > [22m[2mshould set 
user data when authenticated and admin
[22m[39m[Vue Router warn]: No match found for location with path ""
[Vue warn]: Component is missing template or render function:  {
  name: [32m'PerfilAdmin'[39m,
  data: [36m[Function: data][39m,
  mounted: [36m[Function: mounted][39m,
  methods: {
    loadProfile: [36m[Function: loadProfile][39m,
    updateProfile: [36m[AsyncFunction: updateProfile][39m,
    changePassword: [36m[AsyncFunction: changePassword][39m,
    formatDate: [36m[Function: formatDate][39m,
    logout: [36m[Function: logout][39m
  },
  components: {}
} 
  at <PerfilAdmin ref="VTU_COMPONENT" > 
  at <VTUROOT>

[90mstderr[2m | src/assets/js/escanear-qr-base.spec.js[2m > 
[22m[2mescanear-qr-base.js[2m > [22m[2mhandleFileUpload Method[2m > 
[22m[2mshould use config success color
[22m[39m[Vue Router warn]: No match found for location with path ""

[90mstderr[2m | src/assets/js/perfil-admin.spec.js[2m > 
[22m[2mperfil-admin.js[2m > [22m[2mMounted Hook[2m > [22m[2mshould 
call loadProfile
[22m[39m[Vue Router warn]: No match found for location with path ""
[Vue warn]: Component is missing template or render function:  {
  name: [32m'PerfilAdmin'[39m,
  data: [36m[Function: data][39m,
  mounted: [36m[Function: mounted][39m,
  methods: {
    loadProfile: [36m[Function: loadProfile][39m,
    updateProfile: [36m[AsyncFunction: updateProfile][39m,
    changePassword: [36m[AsyncFunction: changePassword][39m,
    formatDate: [36m[Function: formatDate][39m,
    logout: [36m[Function: logout][39m
  },
  components: {}
} 
  at <PerfilAdmin ref="VTU_COMPONENT" > 
  at <VTUROOT>

[90mstderr[2m | src/assets/js/escanear-qr-base.spec.js[2m > 
[22m[2mescanear-qr-base.js[2m > [22m[2mComponent Integration[2m > 
[22m[2mshould mount correctly
[22m[39m[Vue Router warn]: No match found for location with path ""

[90mstderr[2m | src/assets/js/perfil-admin.spec.js[2m > 
[22m[2mperfil-admin.js[2m > [22m[2mloadProfile Method[2m > 
[22m[2mshould load profile data from user
[22m[39m[Vue Router warn]: No match found for location with path ""
[Vue warn]: Component is missing template or render function:  {
  name: [32m'PerfilAdmin'[39m,
  data: [36m[Function: data][39m,
  mounted: [36m[Function: mounted][39m,
  methods: {
    loadProfile: [36m[Function: loadProfile][39m,
    updateProfile: [36m[AsyncFunction: updateProfile][39m,
    changePassword: [36m[AsyncFunction: changePassword][39m,
    formatDate: [36m[Function: formatDate][39m,
    logout: [36m[Function: logout][39m
  },
  components: {}
} 
  at <PerfilAdmin ref="VTU_COMPONENT" > 
  at <VTUROOT>

[90mstderr[2m | src/assets/js/perfil-admin.spec.js[2m > 
[22m[2mperfil-admin.js[2m > [22m[2mloadProfile Method[2m > 
[22m[2mshould handle user without persona
[22m[39m[Vue Router warn]: No match found for location with path ""
[Vue warn]: Component is missing template or render function:  {
  name: [32m'PerfilAdmin'[39m,
  data: [36m[Function: data][39m,
  mounted: [36m[Function: mounted][39m,
  methods: {
    loadProfile: [36m[Function: loadProfile][39m,
    updateProfile: [36m[AsyncFunction: updateProfile][39m,
    changePassword: [36m[AsyncFunction: changePassword][39m,
    formatDate: [36m[Function: formatDate][39m,
    logout: [36m[Function: logout][39m
  },
  components: {}
} 
  at <PerfilAdmin ref="VTU_COMPONENT" > 
  at <VTUROOT>

[90mstderr[2m | src/assets/js/perfil-admin.spec.js[2m > 
[22m[2mperfil-admin.js[2m > [22m[2mupdateProfile Method[2m > 
[22m[2mshould update profile successfully
[22m[39m[Vue Router warn]: No match found for location with path ""
[Vue warn]: Component is missing template or render function:  {
  name: [32m'PerfilAdmin'[39m,
  data: [36m[Function: data][39m,
  mounted: [36m[Function: mounted][39m,
  methods: {
    loadProfile: [36m[Function: loadProfile][39m,
    updateProfile: [36m[AsyncFunction: updateProfile][39m,
    changePassword: [36m[AsyncFunction: changePassword][39m,
    formatDate: [36m[Function: formatDate][39m,
    logout: [36m[Function: logout][39m
  },
  components: {}
} 
  at <PerfilAdmin ref="VTU_COMPONENT" > 
  at <VTUROOT>

[90mstderr[2m | src/assets/js/perfil-admin.spec.js[2m > 
[22m[2mperfil-admin.js[2m > [22m[2mupdateProfile Method[2m > 
[22m[2mshould handle errors
[22m[39m[Vue Router warn]: No match found for location with path ""
[Vue warn]: Component is missing template or render function:  {
  name: [32m'PerfilAdmin'[39m,
  data: [36m[Function: data][39m,
  mounted: [36m[Function: mounted][39m,
  methods: {
    loadProfile: [36m[Function: loadProfile][39m,
    updateProfile: [36m[AsyncFunction: updateProfile][39m,
    changePassword: [36m[AsyncFunction: changePassword][39m,
    formatDate: [36m[Function: formatDate][39m,
    logout: [36m[Function: logout][39m
  },
  components: {}
} 
  at <PerfilAdmin ref="VTU_COMPONENT" > 
  at <VTUROOT>

[90mstderr[2m | src/assets/js/perfil-usuario.spec.js[2m > 
[22m[2mperfil-usuario.js[2m > [22m[2mMounted Hook[2m > [22m[2mshould 
redirect to login if not authenticated
[22m[39m[Vue Router warn]: No match found for location with path ""
[Vue warn]: Component is missing template or render function:  {
  name: [32m'PerfilUsuario'[39m,
  data: [36m[Function: data][39m,
  mounted: [36m[Function: mounted][39m,
  watch: { [32m'$route'[39m: [36m[Function: $route][39m },
  methods: {
    fetchProfile: [36m[AsyncFunction: fetchProfile][39m,
    updateProfile: [36m[AsyncFunction: updateProfile][39m,
    cancelarEdicion: [36m[Function: cancelarEdicion][39m,
    formatDate: [36m[Function: formatDate][39m
  },
  components: {}
} 
  at <PerfilUsuario ref="VTU_COMPONENT" > 
  at <VTUROOT>

[90mstderr[2m | src/assets/js/perfil-admin.spec.js[2m > 
[22m[2mperfil-admin.js[2m > [22m[2mchangePassword Method[2m > 
[22m[2mshould show error if passwords do not match
[22m[39m[Vue Router warn]: No match found for location with path ""
[Vue warn]: Component is missing template or render function:  {
  name: [32m'PerfilAdmin'[39m,
  data: [36m[Function: data][39m,
  mounted: [36m[Function: mounted][39m,
  methods: {
    loadProfile: [36m[Function: loadProfile][39m,
    updateProfile: [36m[AsyncFunction: updateProfile][39m,
    changePassword: [36m[AsyncFunction: changePassword][39m,
    formatDate: [36m[Function: formatDate][39m,
    logout: [36m[Function: logout][39m
  },
  components: {}
} 
  at <PerfilAdmin ref="VTU_COMPONENT" > 
  at <VTUROOT>

[90mstderr[2m | src/assets/js/perfil-admin.spec.js[2m > 
[22m[2mperfil-admin.js[2m > [22m[2mchangePassword Method[2m > 
[22m[2mshould change password successfully
[22m[39m[Vue Router warn]: No match found for location with path ""
[Vue warn]: Component is missing template or render function:  {
  name: [32m'PerfilAdmin'[39m,
  data: [36m[Function: data][39m,
  mounted: [36m[Function: mounted][39m,
  methods: {
    loadProfile: [36m[Function: loadProfile][39m,
    updateProfile: [36m[AsyncFunction: updateProfile][39m,
    changePassword: [36m[AsyncFunction: changePassword][39m,
    formatDate: [36m[Function: formatDate][39m,
    logout: [36m[Function: logout][39m
  },
  components: {}
} 
  at <PerfilAdmin ref="VTU_COMPONENT" > 
  at <VTUROOT>

[90mstderr[2m | src/assets/js/perfil-usuario.spec.js[2m > 
[22m[2mperfil-usuario.js[2m > [22m[2mMounted Hook[2m > [22m[2mshould 
redirect to login if not user
[22m[39m[Vue Router warn]: No match found for location with path ""
[Vue warn]: Component is missing template or render function:  {
  name: [32m'PerfilUsuario'[39m,
  data: [36m[Function: data][39m,
  mounted: [36m[Function: mounted][39m,
  watch: { [32m'$route'[39m: [36m[Function: $route][39m },
  methods: {
    fetchProfile: [36m[AsyncFunction: fetchProfile][39m,
    updateProfile: [36m[AsyncFunction: updateProfile][39m,
    cancelarEdicion: [36m[Function: cancelarEdicion][39m,
    formatDate: [36m[Function: formatDate][39m
  },
  components: {}
} 
  at <PerfilUsuario ref="VTU_COMPONENT" > 
  at <VTUROOT>

[90mstderr[2m | src/assets/js/perfil-usuario.spec.js[2m > 
[22m[2mperfil-usuario.js[2m > [22m[2mMounted Hook[2m > [22m[2mshould 
set user data when authenticated and user
[22m[39m[Vue Router warn]: No match found for location with path ""
[Vue warn]: Component is missing template or render function:  {
  name: [32m'PerfilUsuario'[39m,
  data: [36m[Function: data][39m,
  mounted: [36m[Function: mounted][39m,
  watch: { [32m'$route'[39m: [36m[Function: $route][39m },
  methods: {
    fetchProfile: [36m[AsyncFunction: fetchProfile][39m,
    updateProfile: [36m[AsyncFunction: updateProfile][39m,
    cancelarEdicion: [36m[Function: cancelarEdicion][39m,
    formatDate: [36m[Function: formatDate][39m
  },
  components: {}
} 
  at <PerfilUsuario ref="VTU_COMPONENT" > 
  at <VTUROOT>

[90mstderr[2m | src/assets/js/perfil-usuario.spec.js[2m > 
[22m[2mperfil-usuario.js[2m > [22m[2mfetchProfile Method[2m > 
[22m[2mshould fetch profile successfully
[22m[39m[Vue Router warn]: No match found for location with path ""
[Vue warn]: Component is missing template or render function:  {
  name: [32m'PerfilUsuario'[39m,
  data: [36m[Function: data][39m,
  mounted: [36m[Function: mounted][39m,
  watch: { [32m'$route'[39m: [36m[Function: $route][39m },
  methods: {
    fetchProfile: [36m[AsyncFunction: fetchProfile][39m,
    updateProfile: [36m[AsyncFunction: updateProfile][39m,
    cancelarEdicion: [36m[Function: cancelarEdicion][39m,
    formatDate: [36m[Function: formatDate][39m
  },
  components: {}
} 
  at <PerfilUsuario ref="VTU_COMPONENT" > 
  at <VTUROOT>

[90mstderr[2m | src/assets/js/perfil-usuario.spec.js[2m > 
[22m[2mperfil-usuario.js[2m > [22m[2mfetchProfile Method[2m > 
[22m[2mshould handle API errors
[22m[39m[Vue Router warn]: No match found for location with path ""
[Vue warn]: Component is missing template or render function:  {
  name: [32m'PerfilUsuario'[39m,
  data: [36m[Function: data][39m,
  mounted: [36m[Function: mounted][39m,
  watch: { [32m'$route'[39m: [36m[Function: $route][39m },
  methods: {
    fetchProfile: [36m[AsyncFunction: fetchProfile][39m,
    updateProfile: [36m[AsyncFunction: updateProfile][39m,
    cancelarEdicion: [36m[Function: cancelarEdicion][39m,
    formatDate: [36m[Function: formatDate][39m
  },
  components: {}
} 
  at <PerfilUsuario ref="VTU_COMPONENT" > 
  at <VTUROOT>

[90mstderr[2m | src/assets/js/perfil-usuario.spec.js[2m > 
[22m[2mperfil-usuario.js[2m > [22m[2mfetchProfile Method[2m > 
[22m[2mshould handle unsuccessful response
[22m[39m[Vue Router warn]: No match found for location with path ""
[Vue warn]: Component is missing template or render function:  {
  name: [32m'PerfilUsuario'[39m,
  data: [36m[Function: data][39m,
  mounted: [36m[Function: mounted][39m,
  watch: { [32m'$route'[39m: [36m[Function: $route][39m },
  methods: {
    fetchProfile: [36m[AsyncFunction: fetchProfile][39m,
    updateProfile: [36m[AsyncFunction: updateProfile][39m,
    cancelarEdicion: [36m[Function: cancelarEdicion][39m,
    formatDate: [36m[Function: formatDate][39m
  },
  components: {}
} 
  at <PerfilUsuario ref="VTU_COMPONENT" > 
  at <VTUROOT>

[90mstderr[2m | src/assets/js/perfil-usuario.spec.js[2m > 
[22m[2mperfil-usuario.js[2m > [22m[2mupdateProfile Method[2m > 
[22m[2mshould update profile successfully
[22m[39m[Vue Router warn]: No match found for location with path ""
[Vue warn]: Component is missing template or render function:  {
  name: [32m'PerfilUsuario'[39m,
  data: [36m[Function: data][39m,
  mounted: [36m[Function: mounted][39m,
  watch: { [32m'$route'[39m: [36m[Function: $route][39m },
  methods: {
    fetchProfile: [36m[AsyncFunction: fetchProfile][39m,
    updateProfile: [36m[AsyncFunction: updateProfile][39m,
    cancelarEdicion: [36m[Function: cancelarEdicion][39m,
    formatDate: [36m[Function: formatDate][39m
  },
  components: {}
} 
  at <PerfilUsuario ref="VTU_COMPONENT" > 
  at <VTUROOT>

[90mstderr[2m | src/assets/js/perfil-admin.spec.js[2m > 
[22m[2mperfil-admin.js[2m > [22m[2mformatDate Method[2m > 
[22m[2mshould format date correctly
[22m[39m[Vue Router warn]: No match found for location with path ""
[Vue warn]: Component is missing template or render function:  {
  name: [32m'PerfilAdmin'[39m,
  data: [36m[Function: data][39m,
  mounted: [36m[Function: mounted][39m,
  methods: {
    loadProfile: [36m[Function: loadProfile][39m,
    updateProfile: [36m[AsyncFunction: updateProfile][39m,
    changePassword: [36m[AsyncFunction: changePassword][39m,
    formatDate: [36m[Function: formatDate][39m,
    logout: [36m[Function: logout][39m
  },
  components: {}
} 
  at <PerfilAdmin ref="VTU_COMPONENT" > 
  at <VTUROOT>

[90mstderr[2m | src/assets/js/perfil-usuario.spec.js[2m > 
[22m[2mperfil-usuario.js[2m > [22m[2mupdateProfile Method[2m > 
[22m[2mshould handle update errors
[22m[39m[Vue Router warn]: No match found for location with path ""
[Vue warn]: Component is missing template or render function:  {
  name: [32m'PerfilUsuario'[39m,
  data: [36m[Function: data][39m,
  mounted: [36m[Function: mounted][39m,
  watch: { [32m'$route'[39m: [36m[Function: $route][39m },
  methods: {
    fetchProfile: [36m[AsyncFunction: fetchProfile][39m,
    updateProfile: [36m[AsyncFunction: updateProfile][39m,
    cancelarEdicion: [36m[Function: cancelarEdicion][39m,
    formatDate: [36m[Function: formatDate][39m
  },
  components: {}
} 
  at <PerfilUsuario ref="VTU_COMPONENT" > 
  at <VTUROOT>

[90mstderr[2m | src/assets/js/perfil-usuario.spec.js[2m > 
[22m[2mperfil-usuario.js[2m > [22m[2mcancelarEdicion Method[2m > 
[22m[2mshould cancel editing and refetch profile
[22m[39m[Vue Router warn]: No match found for location with path ""
[Vue warn]: Component is missing template or render function:  {
  name: [32m'PerfilUsuario'[39m,
  data: [36m[Function: data][39m,
  mounted: [36m[Function: mounted][39m,
  watch: { [32m'$route'[39m: [36m[Function: $route][39m },
  methods: {
    fetchProfile: [36m[AsyncFunction: fetchProfile][39m,
    updateProfile: [36m[AsyncFunction: updateProfile][39m,
    cancelarEdicion: [36m[Function: cancelarEdicion][39m,
    formatDate: [36m[Function: formatDate][39m
  },
  components: {}
} 
  at <PerfilUsuario ref="VTU_COMPONENT" > 
  at <VTUROOT>

[90mstderr[2m | src/assets/js/perfil-admin.spec.js[2m > 
[22m[2mperfil-admin.js[2m > [22m[2mformatDate Method[2m > 
[22m[2mshould return N/A for invalid date
[22m[39m[Vue Router warn]: No match found for location with path ""
[Vue warn]: Component is missing template or render function:  {
  name: [32m'PerfilAdmin'[39m,
  data: [36m[Function: data][39m,
  mounted: [36m[Function: mounted][39m,
  methods: {
    loadProfile: [36m[Function: loadProfile][39m,
    updateProfile: [36m[AsyncFunction: updateProfile][39m,
    changePassword: [36m[AsyncFunction: changePassword][39m,
    formatDate: [36m[Function: formatDate][39m,
    logout: [36m[Function: logout][39m
  },
  components: {}
} 
  at <PerfilAdmin ref="VTU_COMPONENT" > 
  at <VTUROOT>

[90mstderr[2m | src/assets/js/perfil-admin.spec.js[2m > 
[22m[2mperfil-admin.js[2m > [22m[2mlogout Method[2m > [22m[2mshould 
call authService.logout and redirect
[22m[39m[Vue Router warn]: No match found for location with path ""
[Vue warn]: Component is missing template or render function:  {
  name: [32m'PerfilAdmin'[39m,
  data: [36m[Function: data][39m,
  mounted: [36m[Function: mounted][39m,
  methods: {
    loadProfile: [36m[Function: loadProfile][39m,
    updateProfile: [36m[AsyncFunction: updateProfile][39m,
    changePassword: [36m[AsyncFunction: changePassword][39m,
    formatDate: [36m[Function: formatDate][39m,
    logout: [36m[Function: logout][39m
  },
  components: {}
} 
  at <PerfilAdmin ref="VTU_COMPONENT" > 
  at <VTUROOT>

[90mstderr[2m | src/assets/js/perfil-usuario.spec.js[2m > 
[22m[2mperfil-usuario.js[2m > [22m[2mformatDate Method[2m > 
[22m[2mshould format date correctly
[22m[39m[Vue Router warn]: No match found for location with path ""
[Vue warn]: Component is missing template or render function:  {
  name: [32m'PerfilUsuario'[39m,
  data: [36m[Function: data][39m,
  mounted: [36m[Function: mounted][39m,
  watch: { [32m'$route'[39m: [36m[Function: $route][39m },
  methods: {
    fetchProfile: [36m[AsyncFunction: fetchProfile][39m,
    updateProfile: [36m[AsyncFunction: updateProfile][39m,
    cancelarEdicion: [36m[Function: cancelarEdicion][39m,
    formatDate: [36m[Function: formatDate][39m
  },
  components: {}
} 
  at <PerfilUsuario ref="VTU_COMPONENT" > 
  at <VTUROOT>

[90mstderr[2m | src/assets/js/perfil-usuario.spec.js[2m > 
[22m[2mperfil-usuario.js[2m > [22m[2mformatDate Method[2m > 
[22m[2mshould return N/A for invalid date
[22m[39m[Vue Router warn]: No match found for location with path ""
[Vue warn]: Component is missing template or render function:  {
  name: [32m'PerfilUsuario'[39m,
  data: [36m[Function: data][39m,
  mounted: [36m[Function: mounted][39m,
  watch: { [32m'$route'[39m: [36m[Function: $route][39m },
  methods: {
    fetchProfile: [36m[AsyncFunction: fetchProfile][39m,
    updateProfile: [36m[AsyncFunction: updateProfile][39m,
    cancelarEdicion: [36m[Function: cancelarEdicion][39m,
    formatDate: [36m[Function: formatDate][39m
  },
  components: {}
} 
  at <PerfilUsuario ref="VTU_COMPONENT" > 
  at <VTUROOT>

 [32mÔ£ô[39m src/assets/js/escanear-qr-base.spec.js [2m([22m[2m16 tests[22m[2m)[22m[33m 304[2mms[22m[39m
[90mstderr[2m | src/views/admin/RegistroVacunacionAdmin.spec.js
[22m[39mError cargando datos: AxiosError: Network Error
    at XMLHttpRequest.handleError [90m(file:///C:/Users/josed/Documents/QR-FAR
M/frontend/[39mnode_modules/[4maxios[24m/lib/adapters/xhr.js:112:20[90m)[3
9m
    at XMLHttpRequest.invokeTheCallbackFunction [90m(C:\Users\josed\Documents\
QR-FARM\frontend\[39mnode_modules\[4mjsdom[24m\lib\jsdom\living\generated\Ev
entHandlerNonNull.js:14:28[90m)[39m
    at XMLHttpRequest.<anonymous> [90m(C:\Users\josed\Documents\QR-FARM\fronte
nd\[39mnode_modules\[4mjsdom[24m\lib\jsdom\living\helpers\create-event-acces
sor.js:36:32[90m)[39m
    at innerInvokeEventListeners [90m(C:\Users\josed\Documents\QR-FARM\fronten
d\[39mnode_modules\[4mjsdom[24m\lib\jsdom\living\events\EventTarget-impl.js:
360:16[90m)[39m
    at invokeEventListeners [90m(C:\Users\josed\Documents\QR-FARM\frontend\[3
9mnode_modules\[4mjsdom[24m\lib\jsdom\living\events\EventTarget-impl.js:296:3
[90m)[39m
    at XMLHttpRequestImpl._dispatch [90m(C:\Users\josed\Documents\QR-FARM\fron
tend\[39mnode_modules\[4mjsdom[24m\lib\jsdom\living\events\EventTarget-impl.
js:243:9[90m)[39m
    at fireAnEvent [90m(C:\Users\josed\Documents\QR-FARM\frontend\[39mnode_mo
dules\[4mjsdom[24m\lib\jsdom\living\helpers\events.js:18:36[90m)[39m
    at requestErrorSteps [90m(C:\Users\josed\Documents\QR-FARM\frontend\[39mn
ode_modules\[4mjsdom[24m\lib\jsdom\living\xhr\xhr-utils.js:123:3[90m)[39m
    at Object.dispatchError [90m(C:\Users\josed\Documents\QR-FARM\frontend\[3
9mnode_modules\[4mjsdom[24m\lib\jsdom\living\xhr\xhr-utils.js:59:3[90m)[39m
    at Request.<anonymous> [90m(C:\Users\josed\Documents\QR-FARM\frontend\[39
mnode_modules\[4mjsdom[24m\lib\jsdom\living\xhr\XMLHttpRequest-impl.js:655:18
[90m)[39m
    at Axios.request [90m(file:///C:/Users/josed/Documents/QR-FARM/frontend/[
39mnode_modules/[4maxios[24m/lib/core/Axios.js:45:41[90m)[39m
[90m    at processTicksAndRejections 
(node:internal/process/task_queues:105:5)[39m
    at async Promise.all (index 0)
    at Proxy.cargarDatos (C:/Users/josed/Documents/QR-FARM/frontend/src/assets/
js/registro-vacunacion-base.js:95:61)
    at Proxy.mounted (C:/Users/josed/Documents/QR-FARM/frontend/src/assets/js/r
egistro-vacunacion-base.js:89:5) {
  code: [32m'ERR_NETWORK'[39m,
  config: {
    transitional: {
      silentJSONParsing: [33mtrue[39m,
      forcedJSONParsing: [33mtrue[39m,
      clarifyTimeoutError: [33mfalse[39m
    },
    adapter: [ [32m'xhr'[39m, [32m'http'[39m, [32m'fetch'[39m ],
    transformRequest: [ [36m[Function: transformRequest][39m ],
    transformResponse: [ [36m[Function: transformResponse][39m ],
    timeout: [33m10000[39m,
    xsrfCookieName: [32m'XSRF-TOKEN'[39m,
    xsrfHeaderName: [32m'X-XSRF-TOKEN'[39m,
    maxContentLength: [33m-1[39m,
    maxBodyLength: [33m-1[39m,
    env: { FormData: [36m[Function [FormData]][39m, Blob: [36m[class 
Blob][39m },
    validateStatus: [36m[Function: validateStatus][39m,
    headers: Object [AxiosHeaders] {
      Accept: [32m'application/json, text/plain, */*'[39m,
      [32m'Content-Type'[39m: [90mundefined[39m
    },
    baseURL: [32m'http://localhost:5000/api'[39m,
    method: [32m'get'[39m,
    url: [32m'/vacunaciones/'[39m,
    allowAbsoluteUrls: [33mtrue[39m,
    data: [90mundefined[39m
  },
  request: XMLHttpRequest {},
  event: ProgressEvent { isTrusted: [36m[Getter][39m }
}

Not implemented: Window's alert() method
Not implemented: Window's alert() method
Not implemented: Window's alert() method
[90mstderr[2m | src/assets/js/perfil-usuario.spec.js[2m > 
[22m[2mperfil-usuario.js[2m > [22m[2mWatch $route[2m > [22m[2mshould 
refetch profile when route is PerfilUsuario
[22m[39m[Vue Router warn]: No match found for location with path ""
[Vue warn]: Component is missing template or render function:  {
  name: [32m'PerfilUsuario'[39m,
  data: [36m[Function: data][39m,
  mounted: [36m[Function: mounted][39m,
  watch: { [32m'$route'[39m: [36m[Function: $route][39m },
  methods: {
    fetchProfile: [36m[AsyncFunction: fetchProfile][39m,
    updateProfile: [36m[AsyncFunction: updateProfile][39m,
    cancelarEdicion: [36m[Function: cancelarEdicion][39m,
    formatDate: [36m[Function: formatDate][39m
  },
  components: {}
} 
  at <PerfilUsuario ref="VTU_COMPONENT" > 
  at <VTUROOT>

[90mstderr[2m | src/views/admin/RegistroVacunacionAdmin.spec.js
[22m[39m[API] Error en respuesta: {
  url: [32m'/animales/'[39m,
  method: [32m'get'[39m,
  status: [90mundefined[39m,
  statusText: [90mundefined[39m,
  message: [32m'Network Error'[39m,
  code: [32m'ERR_NETWORK'[39m,
  data: [90mundefined[39m
}
[API] Error de red - No se pudo conectar al servidor

[90mstderr[2m | src/views/admin/RegistroVacunacionAdmin.spec.js
[22m[39m[API] Error en respuesta: {
  url: [32m'/usuarios/'[39m,
  method: [32m'get'[39m,
  status: [90mundefined[39m,
  statusText: [90mundefined[39m,
  message: [32m'Network Error'[39m,
  code: [32m'ERR_NETWORK'[39m,
  data: [90mundefined[39m
}
[API] Error de red - No se pudo conectar al servidor

[90mstderr[2m | src/views/admin/RegistroVacunacionAdmin.spec.js
[22m[39m[API] Error en respuesta: {
  url: [32m'/vacunaciones/'[39m,
  method: [32m'get'[39m,
  status: [90mundefined[39m,
  statusText: [90mundefined[39m,
  message: [32m'Network Error'[39m,
  code: [32m'ERR_NETWORK'[39m,
  data: [90mundefined[39m
}
[API] Error de red - No se pudo conectar al servidor

 [32mÔ£ô[39m src/assets/js/perfil-admin.spec.js [2m([22m[2m18 tests[22m[2m)[22m[32m 292[2mms[22m[39m
 [32mÔ£ô[39m src/assets/js/perfil-usuario.spec.js [2m([22m[2m19 tests[22m[2m)[22m[33m 318[2mms[22m[39m
[90mstderr[2m | src/views/admin/RegistroVacunacionAdmin.spec.js
[22m[39mError cargando datos: AxiosError: Network Error
    at XMLHttpRequest.handleError [90m(file:///C:/Users/josed/Documents/QR-FAR
M/frontend/[39mnode_modules/[4maxios[24m/lib/adapters/xhr.js:112:20[90m)[3
9m
    at XMLHttpRequest.invokeTheCallbackFunction [90m(C:\Users\josed\Documents\
QR-FARM\frontend\[39mnode_modules\[4mjsdom[24m\lib\jsdom\living\generated\Ev
entHandlerNonNull.js:14:28[90m)[39m
    at XMLHttpRequest.<anonymous> [90m(C:\Users\josed\Documents\QR-FARM\fronte
nd\[39mnode_modules\[4mjsdom[24m\lib\jsdom\living\helpers\create-event-acces
sor.js:36:32[90m)[39m
    at innerInvokeEventListeners [90m(C:\Users\josed\Documents\QR-FARM\fronten
d\[39mnode_modules\[4mjsdom[24m\lib\jsdom\living\events\EventTarget-impl.js:
360:16[90m)[39m
    at invokeEventListeners [90m(C:\Users\josed\Documents\QR-FARM\frontend\[3
9mnode_modules\[4mjsdom[24m\lib\jsdom\living\events\EventTarget-impl.js:296:3
[90m)[39m
    at XMLHttpRequestImpl._dispatch [90m(C:\Users\josed\Documents\QR-FARM\fron
tend\[39mnode_modules\[4mjsdom[24m\lib\jsdom\living\events\EventTarget-impl.
js:243:9[90m)[39m
    at fireAnEvent [90m(C:\Users\josed\Documents\QR-FARM\frontend\[39mnode_mo
dules\[4mjsdom[24m\lib\jsdom\living\helpers\events.js:18:36[90m)[39m
    at requestErrorSteps [90m(C:\Users\josed\Documents\QR-FARM\frontend\[39mn
ode_modules\[4mjsdom[24m\lib\jsdom\living\xhr\xhr-utils.js:123:3[90m)[39m
    at Object.dispatchError [90m(C:\Users\josed\Documents\QR-FARM\frontend\[3
9mnode_modules\[4mjsdom[24m\lib\jsdom\living\xhr\xhr-utils.js:59:3[90m)[39m
    at Request.<anonymous> [90m(C:\Users\josed\Documents\QR-FARM\frontend\[39
mnode_modules\[4mjsdom[24m\lib\jsdom\living\xhr\XMLHttpRequest-impl.js:655:18
[90m)[39m
    at Axios.request [90m(file:///C:/Users/josed/Documents/QR-FARM/frontend/[
39mnode_modules/[4maxios[24m/lib/core/Axios.js:45:41[90m)[39m
[90m    at processTicksAndRejections 
(node:internal/process/task_queues:105:5)[39m
    at async Promise.all (index 0)
    at Proxy.cargarDatos (C:/Users/josed/Documents/QR-FARM/frontend/src/assets/
js/registro-vacunacion-base.js:95:61)
    at Proxy.mounted (C:/Users/josed/Documents/QR-FARM/frontend/src/assets/js/r
egistro-vacunacion-base.js:89:5) {
  code: [32m'ERR_NETWORK'[39m,
  config: {
    transitional: {
      silentJSONParsing: [33mtrue[39m,
      forcedJSONParsing: [33mtrue[39m,
      clarifyTimeoutError: [33mfalse[39m
    },
    adapter: [ [32m'xhr'[39m, [32m'http'[39m, [32m'fetch'[39m ],
    transformRequest: [ [36m[Function: transformRequest][39m ],
    transformResponse: [ [36m[Function: transformResponse][39m ],
    timeout: [33m10000[39m,
    xsrfCookieName: [32m'XSRF-TOKEN'[39m,
    xsrfHeaderName: [32m'X-XSRF-TOKEN'[39m,
    maxContentLength: [33m-1[39m,
    maxBodyLength: [33m-1[39m,
    env: { FormData: [36m[Function [FormData]][39m, Blob: [36m[class 
Blob][39m },
    validateStatus: [36m[Function: validateStatus][39m,
    headers: Object [AxiosHeaders] {
      Accept: [32m'application/json, text/plain, */*'[39m,
      [32m'Content-Type'[39m: [90mundefined[39m
    },
    baseURL: [32m'http://localhost:5000/api'[39m,
    method: [32m'get'[39m,
    url: [32m'/vacunaciones/'[39m,
    allowAbsoluteUrls: [33mtrue[39m,
    data: [90mundefined[39m
  },
  request: XMLHttpRequest {},
  event: ProgressEvent { isTrusted: [36m[Getter][39m }
}

Not implemented: Window's alert() method
[90mstderr[2m | src/views/admin/RegistroVacunacionAdmin.spec.js
[22m[39m[API] Error en respuesta: {
  url: [32m'/animales/'[39m,
  method: [32m'get'[39m,
  status: [90mundefined[39m,
  statusText: [90mundefined[39m,
  message: [32m'Network Error'[39m,
  code: [32m'ERR_NETWORK'[39m,
  data: [90mundefined[39m
}
[API] Error de red - No se pudo conectar al servidor

Not implemented: Window's alert() method
[90mstderr[2m | src/views/admin/RegistroVacunacionAdmin.spec.js
[22m[39m[API] Error en respuesta: {
  url: [32m'/usuarios/'[39m,
  method: [32m'get'[39m,
  status: [90mundefined[39m,
  statusText: [90mundefined[39m,
  message: [32m'Network Error'[39m,
  code: [32m'ERR_NETWORK'[39m,
  data: [90mundefined[39m
}
[API] Error de red - No se pudo conectar al servidor

Not implemented: Window's alert() method
[90mstderr[2m | src/views/admin/RegistroVacunacionAdmin.spec.js
[22m[39m[API] Error en respuesta: {
  url: [32m'/tenants?activos_only=true'[39m,
  method: [32m'get'[39m,
  status: [90mundefined[39m,
  statusText: [90mundefined[39m,
  message: [32m'Network Error'[39m,
  code: [32m'ERR_NETWORK'[39m,
  data: [90mundefined[39m
}
[API] Error de red - No se pudo conectar al servidor

[90mstderr[2m | src/views/admin/RegistroVacunacionAdmin.spec.js
[22m[39m[useTenants] Error cargando tenants: AxiosError: Network Error
    at XMLHttpRequest.handleError [90m(file:///C:/Users/josed/Documents/QR-FAR
M/frontend/[39mnode_modules/[4maxios[24m/lib/adapters/xhr.js:112:20[90m)[3
9m
    at XMLHttpRequest.invokeTheCallbackFunction [90m(C:\Users\josed\Documents\
QR-FARM\frontend\[39mnode_modules\[4mjsdom[24m\lib\jsdom\living\generated\Ev
entHandlerNonNull.js:14:28[90m)[39m
    at XMLHttpRequest.<anonymous> [90m(C:\Users\josed\Documents\QR-FARM\fronte
nd\[39mnode_modules\[4mjsdom[24m\lib\jsdom\living\helpers\create-event-acces
sor.js:36:32[90m)[39m
    at innerInvokeEventListeners [90m(C:\Users\josed\Documents\QR-FARM\fronten
d\[39mnode_modules\[4mjsdom[24m\lib\jsdom\living\events\EventTarget-impl.js:
360:16[90m)[39m
    at invokeEventListeners [90m(C:\Users\josed\Documents\QR-FARM\frontend\[3
9mnode_modules\[4mjsdom[24m\lib\jsdom\living\events\EventTarget-impl.js:296:3
[90m)[39m
    at XMLHttpRequestImpl._dispatch [90m(C:\Users\josed\Documents\QR-FARM\fron
tend\[39mnode_modules\[4mjsdom[24m\lib\jsdom\living\events\EventTarget-impl.
js:243:9[90m)[39m
    at fireAnEvent [90m(C:\Users\josed\Documents\QR-FARM\frontend\[39mnode_mo
dules\[4mjsdom[24m\lib\jsdom\living\helpers\events.js:18:36[90m)[39m
    at requestErrorSteps [90m(C:\Users\josed\Documents\QR-FARM\frontend\[39mn
ode_modules\[4mjsdom[24m\lib\jsdom\living\xhr\xhr-utils.js:123:3[90m)[39m
    at Object.dispatchError [90m(C:\Users\josed\Documents\QR-FARM\frontend\[3
9mnode_modules\[4mjsdom[24m\lib\jsdom\living\xhr\xhr-utils.js:59:3[90m)[39m
    at Request.<anonymous> [90m(C:\Users\josed\Documents\QR-FARM\frontend\[39
mnode_modules\[4mjsdom[24m\lib\jsdom\living\xhr\XMLHttpRequest-impl.js:655:18
[90m)[39m
    at Axios.request [90m(file:///C:/Users/josed/Documents/QR-FARM/frontend/[
39mnode_modules/[4maxios[24m/lib/core/Axios.js:45:41[90m)[39m
[90m    at processTicksAndRejections 
(node:internal/process/task_queues:105:5)[39m
    at cargarTenants 
(C:/Users/josed/Documents/QR-FARM/frontend/src/composables/useTenants.js:15:24)
    at C:/Users/josed/Documents/QR-FARM/frontend/src/components/TenantSelector.
vue:63:5 {
  code: [32m'ERR_NETWORK'[39m,
  config: {
    transitional: {
      silentJSONParsing: [33mtrue[39m,
      forcedJSONParsing: [33mtrue[39m,
      clarifyTimeoutError: [33mfalse[39m
    },
    adapter: [ [32m'xhr'[39m, [32m'http'[39m, [32m'fetch'[39m ],
    transformRequest: [ [36m[Function: transformRequest][39m ],
    transformResponse: [ [36m[Function: transformResponse][39m ],
    timeout: [33m10000[39m,
    xsrfCookieName: [32m'XSRF-TOKEN'[39m,
    xsrfHeaderName: [32m'X-XSRF-TOKEN'[39m,
    maxContentLength: [33m-1[39m,
    maxBodyLength: [33m-1[39m,
    env: { FormData: [36m[Function [FormData]][39m, Blob: [36m[class 
Blob][39m },
    validateStatus: [36m[Function: validateStatus][39m,
    headers: Object [AxiosHeaders] {
      Accept: [32m'application/json, text/plain, */*'[39m,
      [32m'Content-Type'[39m: [90mundefined[39m
    },
    baseURL: [32m'http://localhost:5000/api'[39m,
    method: [32m'get'[39m,
    url: [32m'/tenants?activos_only=true'[39m,
    allowAbsoluteUrls: [33mtrue[39m,
    data: [90mundefined[39m
  },
  request: XMLHttpRequest {},
  event: ProgressEvent { isTrusted: [36m[Getter][39m }
}

Not implemented: Window's alert() method
[90mstderr[2m | src/views/admin/RegistroVacunacionAdmin.spec.js
[22m[39m[API] Error en respuesta: {
  url: [32m'/vacunaciones/'[39m,
  method: [32m'get'[39m,
  status: [90mundefined[39m,
  statusText: [90mundefined[39m,
  message: [32m'Network Error'[39m,
  code: [32m'ERR_NETWORK'[39m,
  data: [90mundefined[39m
}
[API] Error de red - No se pudo conectar al servidor

[90mstderr[2m | src/assets/js/escanear-qr-usuario.spec.js[2m > 
[22m[2mescanear-qr-usuario.js[2m > [22m[2mComponent Integration[2m > 
[22m[2mshould mount correctly
[22m[39m[Vue Router warn]: No match found for location with path ""
[Vue warn]: Component is missing template or render function:  {
  data: [36m[Function: data][39m,
  mounted: [36m[Function: mounted][39m,
  name: [32m'EscanearQR'[39m,
  escanearQRConfig: {
    authorize: [36m[Function: authorize][39m,
    onAuthorized: [36m[Function: onAuthorized][39m,
    successButtonColor: [32m'#28a745'[39m,
    recentScans: [ [36m[Object][39m, [36m[Object][39m ]
  },
  methods: {
    iniciarEscaneo: [Function: Mock] {
      _isMockFunction: [33mtrue[39m,
      getMockImplementation: [36m[Function (anonymous)][39m,
      mock: [36m[Object][39m,
      mockImplementation: [36m[Function: mockImplementation][39m,
      mockImplementationOnce: [36m[Function: mockImplementationOnce][39m,
      withImplementation: [36m[Function: withImplementation][39m,
      mockReturnThis: [36m[Function: mockReturnThis][39m,
      mockReturnValue: [36m[Function: mockReturnValue][39m,
      mockReturnValueOnce: [36m[Function: mockReturnValueOnce][39m,
      mockResolvedValue: [36m[Function: mockResolvedValue][39m,
      mockResolvedValueOnce: [36m[Function: mockResolvedValueOnce][39m,
      mockRejectedValue: [36m[Function: mockRejectedValue][39m,
      mockRejectedValueOnce: [36m[Function: mockRejectedValueOnce][39m,
      mockClear: [36m[Function: mockClear][39m,
      mockReset: [36m[Function: mockReset][39m,
      mockRestore: [36m[Function: mockRestore][39m,
      mockName: [36m[Function: mockName][39m,
      getMockName: [36m[Function: getMockName][39m,
      [[32mSymbol(nodejs.dispose)[39m]: [36m[Function (anonymous)][39m
    },
    subirImagen: [Function: Mock] {
      _isMockFunction: [33mtrue[39m,
      getMockImplementation: [36m[Function (anonymous)][39m,
      mock: [36m[Object][39m,
      mockImplementation: [36m[Function: mockImplementation][39m,
      mockImplementationOnce: [36m[Function: mockImplementationOnce][39m,
      withImplementation: [36m[Function: withImplementation][39m,
      mockReturnThis: [36m[Function: mockReturnThis][39m,
      mockReturnValue: [36m[Function: mockReturnValue][39m,
      mockReturnValueOnce: [36m[Function: mockReturnValueOnce][39m,
      mockResolvedValue: [36m[Function: mockResolvedValue][39m,
      mockResolvedValueOnce: [36m[Function: mockResolvedValueOnce][39m,
      mockRejectedValue: [36m[Function: mockRejectedValue][39m,
      mockRejectedValueOnce: [36m[Function: mockRejectedValueOnce][39m,
      mockClear: [36m[Function: mockClear][39m,
      mockReset: [36m[Function: mockReset][39m,
      mockRestore: [36m[Function: mockRestore][39m,
      mockName: [36m[Function: mockName][39m,
      getMockName: [36m[Function: getMockName][39m,
      [[32mSymbol(nodejs.dispose)[39m]: [36m[Function (anonymous)][39m
    },
    handleFileUpload: [Function: Mock] {
      _isMockFunction: [33mtrue[39m,
      getMockImplementation: [36m[Function (anonymous)][39m,
      mock: [36m[Object][39m,
      mockImplementation: [36m[Function: mockImplementation][39m,
      mockImplementationOnce: [36m[Function: mockImplementationOnce][39m,
      withImplementation: [36m[Function: withImplementation][39m,
      mockReturnThis: [36m[Function: mockReturnThis][39m,
      mockReturnValue: [36m[Function: mockReturnValue][39m,
      mockReturnValueOnce: [36m[Function: mockReturnValueOnce][39m,
      mockResolvedValue: [36m[Function: mockResolvedValue][39m,
      mockResolvedValueOnce: [36m[Function: mockResolvedValueOnce][39m,
      mockRejectedValue: [36m[Function: mockRejectedValue][39m,
      mockRejectedValueOnce: [36m[Function: mockRejectedValueOnce][39m,
      mockClear: [36m[Function: mockClear][39m,
      mockReset: [36m[Function: mockReset][39m,
      mockRestore: [36m[Function: mockRestore][39m,
      mockName: [36m[Function: mockName][39m,
      getMockName: [36m[Function: getMockName][39m,
      [[32mSymbol(nodejs.dispose)[39m]: [36m[Function (anonymous)][39m
    }
  },
  components: {}
} 
  at <EscanearQR ref="VTU_COMPONENT" > 
  at <VTUROOT>

 [32mÔ£ô[39m src/assets/js/escanear-qr-usuario.spec.js [2m([22m[2m8 tests[22m[2m)[22m[32m 134[2mms[22m[39m
 [32mÔ£ô[39m src/services/qr.spec.ts [2m([22m[2m127 tests[22m[2m)[22m[32m 159[2mms[22m[39m
[90mstderr[2m | src/views/admin/RegistroVacunacionAdmin.spec.js
[22m[39mError cargando datos: AxiosError: Network Error
    at XMLHttpRequest.handleError [90m(file:///C:/Users/josed/Documents/QR-FAR
M/frontend/[39mnode_modules/[4maxios[24m/lib/adapters/xhr.js:112:20[90m)[3
9m
    at XMLHttpRequest.invokeTheCallbackFunction [90m(C:\Users\josed\Documents\
QR-FARM\frontend\[39mnode_modules\[4mjsdom[24m\lib\jsdom\living\generated\Ev
entHandlerNonNull.js:14:28[90m)[39m
    at XMLHttpRequest.<anonymous> [90m(C:\Users\josed\Documents\QR-FARM\fronte
nd\[39mnode_modules\[4mjsdom[24m\lib\jsdom\living\helpers\create-event-acces
sor.js:36:32[90m)[39m
    at innerInvokeEventListeners [90m(C:\Users\josed\Documents\QR-FARM\fronten
d\[39mnode_modules\[4mjsdom[24m\lib\jsdom\living\events\EventTarget-impl.js:
360:16[90m)[39m
    at invokeEventListeners [90m(C:\Users\josed\Documents\QR-FARM\frontend\[3
9mnode_modules\[4mjsdom[24m\lib\jsdom\living\events\EventTarget-impl.js:296:3
[90m)[39m
    at XMLHttpRequestImpl._dispatch [90m(C:\Users\josed\Documents\QR-FARM\fron
tend\[39mnode_modules\[4mjsdom[24m\lib\jsdom\living\events\EventTarget-impl.
js:243:9[90m)[39m
    at fireAnEvent [90m(C:\Users\josed\Documents\QR-FARM\frontend\[39mnode_mo
dules\[4mjsdom[24m\lib\jsdom\living\helpers\events.js:18:36[90m)[39m
    at requestErrorSteps [90m(C:\Users\josed\Documents\QR-FARM\frontend\[39mn
ode_modules\[4mjsdom[24m\lib\jsdom\living\xhr\xhr-utils.js:123:3[90m)[39m
    at Object.dispatchError [90m(C:\Users\josed\Documents\QR-FARM\frontend\[3
9mnode_modules\[4mjsdom[24m\lib\jsdom\living\xhr\xhr-utils.js:59:3[90m)[39m
    at Request.<anonymous> [90m(C:\Users\josed\Documents\QR-FARM\frontend\[39
mnode_modules\[4mjsdom[24m\lib\jsdom\living\xhr\XMLHttpRequest-impl.js:655:18
[90m)[39m
    at Axios.request [90m(file:///C:/Users/josed/Documents/QR-FARM/frontend/[
39mnode_modules/[4maxios[24m/lib/core/Axios.js:45:41[90m)[39m
[90m    at processTicksAndRejections 
(node:internal/process/task_queues:105:5)[39m
    at async Promise.all (index 0)
    at Proxy.cargarDatos (C:/Users/josed/Documents/QR-FARM/frontend/src/assets/
js/registro-vacunacion-base.js:95:61)
    at Proxy.mounted (C:/Users/josed/Documents/QR-FARM/frontend/src/assets/js/r
egistro-vacunacion-base.js:89:5) {
  code: [32m'ERR_NETWORK'[39m,
  config: {
    transitional: {
      silentJSONParsing: [33mtrue[39m,
      forcedJSONParsing: [33mtrue[39m,
      clarifyTimeoutError: [33mfalse[39m
    },
    adapter: [ [32m'xhr'[39m, [32m'http'[39m, [32m'fetch'[39m ],
    transformRequest: [ [36m[Function: transformRequest][39m ],
    transformResponse: [ [36m[Function: transformResponse][39m ],
    timeout: [33m10000[39m,
    xsrfCookieName: [32m'XSRF-TOKEN'[39m,
    xsrfHeaderName: [32m'X-XSRF-TOKEN'[39m,
    maxContentLength: [33m-1[39m,
    maxBodyLength: [33m-1[39m,
    env: { FormData: [36m[Function [FormData]][39m, Blob: [36m[class 
Blob][39m },
    validateStatus: [36m[Function: validateStatus][39m,
    headers: Object [AxiosHeaders] {
      Accept: [32m'application/json, text/plain, */*'[39m,
      [32m'Content-Type'[39m: [90mundefined[39m
    },
    baseURL: [32m'http://localhost:5000/api'[39m,
    method: [32m'get'[39m,
    url: [32m'/vacunaciones/'[39m,
    allowAbsoluteUrls: [33mtrue[39m,
    data: [90mundefined[39m
  },
  request: XMLHttpRequest {},
  event: ProgressEvent { isTrusted: [36m[Getter][39m }
}

[90mstdout[2m | src/views/user/EscanearQRUsuario.spec.js[2m > [22m[2mEscanearQRUsuario[2m > [22m[2mshould mount correctly
[22m[39m[USER QR] Error recibido El navegador no soporta acceso a la c├ímara. Usa el modo de carga de imagen.
[QR-SCANNER] Error: El navegador no soporta acceso a la c├ímara. Usa el modo de carga de imagen.

[90mstderr[2m | src/views/user/EscanearQRUsuario.spec.js[2m > 
[22m[2mEscanearQRUsuario[2m > [22m[2mshould mount correctly
[22m[39m[Vue warn]: Missing required prop: "role" 
  at <QrScanner resource-endpoint="/ganado/{id}" 
onResourceLoaded=fn<handleResourceLoaded> onError=fn<handleScannerError>  ... 
> 
  at <EscanearQRUsuario ref="VTU_COMPONENT" > 
  at <VTUROOT>

Not implemented: Window's alert() method
[90mstderr[2m | src/views/admin/RegistroVacunacionAdmin.spec.js
[22m[39m[API] Error en respuesta: {
  url: [32m'/animales/'[39m,
  method: [32m'get'[39m,
  status: [90mundefined[39m,
  statusText: [90mundefined[39m,
  message: [32m'Network Error'[39m,
  code: [32m'ERR_NETWORK'[39m,
  data: [90mundefined[39m
}
[API] Error de red - No se pudo conectar al servidor

Not implemented: Window's alert() method
[90mstderr[2m | src/views/admin/RegistroVacunacionAdmin.spec.js
[22m[39m[API] Error en respuesta: {
  url: [32m'/usuarios/'[39m,
  method: [32m'get'[39m,
  status: [90mundefined[39m,
  statusText: [90mundefined[39m,
  message: [32m'Network Error'[39m,
  code: [32m'ERR_NETWORK'[39m,
  data: [90mundefined[39m
}
[API] Error de red - No se pudo conectar al servidor

Not implemented: Window's alert() method
[90mstderr[2m | src/views/admin/RegistroVacunacionAdmin.spec.js
[22m[39m[API] Error en respuesta: {
  url: [32m'/vacunaciones/'[39m,
  method: [32m'get'[39m,
  status: [90mundefined[39m,
  statusText: [90mundefined[39m,
  message: [32m'Network Error'[39m,
  code: [32m'ERR_NETWORK'[39m,
  data: [90mundefined[39m
}
[API] Error de red - No se pudo conectar al servidor

[90mstdout[2m | src/views/user/EscanearQRUsuario.spec.js[2m > [22m[2mEscanearQRUsuario[2m > [22m[2mshould handle resource loaded
[22m[39m[USER QR] Error recibido El navegador no soporta acceso a la c├ímara. Usa el modo de carga de imagen.
[QR-SCANNER] Error: El navegador no soporta acceso a la c├ímara. Usa el modo de carga de imagen.
[USER QR] Recurso cargado { id: [32m'123'[39m }

[90mstderr[2m | src/views/user/EscanearQRUsuario.spec.js[2m > 
[22m[2mEscanearQRUsuario[2m > [22m[2mshould handle resource loaded
[22m[39m[Vue warn]: Missing required prop: "role" 
  at <QrScanner resource-endpoint="/ganado/{id}" 
onResourceLoaded=fn<handleResourceLoaded> onError=fn<handleScannerError>  ... 
> 
  at <EscanearQRUsuario ref="VTU_COMPONENT" > 
  at <VTUROOT>

[90mstdout[2m | src/views/user/EscanearQRUsuario.spec.js[2m > [22m[2mEscanearQRUsuario[2m > [22m[2mshould handle scanner error
[22m[39m[USER QR] Error recibido El navegador no soporta acceso a la c├ímara. Usa el modo de carga de imagen.
[QR-SCANNER] Error: El navegador no soporta acceso a la c├ímara. Usa el modo de carga de imagen.
[USER QR] Error recibido Test error

[90mstderr[2m | src/views/user/EscanearQRUsuario.spec.js[2m > 
[22m[2mEscanearQRUsuario[2m > [22m[2mshould handle scanner error
[22m[39m[Vue warn]: Missing required prop: "role" 
  at <QrScanner resource-endpoint="/ganado/{id}" 
onResourceLoaded=fn<handleResourceLoaded> onError=fn<handleScannerError>  ... 
> 
  at <EscanearQRUsuario ref="VTU_COMPONENT" > 
  at <VTUROOT>

 [32mÔ£ô[39m src/components/TenantSelector.spec.js [2m([22m[2m1 test[22m[2m)[22m[32m 80[2mms[22m[39m
[90mstdout[2m | src/views/user/EscanearQRUsuario.spec.js[2m > [22m[2mEscanearQRUsuario[2m > [22m[2mshould forward action
[22m[39m[USER QR] Error recibido El navegador no soporta acceso a la c├ímara. Usa el modo de carga de imagen.
[QR-SCANNER] Error: El navegador no soporta acceso a la c├ímara. Usa el modo de carga de imagen.
[USER QR] Acci├│n emitida test-action 123

[90mstderr[2m | src/views/user/EscanearQRUsuario.spec.js[2m > 
[22m[2mEscanearQRUsuario[2m > [22m[2mshould forward action
[22m[39m[Vue warn]: Missing required prop: "role" 
  at <QrScanner resource-endpoint="/ganado/{id}" 
onResourceLoaded=fn<handleResourceLoaded> onError=fn<handleScannerError>  ... 
> 
  at <EscanearQRUsuario ref="VTU_COMPONENT" > 
  at <VTUROOT>

 [32mÔ£ô[39m src/views/user/EscanearQRUsuario.spec.js [2m([22m[2m4 tests[22m[2m)[22m[33m 306[2mms[22m[39m
[90mstderr[2m | src/views/admin/RegistroVacunacionAdmin.spec.js
[22m[39mError cargando datos: AxiosError: Network Error
    at XMLHttpRequest.handleError [90m(file:///C:/Users/josed/Documents/QR-FAR
M/frontend/[39mnode_modules/[4maxios[24m/lib/adapters/xhr.js:112:20[90m)[3
9m
    at XMLHttpRequest.invokeTheCallbackFunction [90m(C:\Users\josed\Documents\
QR-FARM\frontend\[39mnode_modules\[4mjsdom[24m\lib\jsdom\living\generated\Ev
entHandlerNonNull.js:14:28[90m)[39m
    at XMLHttpRequest.<anonymous> [90m(C:\Users\josed\Documents\QR-FARM\fronte
nd\[39mnode_modules\[4mjsdom[24m\lib\jsdom\living\helpers\create-event-acces
sor.js:36:32[90m)[39m
    at innerInvokeEventListeners [90m(C:\Users\josed\Documents\QR-FARM\fronten
d\[39mnode_modules\[4mjsdom[24m\lib\jsdom\living\events\EventTarget-impl.js:
360:16[90m)[39m
    at invokeEventListeners [90m(C:\Users\josed\Documents\QR-FARM\frontend\[3
9mnode_modules\[4mjsdom[24m\lib\jsdom\living\events\EventTarget-impl.js:296:3
[90m)[39m
    at XMLHttpRequestImpl._dispatch [90m(C:\Users\josed\Documents\QR-FARM\fron
tend\[39mnode_modules\[4mjsdom[24m\lib\jsdom\living\events\EventTarget-impl.
js:243:9[90m)[39m
    at fireAnEvent [90m(C:\Users\josed\Documents\QR-FARM\frontend\[39mnode_mo
dules\[4mjsdom[24m\lib\jsdom\living\helpers\events.js:18:36[90m)[39m
    at requestErrorSteps [90m(C:\Users\josed\Documents\QR-FARM\frontend\[39mn
ode_modules\[4mjsdom[24m\lib\jsdom\living\xhr\xhr-utils.js:123:3[90m)[39m
    at Object.dispatchError [90m(C:\Users\josed\Documents\QR-FARM\frontend\[3
9mnode_modules\[4mjsdom[24m\lib\jsdom\living\xhr\xhr-utils.js:59:3[90m)[39m
    at Request.<anonymous> [90m(C:\Users\josed\Documents\QR-FARM\frontend\[39
mnode_modules\[4mjsdom[24m\lib\jsdom\living\xhr\XMLHttpRequest-impl.js:655:18
[90m)[39m
    at Axios.request [90m(file:///C:/Users/josed/Documents/QR-FARM/frontend/[
39mnode_modules/[4maxios[24m/lib/core/Axios.js:45:41[90m)[39m
[90m    at processTicksAndRejections 
(node:internal/process/task_queues:105:5)[39m
    at async Promise.all (index 0)
    at Proxy.cargarDatos (C:/Users/josed/Documents/QR-FARM/frontend/src/assets/
js/registro-vacunacion-base.js:95:61)
    at Proxy.mounted (C:/Users/josed/Documents/QR-FARM/frontend/src/assets/js/r
egistro-vacunacion-base.js:89:5) {
  code: [32m'ERR_NETWORK'[39m,
  config: {
    transitional: {
      silentJSONParsing: [33mtrue[39m,
      forcedJSONParsing: [33mtrue[39m,
      clarifyTimeoutError: [33mfalse[39m
    },
    adapter: [ [32m'xhr'[39m, [32m'http'[39m, [32m'fetch'[39m ],
    transformRequest: [ [36m[Function: transformRequest][39m ],
    transformResponse: [ [36m[Function: transformResponse][39m ],
    timeout: [33m10000[39m,
    xsrfCookieName: [32m'XSRF-TOKEN'[39m,
    xsrfHeaderName: [32m'X-XSRF-TOKEN'[39m,
    maxContentLength: [33m-1[39m,
    maxBodyLength: [33m-1[39m,
    env: { FormData: [36m[Function [FormData]][39m, Blob: [36m[class 
Blob][39m },
    validateStatus: [36m[Function: validateStatus][39m,
    headers: Object [AxiosHeaders] {
      Accept: [32m'application/json, text/plain, */*'[39m,
      [32m'Content-Type'[39m: [90mundefined[39m
    },
    baseURL: [32m'http://localhost:5000/api'[39m,
    method: [32m'get'[39m,
    url: [32m'/vacunaciones/'[39m,
    allowAbsoluteUrls: [33mtrue[39m,
    data: [90mundefined[39m
  },
  request: XMLHttpRequest {},
  event: ProgressEvent { isTrusted: [36m[Getter][39m }
}

Not implemented: Window's alert() method
[90mstderr[2m | src/views/admin/RegistroVacunacionAdmin.spec.js
[22m[39m[API] Error en respuesta: {
  url: [32m'/animales/'[39m,
  method: [32m'get'[39m,
  status: [90mundefined[39m,
  statusText: [90mundefined[39m,
  message: [32m'Network Error'[39m,
  code: [32m'ERR_NETWORK'[39m,
  data: [90mundefined[39m
}
[API] Error de red - No se pudo conectar al servidor

Not implemented: Window's alert() method
[90mstderr[2m | src/views/admin/RegistroVacunacionAdmin.spec.js
[22m[39m[API] Error en respuesta: {
  url: [32m'/usuarios/'[39m,
  method: [32m'get'[39m,
  status: [90mundefined[39m,
  statusText: [90mundefined[39m,
  message: [32m'Network Error'[39m,
  code: [32m'ERR_NETWORK'[39m,
  data: [90mundefined[39m
}
[API] Error de red - No se pudo conectar al servidor

 [32mÔ£ô[39m src/views/admin/RegistroVacunacionAdmin.spec.js [2m([22m[2m4 tests[22m[2m)[22m[33m 438[2mms[22m[39m
[90mstderr[2m | src/components/HeaderDashboard.spec.js[2m > 
[22m[2mHeaderDashboard[2m > [22m[2mshould mount correctly
[22m[39m[Vue Router warn]: No match found for location with path ""

 [32mÔ£ô[39m src/components/HeaderDashboard.spec.js [2m([22m[2m1 test[22m[2m)[22m[32m 161[2mms[22m[39m
 [32mÔ£ô[39m src/main.spec.js [2m([22m[2m21 tests[22m[2m)[22m[32m 210[2mms[22m[39m
 [32mÔ£ô[39m src/assets/js/reportes-usuario.spec.js [2m([22m[2m35 tests[22m[2m)[22m[32m 190[2mms[22m[39m
[90mstderr[2m | src/assets/js/gestionar-animales-usuario.spec.js[2m > 
[22m[2museGestionarAnimalesUsuario[2m > [22m[2mshould initialize with 
default values
[22m[39m[Vue warn]: onMounted is called when there is no active component 
instance to be associated with. Lifecycle injection APIs can only be used 
during execution of setup(). If you are using async setup(), make sure to 
register lifecycle hooks before the first await statement.

[90mstderr[2m | src/assets/js/gestionar-animales-usuario.spec.js[2m > 
[22m[2museGestionarAnimalesUsuario[2m > [22m[2mshould call cargarGanado 
on mount when authenticated
[22m[39m[Vue warn]: onMounted is called when there is no active component 
instance to be associated with. Lifecycle injection APIs can only be used 
during execution of setup(). If you are using async setup(), make sure to 
register lifecycle hooks before the first await statement.

[90mstderr[2m | src/assets/js/gestionar-animales-usuario.spec.js[2m > 
[22m[2museGestionarAnimalesUsuario[2m > [22m[2mshould redirect to login 
when not authenticated
[22m[39m[Vue warn]: onMounted is called when there is no active component 
instance to be associated with. Lifecycle injection APIs can only be used 
during execution of setup(). If you are using async setup(), make sure to 
register lifecycle hooks before the first await statement.

[90mstderr[2m | src/assets/js/gestionar-animales-usuario.spec.js[2m > 
[22m[2museGestionarAnimalesUsuario[2m > [22m[2mshould redirect to login 
when not user
[22m[39m[Vue warn]: onMounted is called when there is no active component 
instance to be associated with. Lifecycle injection APIs can only be used 
during execution of setup(). If you are using async setup(), make sure to 
register lifecycle hooks before the first await statement.

[90mstderr[2m | src/assets/js/gestionar-animales-usuario.spec.js[2m > 
[22m[2museGestionarAnimalesUsuario[2m > [22m[2mrazasDisponibles 
computed[2m > [22m[2mshould return empty array when no animals
[22m[39m[Vue warn]: onMounted is called when there is no active component 
instance to be associated with. Lifecycle injection APIs can only be used 
during execution of setup(). If you are using async setup(), make sure to 
register lifecycle hooks before the first await statement.

[90mstderr[2m | src/assets/js/gestionar-animales-usuario.spec.js[2m > 
[22m[2museGestionarAnimalesUsuario[2m > [22m[2mrazasDisponibles 
computed[2m > [22m[2mshould extract unique razas from animals
[22m[39m[Vue warn]: onMounted is called when there is no active component 
instance to be associated with. Lifecycle injection APIs can only be used 
during execution of setup(). If you are using async setup(), make sure to 
register lifecycle hooks before the first await statement.

[90mstderr[2m | src/assets/js/gestionar-animales-usuario.spec.js[2m > 
[22m[2museGestionarAnimalesUsuario[2m > [22m[2mestadosDisponibles 
computed[2m > [22m[2mshould return empty array when no animals
[22m[39m[Vue warn]: onMounted is called when there is no active component 
instance to be associated with. Lifecycle injection APIs can only be used 
during execution of setup(). If you are using async setup(), make sure to 
register lifecycle hooks before the first await statement.

[90mstderr[2m | src/assets/js/gestionar-animales-usuario.spec.js[2m > 
[22m[2museGestionarAnimalesUsuario[2m > [22m[2mestadosDisponibles 
computed[2m > [22m[2mshould extract unique estados from animals
[22m[39m[Vue warn]: onMounted is called when there is no active component 
instance to be associated with. Lifecycle injection APIs can only be used 
during execution of setup(). If you are using async setup(), make sure to 
register lifecycle hooks before the first await statement.

[90mstderr[2m | src/assets/js/gestionar-animales-usuario.spec.js[2m > 
[22m[2museGestionarAnimalesUsuario[2m > [22m[2manimalesFiltrados 
computed[2m > [22m[2mshould return all animals when no filters
[22m[39m[Vue warn]: onMounted is called when there is no active component 
instance to be associated with. Lifecycle injection APIs can only be used 
during execution of setup(). If you are using async setup(), make sure to 
register lifecycle hooks before the first await statement.

[90mstderr[2m | src/assets/js/gestionar-animales-usuario.spec.js[2m > 
[22m[2museGestionarAnimalesUsuario[2m > [22m[2manimalesFiltrados 
computed[2m > [22m[2mshould filter by nombre
[22m[39m[Vue warn]: onMounted is called when there is no active component 
instance to be associated with. Lifecycle injection APIs can only be used 
during execution of setup(). If you are using async setup(), make sure to 
register lifecycle hooks before the first await statement.

[90mstderr[2m | src/assets/js/gestionar-animales-usuario.spec.js[2m > 
[22m[2museGestionarAnimalesUsuario[2m > [22m[2manimalesFiltrados 
computed[2m > [22m[2mshould filter by raza
[22m[39m[Vue warn]: onMounted is called when there is no active component 
instance to be associated with. Lifecycle injection APIs can only be used 
during execution of setup(). If you are using async setup(), make sure to 
register lifecycle hooks before the first await statement.

[90mstderr[2m | src/assets/js/gestionar-animales-usuario.spec.js[2m > 
[22m[2museGestionarAnimalesUsuario[2m > [22m[2manimalesFiltrados 
computed[2m > [22m[2mshould filter by estado
[22m[39m[Vue warn]: onMounted is called when there is no active component 
instance to be associated with. Lifecycle injection APIs can only be used 
during execution of setup(). If you are using async setup(), make sure to 
register lifecycle hooks before the first await statement.

[90mstderr[2m | src/assets/js/gestionar-animales-usuario.spec.js[2m > 
[22m[2museGestionarAnimalesUsuario[2m > [22m[2manimalesFiltrados 
computed[2m > [22m[2mshould filter by multiple criteria
[22m[39m[Vue warn]: onMounted is called when there is no active component 
instance to be associated with. Lifecycle injection APIs can only be used 
during execution of setup(). If you are using async setup(), make sure to 
register lifecycle hooks before the first await statement.

[90mstderr[2m | src/assets/js/gestionar-animales-usuario.spec.js[2m > 
[22m[2museGestionarAnimalesUsuario[2m > [22m[2mcapitalizar[2m > 
[22m[2mshould capitalize first letter
[22m[39m[Vue warn]: onMounted is called when there is no active component 
instance to be associated with. Lifecycle injection APIs can only be used 
during execution of setup(). If you are using async setup(), make sure to 
register lifecycle hooks before the first await statement.

[90mstderr[2m | src/assets/js/gestionar-animales-usuario.spec.js[2m > 
[22m[2museGestionarAnimalesUsuario[2m > [22m[2mcapitalizar[2m > 
[22m[2mshould return empty string for null/undefined
[22m[39m[Vue warn]: onMounted is called when there is no active component 
instance to be associated with. Lifecycle injection APIs can only be used 
during execution of setup(). If you are using async setup(), make sure to 
register lifecycle hooks before the first await statement.

[90mstderr[2m | src/assets/js/gestionar-animales-usuario.spec.js[2m > 
[22m[2museGestionarAnimalesUsuario[2m > [22m[2mestadoClass[2m > 
[22m[2mshould return correct class for estado
[22m[39m[Vue warn]: onMounted is called when there is no active component 
instance to be associated with. Lifecycle injection APIs can only be used 
during execution of setup(). If you are using async setup(), make sure to 
register lifecycle hooks before the first await statement.

[90mstderr[2m | src/assets/js/gestionar-animales-usuario.spec.js[2m > 
[22m[2museGestionarAnimalesUsuario[2m > [22m[2mestadoClass[2m > 
[22m[2mshould return default class for unknown estado
[22m[39m[Vue warn]: onMounted is called when there is no active component 
instance to be associated with. Lifecycle injection APIs can only be used 
during execution of setup(). If you are using async setup(), make sure to 
register lifecycle hooks before the first await statement.

[90mstderr[2m | src/assets/js/gestionar-animales-usuario.spec.js[2m > 
[22m[2museGestionarAnimalesUsuario[2m > [22m[2mverPerfilAnimal[2m > 
[22m[2mshould show Swal with animal details
[22m[39m[Vue warn]: onMounted is called when there is no active component 
instance to be associated with. Lifecycle injection APIs can only be used 
during execution of setup(). If you are using async setup(), make sure to 
register lifecycle hooks before the first await statement.

[90mstderr[2m | src/assets/js/gestionar-animales-usuario.spec.js[2m > 
[22m[2museGestionarAnimalesUsuario[2m > [22m[2mverPerfilAnimal[2m > 
[22m[2mshould handle missing animal data
[22m[39m[Vue warn]: onMounted is called when there is no active component 
instance to be associated with. Lifecycle injection APIs can only be used 
during execution of setup(). If you are using async setup(), make sure to 
register lifecycle hooks before the first await statement.

[90mstderr[2m | src/assets/js/gestionar-animales-usuario.spec.js[2m > 
[22m[2museGestionarAnimalesUsuario[2m > [22m[2meditarAnimal[2m > 
[22m[2mshould show info message
[22m[39m[Vue warn]: onMounted is called when there is no active component 
instance to be associated with. Lifecycle injection APIs can only be used 
during execution of setup(). If you are using async setup(), make sure to 
register lifecycle hooks before the first await statement.

[90mstderr[2m | src/assets/js/gestionar-animales-usuario.spec.js[2m > 
[22m[2museGestionarAnimalesUsuario[2m > [22m[2mcargarAnimales[2m > 
[22m[2mshould call cargarGanado
[22m[39m[Vue warn]: onMounted is called when there is no active component 
instance to be associated with. Lifecycle injection APIs can only be used 
during execution of setup(). If you are using async setup(), make sure to 
register lifecycle hooks before the first await statement.

 [32mÔ£ô[39m src/components/Header.spec.js [2m([22m[2m1 test[22m[2m)[22m[32m 107[2mms[22m[39m
 [32mÔ£ô[39m src/assets/js/gestionar-animales-usuario.spec.js [2m([22m[2m22 tests[22m[2m)[22m[32m 87[2mms[22m[39m
 [32mÔ£ô[39m src/views/user/ReportesUsuario.spec.js [2m([22m[2m7 tests[22m[2m)[22m[32m 204[2mms[22m[39m
[90mstderr[2m | src/assets/js/escanear-qr-admin.spec.js[2m > 
[22m[2mescanear-qr-admin.js[2m > [22m[2mverTodosAnimales Method[2m > 
[22m[2mshould navigate to /admin/gestionar-animales
[22m[39m[Vue Router warn]: No match found for location with path ""
[Vue warn]: Component is missing template or render function:  {
  data: [36m[Function: data][39m,
  mounted: [36m[Function: mounted][39m,
  name: [32m'EscanearQRAdmin'[39m,
  escanearQRConfig: {
    authorize: [36m[Function: authorize][39m,
    successButtonColor: [32m'#007bff'[39m,
    recentScans: [ [36m[Object][39m, [36m[Object][39m, [36m[Object][39m 
],
    estadisticas: {
      totalEscaneos: [33m24[39m,
      animalesUnicos: [33m18[39m,
      tasaExito: [33m96[39m,
      tiempoPromedio: [33m2.3[39m
    }
  },
  methods: {
    iniciarEscaneo: [Function: Mock] {
      _isMockFunction: [33mtrue[39m,
      getMockImplementation: [36m[Function (anonymous)][39m,
      mock: [36m[Object][39m,
      mockImplementation: [36m[Function: mockImplementation][39m,
      mockImplementationOnce: [36m[Function: mockImplementationOnce][39m,
      withImplementation: [36m[Function: withImplementation][39m,
      mockReturnThis: [36m[Function: mockReturnThis][39m,
      mockReturnValue: [36m[Function: mockReturnValue][39m,
      mockReturnValueOnce: [36m[Function: mockReturnValueOnce][39m,
      mockResolvedValue: [36m[Function: mockResolvedValue][39m,
      mockResolvedValueOnce: [36m[Function: mockResolvedValueOnce][39m,
      mockRejectedValue: [36m[Function: mockRejectedValue][39m,
      mockRejectedValueOnce: [36m[Function: mockRejectedValueOnce][39m,
      mockClear: [36m[Function: mockClear][39m,
      mockReset: [36m[Function: mockReset][39m,
      mockRestore: [36m[Function: mockRestore][39m,
      mockName: [36m[Function: mockName][39m,
      getMockName: [36m[Function: getMockName][39m,
      [[32mSymbol(nodejs.dispose)[39m]: [36m[Function (anonymous)][39m
    },
    subirImagen: [Function: Mock] {
      _isMockFunction: [33mtrue[39m,
      getMockImplementation: [36m[Function (anonymous)][39m,
      mock: [36m[Object][39m,
      mockImplementation: [36m[Function: mockImplementation][39m,
      mockImplementationOnce: [36m[Function: mockImplementationOnce][39m,
      withImplementation: [36m[Function: withImplementation][39m,
      mockReturnThis: [36m[Function: mockReturnThis][39m,
      mockReturnValue: [36m[Function: mockReturnValue][39m,
      mockReturnValueOnce: [36m[Function: mockReturnValueOnce][39m,
      mockResolvedValue: [36m[Function: mockResolvedValue][39m,
      mockResolvedValueOnce: [36m[Function: mockResolvedValueOnce][39m,
      mockRejectedValue: [36m[Function: mockRejectedValue][39m,
      mockRejectedValueOnce: [36m[Function: mockRejectedValueOnce][39m,
      mockClear: [36m[Function: mockClear][39m,
      mockReset: [36m[Function: mockReset][39m,
      mockRestore: [36m[Function: mockRestore][39m,
      mockName: [36m[Function: mockName][39m,
      getMockName: [36m[Function: getMockName][39m,
      [[32mSymbol(nodejs.dispose)[39m]: [36m[Function (anonymous)][39m
    },
    handleFileUpload: [Function: Mock] {
      _isMockFunction: [33mtrue[39m,
      getMockImplementation: [36m[Function (anonymous)][39m,
      mock: [36m[Object][39m,
      mockImplementation: [36m[Function: mockImplementation][39m,
      mockImplementationOnce: [36m[Function: mockImplementationOnce][39m,
      withImplementation: [36m[Function: withImplementation][39m,
      mockReturnThis: [36m[Function: mockReturnThis][39m,
      mockReturnValue: [36m[Function: mockReturnValue][39m,
      mockReturnValueOnce: [36m[Function: mockReturnValueOnce][39m,
      mockResolvedValue: [36m[Function: mockResolvedValue][39m,
      mockResolvedValueOnce: [36m[Function: mockResolvedValueOnce][39m,
      mockRejectedValue: [36m[Function: mockRejectedValue][39m,
      mockRejectedValueOnce: [36m[Function: mockRejectedValueOnce][39m,
      mockClear: [36m[Function: mockClear][39m,
      mockReset: [36m[Function: mockReset][39m,
      mockRestore: [36m[Function: mockRestore][39m,
      mockName: [36m[Function: mockName][39m,
      getMockName: [36m[Function: getMockName][39m,
      [[32mSymbol(nodejs.dispose)[39m]: [36m[Function (anonymous)][39m
    },
    verTodosAnimales: [36m[Function: verTodosAnimales][39m,
    generarReporte: [36m[Function: generarReporte][39m,
    exportarDatos: [36m[Function: exportarDatos][39m
  },
  components: {}
} 
  at <EscanearQRAdmin ref="VTU_COMPONENT" > 
  at <VTUROOT>

[90mstderr[2m | src/assets/js/escanear-qr-admin.spec.js[2m > 
[22m[2mescanear-qr-admin.js[2m > [22m[2mgenerarReporte Method[2m > 
[22m[2mshould show loading Swal and then success Swal
[22m[39m[Vue Router warn]: No match found for location with path ""
[Vue warn]: Component is missing template or render function:  {
  data: [36m[Function: data][39m,
  mounted: [36m[Function: mounted][39m,
  name: [32m'EscanearQRAdmin'[39m,
  escanearQRConfig: {
    authorize: [36m[Function: authorize][39m,
    successButtonColor: [32m'#007bff'[39m,
    recentScans: [ [36m[Object][39m, [36m[Object][39m, [36m[Object][39m 
],
    estadisticas: {
      totalEscaneos: [33m24[39m,
      animalesUnicos: [33m18[39m,
      tasaExito: [33m96[39m,
      tiempoPromedio: [33m2.3[39m
    }
  },
  methods: {
    iniciarEscaneo: [Function: Mock] {
      _isMockFunction: [33mtrue[39m,
      getMockImplementation: [36m[Function (anonymous)][39m,
      mock: [36m[Object][39m,
      mockImplementation: [36m[Function: mockImplementation][39m,
      mockImplementationOnce: [36m[Function: mockImplementationOnce][39m,
      withImplementation: [36m[Function: withImplementation][39m,
      mockReturnThis: [36m[Function: mockReturnThis][39m,
      mockReturnValue: [36m[Function: mockReturnValue][39m,
      mockReturnValueOnce: [36m[Function: mockReturnValueOnce][39m,
      mockResolvedValue: [36m[Function: mockResolvedValue][39m,
      mockResolvedValueOnce: [36m[Function: mockResolvedValueOnce][39m,
      mockRejectedValue: [36m[Function: mockRejectedValue][39m,
      mockRejectedValueOnce: [36m[Function: mockRejectedValueOnce][39m,
      mockClear: [36m[Function: mockClear][39m,
      mockReset: [36m[Function: mockReset][39m,
      mockRestore: [36m[Function: mockRestore][39m,
      mockName: [36m[Function: mockName][39m,
      getMockName: [36m[Function: getMockName][39m,
      [[32mSymbol(nodejs.dispose)[39m]: [36m[Function (anonymous)][39m
    },
    subirImagen: [Function: Mock] {
      _isMockFunction: [33mtrue[39m,
      getMockImplementation: [36m[Function (anonymous)][39m,
      mock: [36m[Object][39m,
      mockImplementation: [36m[Function: mockImplementation][39m,
      mockImplementationOnce: [36m[Function: mockImplementationOnce][39m,
      withImplementation: [36m[Function: withImplementation][39m,
      mockReturnThis: [36m[Function: mockReturnThis][39m,
      mockReturnValue: [36m[Function: mockReturnValue][39m,
      mockReturnValueOnce: [36m[Function: mockReturnValueOnce][39m,
      mockResolvedValue: [36m[Function: mockResolvedValue][39m,
      mockResolvedValueOnce: [36m[Function: mockResolvedValueOnce][39m,
      mockRejectedValue: [36m[Function: mockRejectedValue][39m,
      mockRejectedValueOnce: [36m[Function: mockRejectedValueOnce][39m,
      mockClear: [36m[Function: mockClear][39m,
      mockReset: [36m[Function: mockReset][39m,
      mockRestore: [36m[Function: mockRestore][39m,
      mockName: [36m[Function: mockName][39m,
      getMockName: [36m[Function: getMockName][39m,
      [[32mSymbol(nodejs.dispose)[39m]: [36m[Function (anonymous)][39m
    },
    handleFileUpload: [Function: Mock] {
      _isMockFunction: [33mtrue[39m,
      getMockImplementation: [36m[Function (anonymous)][39m,
      mock: [36m[Object][39m,
      mockImplementation: [36m[Function: mockImplementation][39m,
      mockImplementationOnce: [36m[Function: mockImplementationOnce][39m,
      withImplementation: [36m[Function: withImplementation][39m,
      mockReturnThis: [36m[Function: mockReturnThis][39m,
      mockReturnValue: [36m[Function: mockReturnValue][39m,
      mockReturnValueOnce: [36m[Function: mockReturnValueOnce][39m,
      mockResolvedValue: [36m[Function: mockResolvedValue][39m,
      mockResolvedValueOnce: [36m[Function: mockResolvedValueOnce][39m,
      mockRejectedValue: [36m[Function: mockRejectedValue][39m,
      mockRejectedValueOnce: [36m[Function: mockRejectedValueOnce][39m,
      mockClear: [36m[Function: mockClear][39m,
      mockReset: [36m[Function: mockReset][39m,
      mockRestore: [36m[Function: mockRestore][39m,
      mockName: [36m[Function: mockName][39m,
      getMockName: [36m[Function: getMockName][39m,
      [[32mSymbol(nodejs.dispose)[39m]: [36m[Function (anonymous)][39m
    },
    verTodosAnimales: [36m[Function: verTodosAnimales][39m,
    generarReporte: [36m[Function: generarReporte][39m,
    exportarDatos: [36m[Function: exportarDatos][39m
  },
  components: {}
} 
  at <EscanearQRAdmin ref="VTU_COMPONENT" > 
  at <VTUROOT>

[90mstderr[2m | src/assets/js/escanear-qr-admin.spec.js[2m > 
[22m[2mescanear-qr-admin.js[2m > [22m[2mgenerarReporte Method[2m > 
[22m[2mshould not show Swal if Swal is undefined
[22m[39m[Vue Router warn]: No match found for location with path ""
[Vue warn]: Component is missing template or render function:  {
  data: [36m[Function: data][39m,
  mounted: [36m[Function: mounted][39m,
  name: [32m'EscanearQRAdmin'[39m,
  escanearQRConfig: {
    authorize: [36m[Function: authorize][39m,
    successButtonColor: [32m'#007bff'[39m,
    recentScans: [ [36m[Object][39m, [36m[Object][39m, [36m[Object][39m 
],
    estadisticas: {
      totalEscaneos: [33m24[39m,
      animalesUnicos: [33m18[39m,
      tasaExito: [33m96[39m,
      tiempoPromedio: [33m2.3[39m
    }
  },
  methods: {
    iniciarEscaneo: [Function: Mock] {
      _isMockFunction: [33mtrue[39m,
      getMockImplementation: [36m[Function (anonymous)][39m,
      mock: [36m[Object][39m,
      mockImplementation: [36m[Function: mockImplementation][39m,
      mockImplementationOnce: [36m[Function: mockImplementationOnce][39m,
      withImplementation: [36m[Function: withImplementation][39m,
      mockReturnThis: [36m[Function: mockReturnThis][39m,
      mockReturnValue: [36m[Function: mockReturnValue][39m,
      mockReturnValueOnce: [36m[Function: mockReturnValueOnce][39m,
      mockResolvedValue: [36m[Function: mockResolvedValue][39m,
      mockResolvedValueOnce: [36m[Function: mockResolvedValueOnce][39m,
      mockRejectedValue: [36m[Function: mockRejectedValue][39m,
      mockRejectedValueOnce: [36m[Function: mockRejectedValueOnce][39m,
      mockClear: [36m[Function: mockClear][39m,
      mockReset: [36m[Function: mockReset][39m,
      mockRestore: [36m[Function: mockRestore][39m,
      mockName: [36m[Function: mockName][39m,
      getMockName: [36m[Function: getMockName][39m,
      [[32mSymbol(nodejs.dispose)[39m]: [36m[Function (anonymous)][39m
    },
    subirImagen: [Function: Mock] {
      _isMockFunction: [33mtrue[39m,
      getMockImplementation: [36m[Function (anonymous)][39m,
      mock: [36m[Object][39m,
      mockImplementation: [36m[Function: mockImplementation][39m,
      mockImplementationOnce: [36m[Function: mockImplementationOnce][39m,
      withImplementation: [36m[Function: withImplementation][39m,
      mockReturnThis: [36m[Function: mockReturnThis][39m,
      mockReturnValue: [36m[Function: mockReturnValue][39m,
      mockReturnValueOnce: [36m[Function: mockReturnValueOnce][39m,
      mockResolvedValue: [36m[Function: mockResolvedValue][39m,
      mockResolvedValueOnce: [36m[Function: mockResolvedValueOnce][39m,
      mockRejectedValue: [36m[Function: mockRejectedValue][39m,
      mockRejectedValueOnce: [36m[Function: mockRejectedValueOnce][39m,
      mockClear: [36m[Function: mockClear][39m,
      mockReset: [36m[Function: mockReset][39m,
      mockRestore: [36m[Function: mockRestore][39m,
      mockName: [36m[Function: mockName][39m,
      getMockName: [36m[Function: getMockName][39m,
      [[32mSymbol(nodejs.dispose)[39m]: [36m[Function (anonymous)][39m
    },
    handleFileUpload: [Function: Mock] {
      _isMockFunction: [33mtrue[39m,
      getMockImplementation: [36m[Function (anonymous)][39m,
      mock: [36m[Object][39m,
      mockImplementation: [36m[Function: mockImplementation][39m,
      mockImplementationOnce: [36m[Function: mockImplementationOnce][39m,
      withImplementation: [36m[Function: withImplementation][39m,
      mockReturnThis: [36m[Function: mockReturnThis][39m,
      mockReturnValue: [36m[Function: mockReturnValue][39m,
      mockReturnValueOnce: [36m[Function: mockReturnValueOnce][39m,
      mockResolvedValue: [36m[Function: mockResolvedValue][39m,
      mockResolvedValueOnce: [36m[Function: mockResolvedValueOnce][39m,
      mockRejectedValue: [36m[Function: mockRejectedValue][39m,
      mockRejectedValueOnce: [36m[Function: mockRejectedValueOnce][39m,
      mockClear: [36m[Function: mockClear][39m,
      mockReset: [36m[Function: mockReset][39m,
      mockRestore: [36m[Function: mockRestore][39m,
      mockName: [36m[Function: mockName][39m,
      getMockName: [36m[Function: getMockName][39m,
      [[32mSymbol(nodejs.dispose)[39m]: [36m[Function (anonymous)][39m
    },
    verTodosAnimales: [36m[Function: verTodosAnimales][39m,
    generarReporte: [36m[Function: generarReporte][39m,
    exportarDatos: [36m[Function: exportarDatos][39m
  },
  components: {}
} 
  at <EscanearQRAdmin ref="VTU_COMPONENT" > 
  at <VTUROOT>

[90mstderr[2m | src/assets/js/escanear-qr-admin.spec.js[2m > 
[22m[2mescanear-qr-admin.js[2m > [22m[2mexportarDatos Method[2m > 
[22m[2mshould show loading Swal and then success Swal
[22m[39m[Vue Router warn]: No match found for location with path ""
[Vue warn]: Component is missing template or render function:  {
  data: [36m[Function: data][39m,
  mounted: [36m[Function: mounted][39m,
  name: [32m'EscanearQRAdmin'[39m,
  escanearQRConfig: {
    authorize: [36m[Function: authorize][39m,
    successButtonColor: [32m'#007bff'[39m,
    recentScans: [ [36m[Object][39m, [36m[Object][39m, [36m[Object][39m 
],
    estadisticas: {
      totalEscaneos: [33m24[39m,
      animalesUnicos: [33m18[39m,
      tasaExito: [33m96[39m,
      tiempoPromedio: [33m2.3[39m
    }
  },
  methods: {
    iniciarEscaneo: [Function: Mock] {
      _isMockFunction: [33mtrue[39m,
      getMockImplementation: [36m[Function (anonymous)][39m,
      mock: [36m[Object][39m,
      mockImplementation: [36m[Function: mockImplementation][39m,
      mockImplementationOnce: [36m[Function: mockImplementationOnce][39m,
      withImplementation: [36m[Function: withImplementation][39m,
      mockReturnThis: [36m[Function: mockReturnThis][39m,
      mockReturnValue: [36m[Function: mockReturnValue][39m,
      mockReturnValueOnce: [36m[Function: mockReturnValueOnce][39m,
      mockResolvedValue: [36m[Function: mockResolvedValue][39m,
      mockResolvedValueOnce: [36m[Function: mockResolvedValueOnce][39m,
      mockRejectedValue: [36m[Function: mockRejectedValue][39m,
      mockRejectedValueOnce: [36m[Function: mockRejectedValueOnce][39m,
      mockClear: [36m[Function: mockClear][39m,
      mockReset: [36m[Function: mockReset][39m,
      mockRestore: [36m[Function: mockRestore][39m,
      mockName: [36m[Function: mockName][39m,
      getMockName: [36m[Function: getMockName][39m,
      [[32mSymbol(nodejs.dispose)[39m]: [36m[Function (anonymous)][39m
    },
    subirImagen: [Function: Mock] {
      _isMockFunction: [33mtrue[39m,
      getMockImplementation: [36m[Function (anonymous)][39m,
      mock: [36m[Object][39m,
      mockImplementation: [36m[Function: mockImplementation][39m,
      mockImplementationOnce: [36m[Function: mockImplementationOnce][39m,
      withImplementation: [36m[Function: withImplementation][39m,
      mockReturnThis: [36m[Function: mockReturnThis][39m,
      mockReturnValue: [36m[Function: mockReturnValue][39m,
      mockReturnValueOnce: [36m[Function: mockReturnValueOnce][39m,
      mockResolvedValue: [36m[Function: mockResolvedValue][39m,
      mockResolvedValueOnce: [36m[Function: mockResolvedValueOnce][39m,
      mockRejectedValue: [36m[Function: mockRejectedValue][39m,
      mockRejectedValueOnce: [36m[Function: mockRejectedValueOnce][39m,
      mockClear: [36m[Function: mockClear][39m,
      mockReset: [36m[Function: mockReset][39m,
      mockRestore: [36m[Function: mockRestore][39m,
      mockName: [36m[Function: mockName][39m,
      getMockName: [36m[Function: getMockName][39m,
      [[32mSymbol(nodejs.dispose)[39m]: [36m[Function (anonymous)][39m
    },
    handleFileUpload: [Function: Mock] {
      _isMockFunction: [33mtrue[39m,
      getMockImplementation: [36m[Function (anonymous)][39m,
      mock: [36m[Object][39m,
      mockImplementation: [36m[Function: mockImplementation][39m,
      mockImplementationOnce: [36m[Function: mockImplementationOnce][39m,
      withImplementation: [36m[Function: withImplementation][39m,
      mockReturnThis: [36m[Function: mockReturnThis][39m,
      mockReturnValue: [36m[Function: mockReturnValue][39m,
      mockReturnValueOnce: [36m[Function: mockReturnValueOnce][39m,
      mockResolvedValue: [36m[Function: mockResolvedValue][39m,
      mockResolvedValueOnce: [36m[Function: mockResolvedValueOnce][39m,
      mockRejectedValue: [36m[Function: mockRejectedValue][39m,
      mockRejectedValueOnce: [36m[Function: mockRejectedValueOnce][39m,
      mockClear: [36m[Function: mockClear][39m,
      mockReset: [36m[Function: mockReset][39m,
      mockRestore: [36m[Function: mockRestore][39m,
      mockName: [36m[Function: mockName][39m,
      getMockName: [36m[Function: getMockName][39m,
      [[32mSymbol(nodejs.dispose)[39m]: [36m[Function (anonymous)][39m
    },
    verTodosAnimales: [36m[Function: verTodosAnimales][39m,
    generarReporte: [36m[Function: generarReporte][39m,
    exportarDatos: [36m[Function: exportarDatos][39m
  },
  components: {}
} 
  at <EscanearQRAdmin ref="VTU_COMPONENT" > 
  at <VTUROOT>

[90mstderr[2m | src/assets/js/escanear-qr-admin.spec.js[2m > 
[22m[2mescanear-qr-admin.js[2m > [22m[2mexportarDatos Method[2m > 
[22m[2mshould not show Swal if Swal is undefined
[22m[39m[Vue Router warn]: No match found for location with path ""
[Vue warn]: Component is missing template or render function:  {
  data: [36m[Function: data][39m,
  mounted: [36m[Function: mounted][39m,
  name: [32m'EscanearQRAdmin'[39m,
  escanearQRConfig: {
    authorize: [36m[Function: authorize][39m,
    successButtonColor: [32m'#007bff'[39m,
    recentScans: [ [36m[Object][39m, [36m[Object][39m, [36m[Object][39m 
],
    estadisticas: {
      totalEscaneos: [33m24[39m,
      animalesUnicos: [33m18[39m,
      tasaExito: [33m96[39m,
      tiempoPromedio: [33m2.3[39m
    }
  },
  methods: {
    iniciarEscaneo: [Function: Mock] {
      _isMockFunction: [33mtrue[39m,
      getMockImplementation: [36m[Function (anonymous)][39m,
      mock: [36m[Object][39m,
      mockImplementation: [36m[Function: mockImplementation][39m,
      mockImplementationOnce: [36m[Function: mockImplementationOnce][39m,
      withImplementation: [36m[Function: withImplementation][39m,
      mockReturnThis: [36m[Function: mockReturnThis][39m,
      mockReturnValue: [36m[Function: mockReturnValue][39m,
      mockReturnValueOnce: [36m[Function: mockReturnValueOnce][39m,
      mockResolvedValue: [36m[Function: mockResolvedValue][39m,
      mockResolvedValueOnce: [36m[Function: mockResolvedValueOnce][39m,
      mockRejectedValue: [36m[Function: mockRejectedValue][39m,
      mockRejectedValueOnce: [36m[Function: mockRejectedValueOnce][39m,
      mockClear: [36m[Function: mockClear][39m,
      mockReset: [36m[Function: mockReset][39m,
      mockRestore: [36m[Function: mockRestore][39m,
      mockName: [36m[Function: mockName][39m,
      getMockName: [36m[Function: getMockName][39m,
      [[32mSymbol(nodejs.dispose)[39m]: [36m[Function (anonymous)][39m
    },
    subirImagen: [Function: Mock] {
      _isMockFunction: [33mtrue[39m,
      getMockImplementation: [36m[Function (anonymous)][39m,
      mock: [36m[Object][39m,
      mockImplementation: [36m[Function: mockImplementation][39m,
      mockImplementationOnce: [36m[Function: mockImplementationOnce][39m,
      withImplementation: [36m[Function: withImplementation][39m,
      mockReturnThis: [36m[Function: mockReturnThis][39m,
      mockReturnValue: [36m[Function: mockReturnValue][39m,
      mockReturnValueOnce: [36m[Function: mockReturnValueOnce][39m,
      mockResolvedValue: [36m[Function: mockResolvedValue][39m,
      mockResolvedValueOnce: [36m[Function: mockResolvedValueOnce][39m,
      mockRejectedValue: [36m[Function: mockRejectedValue][39m,
      mockRejectedValueOnce: [36m[Function: mockRejectedValueOnce][39m,
      mockClear: [36m[Function: mockClear][39m,
      mockReset: [36m[Function: mockReset][39m,
      mockRestore: [36m[Function: mockRestore][39m,
      mockName: [36m[Function: mockName][39m,
      getMockName: [36m[Function: getMockName][39m,
      [[32mSymbol(nodejs.dispose)[39m]: [36m[Function (anonymous)][39m
    },
    handleFileUpload: [Function: Mock] {
      _isMockFunction: [33mtrue[39m,
      getMockImplementation: [36m[Function (anonymous)][39m,
      mock: [36m[Object][39m,
      mockImplementation: [36m[Function: mockImplementation][39m,
      mockImplementationOnce: [36m[Function: mockImplementationOnce][39m,
      withImplementation: [36m[Function: withImplementation][39m,
      mockReturnThis: [36m[Function: mockReturnThis][39m,
      mockReturnValue: [36m[Function: mockReturnValue][39m,
      mockReturnValueOnce: [36m[Function: mockReturnValueOnce][39m,
      mockResolvedValue: [36m[Function: mockResolvedValue][39m,
      mockResolvedValueOnce: [36m[Function: mockResolvedValueOnce][39m,
      mockRejectedValue: [36m[Function: mockRejectedValue][39m,
      mockRejectedValueOnce: [36m[Function: mockRejectedValueOnce][39m,
      mockClear: [36m[Function: mockClear][39m,
      mockReset: [36m[Function: mockReset][39m,
      mockRestore: [36m[Function: mockRestore][39m,
      mockName: [36m[Function: mockName][39m,
      getMockName: [36m[Function: getMockName][39m,
      [[32mSymbol(nodejs.dispose)[39m]: [36m[Function (anonymous)][39m
    },
    verTodosAnimales: [36m[Function: verTodosAnimales][39m,
    generarReporte: [36m[Function: generarReporte][39m,
    exportarDatos: [36m[Function: exportarDatos][39m
  },
  components: {}
} 
  at <EscanearQRAdmin ref="VTU_COMPONENT" > 
  at <VTUROOT>

[90mstderr[2m | src/assets/js/escanear-qr-admin.spec.js[2m > 
[22m[2mescanear-qr-admin.js[2m > [22m[2mComponent Integration[2m > 
[22m[2mshould mount correctly
[22m[39m[Vue Router warn]: No match found for location with path ""
[Vue warn]: Component is missing template or render function:  {
  data: [36m[Function: data][39m,
  mounted: [36m[Function: mounted][39m,
  name: [32m'EscanearQRAdmin'[39m,
  escanearQRConfig: {
    authorize: [36m[Function: authorize][39m,
    successButtonColor: [32m'#007bff'[39m,
    recentScans: [ [36m[Object][39m, [36m[Object][39m, [36m[Object][39m 
],
    estadisticas: {
      totalEscaneos: [33m24[39m,
      animalesUnicos: [33m18[39m,
      tasaExito: [33m96[39m,
      tiempoPromedio: [33m2.3[39m
    }
  },
  methods: {
    iniciarEscaneo: [Function: Mock] {
      _isMockFunction: [33mtrue[39m,
      getMockImplementation: [36m[Function (anonymous)][39m,
      mock: [36m[Object][39m,
      mockImplementation: [36m[Function: mockImplementation][39m,
      mockImplementationOnce: [36m[Function: mockImplementationOnce][39m,
      withImplementation: [36m[Function: withImplementation][39m,
      mockReturnThis: [36m[Function: mockReturnThis][39m,
      mockReturnValue: [36m[Function: mockReturnValue][39m,
      mockReturnValueOnce: [36m[Function: mockReturnValueOnce][39m,
      mockResolvedValue: [36m[Function: mockResolvedValue][39m,
      mockResolvedValueOnce: [36m[Function: mockResolvedValueOnce][39m,
      mockRejectedValue: [36m[Function: mockRejectedValue][39m,
      mockRejectedValueOnce: [36m[Function: mockRejectedValueOnce][39m,
      mockClear: [36m[Function: mockClear][39m,
      mockReset: [36m[Function: mockReset][39m,
      mockRestore: [36m[Function: mockRestore][39m,
      mockName: [36m[Function: mockName][39m,
      getMockName: [36m[Function: getMockName][39m,
      [[32mSymbol(nodejs.dispose)[39m]: [36m[Function (anonymous)][39m
    },
    subirImagen: [Function: Mock] {
      _isMockFunction: [33mtrue[39m,
      getMockImplementation: [36m[Function (anonymous)][39m,
      mock: [36m[Object][39m,
      mockImplementation: [36m[Function: mockImplementation][39m,
      mockImplementationOnce: [36m[Function: mockImplementationOnce][39m,
      withImplementation: [36m[Function: withImplementation][39m,
      mockReturnThis: [36m[Function: mockReturnThis][39m,
      mockReturnValue: [36m[Function: mockReturnValue][39m,
      mockReturnValueOnce: [36m[Function: mockReturnValueOnce][39m,
      mockResolvedValue: [36m[Function: mockResolvedValue][39m,
      mockResolvedValueOnce: [36m[Function: mockResolvedValueOnce][39m,
      mockRejectedValue: [36m[Function: mockRejectedValue][39m,
      mockRejectedValueOnce: [36m[Function: mockRejectedValueOnce][39m,
      mockClear: [36m[Function: mockClear][39m,
      mockReset: [36m[Function: mockReset][39m,
      mockRestore: [36m[Function: mockRestore][39m,
      mockName: [36m[Function: mockName][39m,
      getMockName: [36m[Function: getMockName][39m,
      [[32mSymbol(nodejs.dispose)[39m]: [36m[Function (anonymous)][39m
    },
    handleFileUpload: [Function: Mock] {
      _isMockFunction: [33mtrue[39m,
      getMockImplementation: [36m[Function (anonymous)][39m,
      mock: [36m[Object][39m,
      mockImplementation: [36m[Function: mockImplementation][39m,
      mockImplementationOnce: [36m[Function: mockImplementationOnce][39m,
      withImplementation: [36m[Function: withImplementation][39m,
      mockReturnThis: [36m[Function: mockReturnThis][39m,
      mockReturnValue: [36m[Function: mockReturnValue][39m,
      mockReturnValueOnce: [36m[Function: mockReturnValueOnce][39m,
      mockResolvedValue: [36m[Function: mockResolvedValue][39m,
      mockResolvedValueOnce: [36m[Function: mockResolvedValueOnce][39m,
      mockRejectedValue: [36m[Function: mockRejectedValue][39m,
      mockRejectedValueOnce: [36m[Function: mockRejectedValueOnce][39m,
      mockClear: [36m[Function: mockClear][39m,
      mockReset: [36m[Function: mockReset][39m,
      mockRestore: [36m[Function: mockRestore][39m,
      mockName: [36m[Function: mockName][39m,
      getMockName: [36m[Function: getMockName][39m,
      [[32mSymbol(nodejs.dispose)[39m]: [36m[Function (anonymous)][39m
    },
    verTodosAnimales: [36m[Function: verTodosAnimales][39m,
    generarReporte: [36m[Function: generarReporte][39m,
    exportarDatos: [36m[Function: exportarDatos][39m
  },
  components: {}
} 
  at <EscanearQRAdmin ref="VTU_COMPONENT" > 
  at <VTUROOT>

 [32mÔ£ô[39m src/views/public/Contacto.spec.js [2m([22m[2m1 test[22m[2m)[22m[32m 168[2mms[22m[39m
 [32mÔ£ô[39m src/assets/js/escanear-qr-admin.spec.js [2m([22m[2m12 tests[22m[2m)[22m[32m 200[2mms[22m[39m
 [32mÔ£ô[39m src/components/HelloWorld.spec.js [2m([22m[2m2 tests[22m[2m)[22m[32m 153[2mms[22m[39m
 [32mÔ£ô[39m src/composables/useGanado.spec.js [2m([22m[2m46 tests[22m[2m)[22m[32m 181[2mms[22m[39m
 [32mÔ£ô[39m src/composables/usePotreros.spec.js [2m([22m[2m48 tests[22m[2m)[22m[32m 113[2mms[22m[39m
[90mstderr[2m | src/composables/useReportes.spec.js[2m > 
[22m[2museReportes[2m > [22m[2mshould handle error when loading summary
[22m[39m[useReportes] Error cargando resumen: Error: Error al cargar resumen
    at C:/Users/josed/Documents/QR-FARM/frontend/src/composables/useReportes.sp
ec.js:55:1
    at [90mfile:///C:/Users/josed/Documents/QR-FARM/frontend/[39mnode_modules
/[4m@vitest[24m/runner/dist/index.js:145:11
    at [90mfile:///C:/Users/josed/Documents/QR-FARM/frontend/[39mnode_modules
/[4m@vitest[24m/runner/dist/index.js:919:26
    at [90mfile:///C:/Users/josed/Documents/QR-FARM/frontend/[39mnode_modules
/[4m@vitest[24m/runner/dist/index.js:1244:20
    at new Promise (<anonymous>)
    at runWithTimeout [90m(file:///C:/Users/josed/Documents/QR-FARM/frontend/
[39mnode_modules/[4m@vitest[24m/runner/dist/index.js:1210:10[90m)[39m
    at [90mfile:///C:/Users/josed/Documents/QR-FARM/frontend/[39mnode_modules
/[4m@vitest[24m/runner/dist/index.js:1654:37
    at Traces.$ [90m(file:///C:/Users/josed/Documents/QR-FARM/frontend/[39mno
de_modules/[4mvitest[24m/dist/chunks/traces.U4xDYhzZ.js:115:27[90m)[39m
    at trace [90m(file:///C:/Users/josed/Documents/QR-FARM/frontend/[39mnode_
modules/[4mvitest[24m/dist/chunks/test.DqQZzsWf.js:234:21[90m)[39m
    at runTest [90m(file:///C:/Users/josed/Documents/QR-FARM/frontend/[39mnod
e_modules/[4m@vitest[24m/runner/dist/index.js:1654:12[90m)[39m

[90mstderr[2m | src/composables/useReportes.spec.js[2m > 
[22m[2museReportes[2m > [22m[2mshould handle error when downloading PDF
[22m[39m[useReportes] Error descargando PDF: Error: Error al descargar
    at C:/Users/josed/Documents/QR-FARM/frontend/src/composables/useReportes.sp
ec.js:80:1
    at [90mfile:///C:/Users/josed/Documents/QR-FARM/frontend/[39mnode_modules
/[4m@vitest[24m/runner/dist/index.js:145:11
    at [90mfile:///C:/Users/josed/Documents/QR-FARM/frontend/[39mnode_modules
/[4m@vitest[24m/runner/dist/index.js:919:26
    at [90mfile:///C:/Users/josed/Documents/QR-FARM/frontend/[39mnode_modules
/[4m@vitest[24m/runner/dist/index.js:1244:20
    at new Promise (<anonymous>)
    at runWithTimeout [90m(file:///C:/Users/josed/Documents/QR-FARM/frontend/
[39mnode_modules/[4m@vitest[24m/runner/dist/index.js:1210:10[90m)[39m
    at [90mfile:///C:/Users/josed/Documents/QR-FARM/frontend/[39mnode_modules
/[4m@vitest[24m/runner/dist/index.js:1654:37
    at Traces.$ [90m(file:///C:/Users/josed/Documents/QR-FARM/frontend/[39mno
de_modules/[4mvitest[24m/dist/chunks/traces.U4xDYhzZ.js:115:27[90m)[39m
    at trace [90m(file:///C:/Users/josed/Documents/QR-FARM/frontend/[39mnode_
modules/[4mvitest[24m/dist/chunks/test.DqQZzsWf.js:234:21[90m)[39m
    at runTest [90m(file:///C:/Users/josed/Documents/QR-FARM/frontend/[39mnod
e_modules/[4m@vitest[24m/runner/dist/index.js:1654:12[90m)[39m

[90mstderr[2m | src/composables/useReportes.spec.js[2m > 
[22m[2museReportes[2m > [22m[2mshould handle 401 error and redirect to 
login if no email
[22m[39m[useReportes] No hay credenciales almacenadas para renovar el token. 
Redirigiendo a login.

[90mstderr[2m | src/composables/useReportes.spec.js[2m > 
[22m[2museReportes[2m > [22m[2mshould handle 401 error and redirect to 
login if no email
[22m[39m[useReportes] Error cargando resumen: Error: No hay credenciales 
almacenadas para renovar el token. Redirigiendo a login.
    at renovarToken (C:/Users/josed/Documents/QR-FARM/frontend/src/composables/
useReportes.js:55:13)
    at obtenerResumenConRenovacion (C:/Users/josed/Documents/QR-FARM/frontend/s
rc/composables/useReportes.js:35:15)
[90m    at processTicksAndRejections 
(node:internal/process/task_queues:105:5)[39m
    at cargarResumen 
(C:/Users/josed/Documents/QR-FARM/frontend/src/composables/useReportes.js:13:7)
    at C:/Users/josed/Documents/QR-FARM/frontend/src/composables/useReportes.sp
ec.js:95:1
    at [90mfile:///C:/Users/josed/Documents/QR-FARM/frontend/[39mnode_modules
/[4m@vitest[24m/runner/dist/index.js:919:20

[90mstderr[2m | src/composables/useReportes.spec.js[2m > 
[22m[2museReportes[2m > [22m[2mshould handle 401 error with stored email
[22m[39m[useReportes] Error cargando resumen: Error: Token expirado. Por 
favor, inicia sesi├│n nuevamente.
    at renovarToken (C:/Users/josed/Documents/QR-FARM/frontend/src/composables/
useReportes.js:58:11)
    at obtenerResumenConRenovacion (C:/Users/josed/Documents/QR-FARM/frontend/s
rc/composables/useReportes.js:35:15)
[90m    at processTicksAndRejections 
(node:internal/process/task_queues:105:5)[39m
    at cargarResumen 
(C:/Users/josed/Documents/QR-FARM/frontend/src/composables/useReportes.js:13:7)
    at C:/Users/josed/Documents/QR-FARM/frontend/src/composables/useReportes.sp
ec.js:114:1
    at [90mfile:///C:/Users/josed/Documents/QR-FARM/frontend/[39mnode_modules
/[4m@vitest[24m/runner/dist/index.js:919:20

Not implemented: navigation to another Document
 [32mÔ£ô[39m src/composables/useReportes.spec.js [2m([22m[2m8 tests[22m[2m)[22m[32m 125[2mms[22m[39m
 [32mÔ£ô[39m src/components/potreros/PotreroCard.spec.js [2m([22m[2m1 test[22m[2m)[22m[32m 163[2mms[22m[39m
 [32mÔ£ô[39m src/components/Footer.spec.js [2m([22m[2m1 test[22m[2m)[22m[32m 93[2mms[22m[39m
 [32mÔ£ô[39m src/composables/useUsuarios.spec.js [2m([22m[2m17 tests[22m[2m)[22m[32m 77[2mms[22m[39m
[90mstderr[2m | src/assets/js/gestionar-potreros-admin.spec.js[2m > 
[22m[2mgestionar-potreros-admin.js[2m > [22m[2mshould return reactive 
variables and functions from setup
[22m[39m[Vue warn]: onMounted is called when there is no active component 
instance to be associated with. Lifecycle injection APIs can only be used 
during execution of setup(). If you are using async setup(), make sure to 
register lifecycle hooks before the first await statement.

[90mstderr[2m | src/assets/js/gestionar-potreros-admin.spec.js[2m > 
[22m[2mgestionar-potreros-admin.js[2m > [22m[2mshould mount component 
correctly
[22m[39m[Vue warn]: Component is missing template or render function:  { 
name: [32m'GestionarPotreros'[39m, setup: [36m[Function: setup][39m, 
components: {} } 
  at <GestionarPotreros ref="VTU_COMPONENT" > 
  at <VTUROOT>

 [32mÔ£ô[39m src/assets/js/gestionar-potreros-admin.spec.js [2m([22m[2m4 tests[22m[2m)[22m[32m 108[2mms[22m[39m
 [32mÔ£ô[39m src/views/user/RegistroVacunacionUsuario.spec.js [2m([22m[2m1 test[22m[2m)[22m[32m 109[2mms[22m[39m
 [32mÔ£ô[39m src/assets/js/registro-vacunacion-admin.spec.js [2m([22m[2m14 tests[22m[2m)[22m[32m 117[2mms[22m[39m
 [32mÔ£ô[39m src/services/authService.spec.js [2m([22m[2m63 tests[22m[2m)[22m[32m 83[2mms[22m[39m
[90mstderr[2m | src/assets/js/gestionar-potreros-usuario.spec.js[2m > 
[22m[2museGestionarPotrerosUsuario[2m > [22m[2mshould initialize with 
default values
[22m[39m[Vue warn]: onMounted is called when there is no active component 
instance to be associated with. Lifecycle injection APIs can only be used 
during execution of setup(). If you are using async setup(), make sure to 
register lifecycle hooks before the first await statement.

[90mstderr[2m | src/assets/js/gestionar-potreros-usuario.spec.js[2m > 
[22m[2museGestionarPotrerosUsuario[2m > [22m[2mshould call cargarPotreros 
on mount
[22m[39m[Vue warn]: onMounted is called when there is no active component 
instance to be associated with. Lifecycle injection APIs can only be used 
during execution of setup(). If you are using async setup(), make sure to 
register lifecycle hooks before the first await statement.

[90mstderr[2m | src/assets/js/gestionar-potreros-usuario.spec.js[2m > 
[22m[2museGestionarPotrerosUsuario[2m > [22m[2mestadosDisponibles 
computed[2m > [22m[2mshould return empty array when no potreros
[22m[39m[Vue warn]: onMounted is called when there is no active component 
instance to be associated with. Lifecycle injection APIs can only be used 
during execution of setup(). If you are using async setup(), make sure to 
register lifecycle hooks before the first await statement.

[90mstderr[2m | src/assets/js/gestionar-potreros-usuario.spec.js[2m > 
[22m[2museGestionarPotrerosUsuario[2m > [22m[2mestadosDisponibles 
computed[2m > [22m[2mshould extract unique estados from potreros
[22m[39m[Vue warn]: onMounted is called when there is no active component 
instance to be associated with. Lifecycle injection APIs can only be used 
during execution of setup(). If you are using async setup(), make sure to 
register lifecycle hooks before the first await statement.

[90mstderr[2m | src/assets/js/gestionar-potreros-usuario.spec.js[2m > 
[22m[2museGestionarPotrerosUsuario[2m > [22m[2mtiposPasto computed[2m > 
[22m[2mshould return empty array when no potreros
[22m[39m[Vue warn]: onMounted is called when there is no active component 
instance to be associated with. Lifecycle injection APIs can only be used 
during execution of setup(). If you are using async setup(), make sure to 
register lifecycle hooks before the first await statement.

[90mstderr[2m | src/assets/js/gestionar-potreros-usuario.spec.js[2m > 
[22m[2museGestionarPotrerosUsuario[2m > [22m[2mtiposPasto computed[2m > 
[22m[2mshould extract tipos from tipo_pasto_nombre
[22m[39m[Vue warn]: onMounted is called when there is no active component 
instance to be associated with. Lifecycle injection APIs can only be used 
during execution of setup(). If you are using async setup(), make sure to 
register lifecycle hooks before the first await statement.

[90mstdout[2m | src/composables/useTenants.spec.js[2m > [22m[2museTenants[2m > [22m[2mshould load tenants successfully
[22m[39m[useTenants] Cargando tenants - activosOnly: [33mtrue[39m

[90mstdout[2m | src/composables/useTenants.spec.js[2m > [22m[2museTenants[2m > [22m[2mshould load tenants successfully
[22m[39m[useTenants] Respuesta recibida: { status: [32m'success'[39m, data: [ { id: [33m1[39m, nombre: [32m'Tenant 1'[39m } ] }
[useTenants] Tenants cargados: [33m1[39m

[90mstderr[2m | src/assets/js/gestionar-potreros-usuario.spec.js[2m > 
[22m[2museGestionarPotrerosUsuario[2m > [22m[2mtiposPasto computed[2m > 
[22m[2mshould extract tipos from tipo_pasto when tipo_pasto_nombre not 
available
[22m[39m[Vue warn]: onMounted is called when there is no active component 
instance to be associated with. Lifecycle injection APIs can only be used 
during execution of setup(). If you are using async setup(), make sure to 
register lifecycle hooks before the first await statement.

[90mstderr[2m | src/assets/js/gestionar-potreros-usuario.spec.js[2m > 
[22m[2museGestionarPotrerosUsuario[2m > [22m[2mpotrerosFiltrados 
computed[2m > [22m[2mshould return all potreros when no filters
[22m[39m[Vue warn]: onMounted is called when there is no active component 
instance to be associated with. Lifecycle injection APIs can only be used 
during execution of setup(). If you are using async setup(), make sure to 
register lifecycle hooks before the first await statement.

[90mstdout[2m | src/composables/useTenants.spec.js[2m > [22m[2museTenants[2m > [22m[2mshould handle error when loading tenants
[22m[39m[useTenants] Cargando tenants - activosOnly: [33mtrue[39m

[90mstderr[2m | src/assets/js/gestionar-potreros-usuario.spec.js[2m > 
[22m[2museGestionarPotrerosUsuario[2m > [22m[2mpotrerosFiltrados 
computed[2m > [22m[2mshould filter by nombre
[22m[39m[Vue warn]: onMounted is called when there is no active component 
instance to be associated with. Lifecycle injection APIs can only be used 
during execution of setup(). If you are using async setup(), make sure to 
register lifecycle hooks before the first await statement.

[90mstderr[2m | src/assets/js/gestionar-potreros-usuario.spec.js[2m > 
[22m[2museGestionarPotrerosUsuario[2m > [22m[2mpotrerosFiltrados 
computed[2m > [22m[2mshould filter by estado
[22m[39m[Vue warn]: onMounted is called when there is no active component 
instance to be associated with. Lifecycle injection APIs can only be used 
during execution of setup(). If you are using async setup(), make sure to 
register lifecycle hooks before the first await statement.

[90mstderr[2m | src/assets/js/gestionar-potreros-usuario.spec.js[2m > 
[22m[2museGestionarPotrerosUsuario[2m > [22m[2mpotrerosFiltrados 
computed[2m > [22m[2mshould filter by tipo_pasto
[22m[39m[Vue warn]: onMounted is called when there is no active component 
instance to be associated with. Lifecycle injection APIs can only be used 
during execution of setup(). If you are using async setup(), make sure to 
register lifecycle hooks before the first await statement.

[90mstderr[2m | src/assets/js/gestionar-potreros-usuario.spec.js[2m > 
[22m[2museGestionarPotrerosUsuario[2m > [22m[2mpotrerosFiltrados 
computed[2m > [22m[2mshould filter by tipo_pasto_nombre
[22m[39m[Vue warn]: onMounted is called when there is no active component 
instance to be associated with. Lifecycle injection APIs can only be used 
during execution of setup(). If you are using async setup(), make sure to 
register lifecycle hooks before the first await statement.

[90mstderr[2m | src/composables/useTenants.spec.js[2m > 
[22m[2museTenants[2m > [22m[2mshould handle error when loading tenants
[22m[39m[useTenants] Error cargando tenants: Error: Error al cargar tenants
    at C:/Users/josed/Documents/QR-FARM/frontend/src/composables/useTenants.spe
c.js:51:1
    at [90mfile:///C:/Users/josed/Documents/QR-FARM/frontend/[39mnode_modules
/[4m@vitest[24m/runner/dist/index.js:145:11
    at [90mfile:///C:/Users/josed/Documents/QR-FARM/frontend/[39mnode_modules
/[4m@vitest[24m/runner/dist/index.js:919:26
    at [90mfile:///C:/Users/josed/Documents/QR-FARM/frontend/[39mnode_modules
/[4m@vitest[24m/runner/dist/index.js:1244:20
    at new Promise (<anonymous>)
    at runWithTimeout [90m(file:///C:/Users/josed/Documents/QR-FARM/frontend/
[39mnode_modules/[4m@vitest[24m/runner/dist/index.js:1210:10[90m)[39m
    at [90mfile:///C:/Users/josed/Documents/QR-FARM/frontend/[39mnode_modules
/[4m@vitest[24m/runner/dist/index.js:1654:37
    at Traces.$ [90m(file:///C:/Users/josed/Documents/QR-FARM/frontend/[39mno
de_modules/[4mvitest[24m/dist/chunks/traces.U4xDYhzZ.js:115:27[90m)[39m
    at trace [90m(file:///C:/Users/josed/Documents/QR-FARM/frontend/[39mnode_
modules/[4mvitest[24m/dist/chunks/test.DqQZzsWf.js:234:21[90m)[39m
    at runTest [90m(file:///C:/Users/josed/Documents/QR-FARM/frontend/[39mnod
e_modules/[4m@vitest[24m/runner/dist/index.js:1654:12[90m)[39m

[90mstderr[2m | src/assets/js/gestionar-potreros-usuario.spec.js[2m > 
[22m[2museGestionarPotrerosUsuario[2m > [22m[2mpotrerosFiltrados 
computed[2m > [22m[2mshould filter by multiple criteria
[22m[39m[Vue warn]: onMounted is called when there is no active component 
instance to be associated with. Lifecycle injection APIs can only be used 
during execution of setup(). If you are using async setup(), make sure to 
register lifecycle hooks before the first await statement.

[90mstdout[2m | src/composables/useTenants.spec.js[2m > [22m[2museTenants[2m > [22m[2mshould create tenant successfully
[22m[39m[useTenants] Cargando tenants - activosOnly: [33mfalse[39m

[90mstdout[2m | src/composables/useTenants.spec.js[2m > [22m[2museTenants[2m > [22m[2mshould create tenant successfully
[22m[39m[useTenants] Respuesta recibida: { status: [32m'success'[39m, data: [] }
[useTenants] Tenants cargados: [33m0[39m

[90mstderr[2m | src/assets/js/gestionar-potreros-usuario.spec.js[2m > 
[22m[2museGestionarPotrerosUsuario[2m > [22m[2mcapitalizar[2m > 
[22m[2mshould capitalize first letter
[22m[39m[Vue warn]: onMounted is called when there is no active component 
instance to be associated with. Lifecycle injection APIs can only be used 
during execution of setup(). If you are using async setup(), make sure to 
register lifecycle hooks before the first await statement.

[90mstderr[2m | src/assets/js/gestionar-potreros-usuario.spec.js[2m > 
[22m[2museGestionarPotrerosUsuario[2m > [22m[2mcapitalizar[2m > 
[22m[2mshould return empty string for null/undefined
[22m[39m[Vue warn]: onMounted is called when there is no active component 
instance to be associated with. Lifecycle injection APIs can only be used 
during execution of setup(). If you are using async setup(), make sure to 
register lifecycle hooks before the first await statement.

[90mstderr[2m | src/assets/js/gestionar-potreros-usuario.spec.js[2m > 
[22m[2museGestionarPotrerosUsuario[2m > [22m[2mcapitalizar[2m > 
[22m[2mshould handle non-string values
[22m[39m[Vue warn]: onMounted is called when there is no active component 
instance to be associated with. Lifecycle injection APIs can only be used 
during execution of setup(). If you are using async setup(), make sure to 
register lifecycle hooks before the first await statement.

[90mstdout[2m | src/composables/useTenants.spec.js[2m > [22m[2museTenants[2m > [22m[2mshould update tenant successfully
[22m[39m[useTenants] Cargando tenants - activosOnly: [33mfalse[39m

[90mstdout[2m | src/composables/useTenants.spec.js[2m > [22m[2museTenants[2m > [22m[2mshould update tenant successfully
[22m[39m[useTenants] Respuesta recibida: { status: [32m'success'[39m, data: [] }
[useTenants] Tenants cargados: [33m0[39m

[90mstderr[2m | src/assets/js/gestionar-potreros-usuario.spec.js[2m > 
[22m[2museGestionarPotrerosUsuario[2m > [22m[2mformatearFecha[2m > 
[22m[2mshould format valid date
[22m[39m[Vue warn]: onMounted is called when there is no active component 
instance to be associated with. Lifecycle injection APIs can only be used 
during execution of setup(). If you are using async setup(), make sure to 
register lifecycle hooks before the first await statement.

[90mstderr[2m | src/assets/js/gestionar-potreros-usuario.spec.js[2m > 
[22m[2museGestionarPotrerosUsuario[2m > [22m[2mformatearFecha[2m > 
[22m[2mshould return "No registrada" for null/undefined
[22m[39m[Vue warn]: onMounted is called when there is no active component 
instance to be associated with. Lifecycle injection APIs can only be used 
during execution of setup(). If you are using async setup(), make sure to 
register lifecycle hooks before the first await statement.

[90mstderr[2m | src/assets/js/gestionar-potreros-usuario.spec.js[2m > 
[22m[2museGestionarPotrerosUsuario[2m > [22m[2mformatearFecha[2m > 
[22m[2mshould handle invalid date gracefully
[22m[39m[Vue warn]: onMounted is called when there is no active component 
instance to be associated with. Lifecycle injection APIs can only be used 
during execution of setup(). If you are using async setup(), make sure to 
register lifecycle hooks before the first await statement.

 [32mÔ£ô[39m src/composables/useTenants.spec.js [2m([22m[2m8 tests[22m[2m)[22m[32m 53[2mms[22m[39m
 [32mÔ£ô[39m src/assets/js/gestionar-potreros-usuario.spec.js [2m([22m[2m20 tests[22m[2m)[22m[32m 117[2mms[22m[39m
 [32mÔ£ô[39m src/router/auth.spec.js [2m([22m[2m19 tests[22m[2m)[22m[32m 26[2mms[22m[39m
 [32mÔ£ô[39m src/composables/useTenantSelection.spec.js [2m([22m[2m7 tests[22m[2m)[22m[32m 18[2mms[22m[39m
 [32mÔ£ô[39m src/assets/js/registro-vacunacion-usuario.spec.js [2m([22m[2m4 tests[22m[2m)[22m[32m 8[2mms[22m[39m
 [32mÔ£ô[39m src/socket.spec.js [2m([22m[2m2 tests[22m[2m)[22m[32m 10[2mms[22m[39m
 [32mÔ£ô[39m src/simple.test.js [2m([22m[2m1 test[22m[2m)[22m[32m 8[2mms[22m[39m
 [32mÔ£ô[39m src/test-no-import.spec.js [2m([22m[2m1 test[22m[2m)[22m[32m 7[2mms[22m[39m
 [32mÔ£ô[39m src/utils.test.js [2m([22m[2m1 test[22m[2m)[22m[32m 5[2mms[22m[39m

[31mÔÄ»ÔÄ»ÔÄ»ÔÄ»ÔÄ»ÔÄ»[39m[1m[41m Failed Suites 1 
[49m[22m[31mÔÄ»ÔÄ»ÔÄ»ÔÄ»ÔÄ»ÔÄ»ÔÄ»[39m

[41m[1m FAIL [22m[49m src/views/user/GestionarPotrerosUsuario.spec.js[2m 
[ src/views/user/GestionarPotrerosUsuario.spec.js ][22m
[31m[1mRollupError[22m: Parse failure: await isn't allowed in non-async 
function
At file: /src/views/user/GestionarPotrerosUsuario.spec.js:192:6[39m
  File: [36m/src/views/user/GestionarPotrerosUsuario.spec.js[39m:192:6
[33m  194 |        const estadoSelect = 
wrapper.find('#usuario-filtro-estado-potrero')
  195 |        expect(estadoSelect.exists()).toBe(true)
  196 |        expect(wrapper.text()).toContain('Todos los estados')
      |                                                ^
  197 |      })
  198 |  [39m
[90m [2mÔØ»[22m getRollupError 
node_modules/rollup/dist/es/shared/parseAst.js:[2m401:41[22m[39m
[90m [2mÔØ»[22m convertProgram 
node_modules/rollup/dist/es/shared/parseAst.js:[2m1098:26[22m[39m
[90m [2mÔØ»[22m parseAstAsync 
node_modules/rollup/dist/es/shared/parseAst.js:[2m2084:106[22m[39m
[90m [2mÔØ»[22m ssrTransformScript 
node_modules/vite/dist/node/chunks/config.js:[2m18791:9[22m[39m
[90m [2mÔØ»[22m loadAndTransform 
node_modules/vite/dist/node/chunks/config.js:[2m26074:64[22m[39m

[31m[2mÔÄ»ÔÄ»ÔÄ»ÔÄ»ÔÄ»ÔÄ»ÔÄ»ÔÄ»ÔÄ»ÔÄ»ÔÄ»ÔÄ»ÔÄ»ÔÄ»ÔÄ»ÔÄ»ÔÄ»ÔÄ»ÔÄ»ÔÄ»ÔÄ»ÔÄ»ÔÄ»Ô
Ä»[1/6]ÔÄ»[22m[39m


[31mÔÄ»ÔÄ»ÔÄ»ÔÄ»ÔÄ»ÔÄ»ÔÄ»[39m[1m[41m Failed Tests 5 
[49m[22m[31mÔÄ»ÔÄ»ÔÄ»ÔÄ»ÔÄ»ÔÄ»ÔÄ»[39m

[41m[1m FAIL [22m[49m src/views/admin/ReportesAdmin.spec.js[2m > 
[22mReportesAdmin.vue[2m > [22mError state[2m > [22mshould show error 
message when error exists
[31m[1mAssertionError[22m: expected 'Reportes y Anal├¡ticaResumen 
consolidaÔÇª' to contain 'Error al cargar reportes'[39m

Expected: [32m"Error al cargar reportes"[39m
Received: [31m"Reportes y Anal├¡ticaResumen consolidado del sistema QR-FARM 
Descargar PDF Cargando informaci├│n..."[39m

[36m [2mÔØ»[22m src/views/admin/ReportesAdmin.spec.js:[2m126:7[22m[39m
    [90m124| [39m      [34mexpect[39m(wrapper[33m.[39m[34mtext[39m())[
33m.[39m[34mtoContain[39m([32m'Error al cargar reportes'[39m)
    [90m125| [39m      [34mexpect[39m(wrapper[33m.[39m[34mfind[39m([32
m'.alert-danger'[39m)[33m.[39m[34mexists[39m())[33m.[39m[34mtoBe[39m(
[35mtrue[39m)
    [90m126| [39m    })
    [90m   | [39m      [31m^[39m
    [90m127| [39m  })
    [90m128| [39m

[31m[2mÔÄ»ÔÄ»ÔÄ»ÔÄ»ÔÄ»ÔÄ»ÔÄ»ÔÄ»ÔÄ»ÔÄ»ÔÄ»ÔÄ»ÔÄ»ÔÄ»ÔÄ»ÔÄ»ÔÄ»ÔÄ»ÔÄ»ÔÄ»ÔÄ»ÔÄ»ÔÄ»Ô
Ä»[2/6]ÔÄ»[22m[39m

[41m[1m FAIL [22m[49m src/views/admin/ReportesAdmin.spec.js[2m > 
[22mReportesAdmin.vue[2m > [22mContent display[2m > [22mshould display 
summary cards when resumen exists
[31m[1mAssertionError[22m: expected 'Reportes y Anal├¡ticaResumen 
consolidaÔÇª' to contain 'Usuarios'[39m

Expected: [32m"Usuarios"[39m
Received: [31m"Reportes y Anal├¡ticaResumen consolidado del sistema QR-FARM 
Descargar PDF Cargando informaci├│n..."[39m

[36m [2mÔØ»[22m src/views/admin/ReportesAdmin.spec.js:[2m161:7[22m[39m
    [90m159| [39m      [34mexpect[39m(wrapper[33m.[39m[34mtext[39m())[
33m.[39m[34mtoContain[39m([32m'Usuarios'[39m)
    [90m160| [39m      [34mexpect[39m(wrapper[33m.[39m[34mtext[39m())[
33m.[39m[34mtoContain[39m([32m'Ganado'[39m)
    [90m161| [39m    })
    [90m   | [39m      [31m^[39m
    [90m162| [39m
    [90m163| [39m    [34mit[39m([32m'should display card 
totals'[39m[33m,[39m [35masync[39m () [33m=>[39m {

[31m[2mÔÄ»ÔÄ»ÔÄ»ÔÄ»ÔÄ»ÔÄ»ÔÄ»ÔÄ»ÔÄ»ÔÄ»ÔÄ»ÔÄ»ÔÄ»ÔÄ»ÔÄ»ÔÄ»ÔÄ»ÔÄ»ÔÄ»ÔÄ»ÔÄ»ÔÄ»ÔÄ»Ô
Ä»[3/6]ÔÄ»[22m[39m

[41m[1m FAIL [22m[49m src/views/admin/ReportesAdmin.spec.js[2m > 
[22mReportesAdmin.vue[2m > [22mContent display[2m > [22mshould display 
card totals
[31m[1mAssertionError[22m: expected 'Reportes y Anal├¡ticaResumen 
consolidaÔÇª' to contain '50'[39m

Expected: [32m"50"[39m
Received: [31m"Reportes y Anal├¡ticaResumen consolidado del sistema QR-FARM 
Descargar PDF Cargando informaci├│n..."[39m

[36m [2mÔØ»[22m src/views/admin/ReportesAdmin.spec.js:[2m173:7[22m[39m
    [90m171| [39m      [34mexpect[39m(wrapper[33m.[39m[34mtext[39m())[
33m.[39m[34mtoContain[39m([32m'50'[39m)
    [90m172| [39m      [34mexpect[39m(wrapper[33m.[39m[34mtext[39m())[
33m.[39m[34mtoContain[39m([32m'100'[39m)
    [90m173| [39m    })
    [90m   | [39m      [31m^[39m
    [90m174| [39m
    [90m175| [39m    [34mit[39m([32m'should display download 
button'[39m[33m,[39m [35masync[39m () [33m=>[39m {

[31m[2mÔÄ»ÔÄ»ÔÄ»ÔÄ»ÔÄ»ÔÄ»ÔÄ»ÔÄ»ÔÄ»ÔÄ»ÔÄ»ÔÄ»ÔÄ»ÔÄ»ÔÄ»ÔÄ»ÔÄ»ÔÄ»ÔÄ»ÔÄ»ÔÄ»ÔÄ»ÔÄ»Ô
Ä»[4/6]ÔÄ»[22m[39m

[41m[1m FAIL [22m[49m src/views/admin/ReportesAdmin.spec.js[2m > 
[22mReportesAdmin.vue[2m > [22mContent display[2m > [22mshould call 
descargarReporte when button is clicked
[31m[1mAssertionError[22m: expected "vi.fn()" to be called at least 
once[39m
[36m [2mÔØ»[22m src/views/admin/ReportesAdmin.spec.js:[2m215:5[22m[39m
    [90m213| [39m      
[34mexpect[39m(mockDescargarReporte)[33m.[39m[34mtoHaveBeenCalled[39m()
    [90m214| [39m    })
    [90m215| [39m  })
    [90m   | [39m    [31m^[39m
    [90m216| [39m})
    [90m217| [39m

[31m[2mÔÄ»ÔÄ»ÔÄ»ÔÄ»ÔÄ»ÔÄ»ÔÄ»ÔÄ»ÔÄ»ÔÄ»ÔÄ»ÔÄ»ÔÄ»ÔÄ»ÔÄ»ÔÄ»ÔÄ»ÔÄ»ÔÄ»ÔÄ»ÔÄ»ÔÄ»ÔÄ»Ô
Ä»[5/6]ÔÄ»[22m[39m

[41m[1m FAIL [22m[49m src/views/user/GestionarAnimalesUsuario.spec.js[2m 
> [22mGestionarAnimalesUsuario.vue[2m > [22mUpdate button[2m > [22mshould 
show sync icon when not loading
[31m[1mAssertionError[22m: expected '<button data-v-fb359faf="" 
class="btnÔÇª' to contain 'fa-sync-alt'[39m

Expected: [32m"fa-sync-alt"[39m
Received: [31m"<button data-v-fb359faf="" class="btn btn-outline-success" 
disabled=""><span data-v-fb359faf="" class="spinner-border spinner-border-sm 
me-2"></span>Actualizar </button>"[39m

[36m [2mÔØ»[22m 
src/views/user/GestionarAnimalesUsuario.spec.js:[2m586:63[22m[39m
    [90m579| [39m    })
    [90m580| [39m  })
    [90m581| [39m})
    [90m   | [39m   [31m^[39m
    [90m582| [39m

[31m[2mÔÄ»ÔÄ»ÔÄ»ÔÄ»ÔÄ»ÔÄ»ÔÄ»ÔÄ»ÔÄ»ÔÄ»ÔÄ»ÔÄ»ÔÄ»ÔÄ»ÔÄ»ÔÄ»ÔÄ»ÔÄ»ÔÄ»ÔÄ»ÔÄ»ÔÄ»ÔÄ»Ô
Ä»[6/6]ÔÄ»[22m[39m


[2m Test Files [22m [1m[31m3 failed[39m[22m[2m | [22m[1m[32m67 passed[39m[22m[90m (70)[39m
[2m      Tests [22m [1m[31m5 failed[39m[22m[2m | [22m[1m[32m1589 passed[39m[22m[90m (1594)[39m
[2m   Start at [22m 06:34:08
[2m   Duration [22m 45.74s[2m (transform 13.45s, setup 47.67s, import 50.38s, tests 51.99s, environment 232.88s)[22m

